Component: ARM Compiler 5.06 update 7 (build 960) Tool: armlink [4d3601]

==============================================================================

Section Cross References

    startup_fm33lc0xx.o(STACK) refers (Special) to heapauxi.o(.text) for __use_two_region_memory
    startup_fm33lc0xx.o(HEAP) refers (Special) to heapauxi.o(.text) for __use_two_region_memory
    startup_fm33lc0xx.o(RESET) refers (Special) to heapauxi.o(.text) for __use_two_region_memory
    startup_fm33lc0xx.o(RESET) refers to startup_fm33lc0xx.o(STACK) for __initial_sp
    startup_fm33lc0xx.o(RESET) refers to startup_fm33lc0xx.o(.text) for Reset_Handler
    startup_fm33lc0xx.o(RESET) refers to wkup.o(i.NMI_Handler) for NMI_Handler
    startup_fm33lc0xx.o(RESET) refers to usb.o(i.USB_IRQHandler) for USB_IRQHandler
    startup_fm33lc0xx.o(RESET) refers to usb.o(i.BSTIM_IRQHandler) for BSTIM_IRQHandler
    startup_fm33lc0xx.o(.text) refers (Special) to heapauxi.o(.text) for __use_two_region_memory
    startup_fm33lc0xx.o(.text) refers to system_fm33lc0xx.o(i.SystemInit) for SystemInit
    startup_fm33lc0xx.o(.text) refers to __main.o(!!!main) for __main
    startup_fm33lc0xx.o(.text) refers to startup_fm33lc0xx.o(HEAP) for Heap_Mem
    startup_fm33lc0xx.o(.text) refers to startup_fm33lc0xx.o(STACK) for Stack_Mem
    mf_config.o(i.MF_Clock_Init) refers to fm33lc0xx_ll_gpio.o(i.LL_GPIO_ALLPIN_LPM_MODE) for LL_GPIO_ALLPIN_LPM_MODE
    main.o(i.RTC_BuildSignature) refers to main.o(i.fnv1a32_step) for fnv1a32_step
    main.o(i.RTC_ParseBuildDateTime) refers to main.o(i.month_from_abbr3) for month_from_abbr3
    main.o(i.RTC_ParseBuildDateTime) refers to main.o(i.dec2) for dec2
    main.o(i.RTC_ReadTimeHMS) refers to main.o(i.bcd2bin) for bcd2bin
    main.o(i.RTC_SimpleInit_IfNeeded) refers to main.o(i.RTC_BuildSignature) for RTC_BuildSignature
    main.o(i.RTC_SimpleInit_IfNeeded) refers to main.o(i.RTC_ParseBuildDateTime) for RTC_ParseBuildDateTime
    main.o(i.RTC_SimpleInit_IfNeeded) refers to main.o(i.weekday_iso_1_7) for weekday_iso_1_7
    main.o(i.RTC_SimpleInit_IfNeeded) refers to main.o(i.bin2bcd) for bin2bcd
    main.o(i.RTC_SimpleInit_IfNeeded) refers to aeabi_sdiv.o(.text) for __aeabi_uidivmod
    main.o(i.bin2bcd) refers to aeabi_sdiv.o(.text) for __aeabi_uidivmod
    main.o(i.main) refers to _printf_pad.o(.text) for _printf_pre_padding
    main.o(i.main) refers to _printf_percent.o(.ARM.Collect$$_printf_percent$$00000000) for _printf_percent
    main.o(i.main) refers to _printf_d.o(.ARM.Collect$$_printf_percent$$00000009) for _printf_d
    main.o(i.main) refers to _printf_u.o(.ARM.Collect$$_printf_percent$$0000000A) for _printf_u
    main.o(i.main) refers to _printf_dec.o(.text) for _printf_int_dec
    main.o(i.main) refers to mf_config.o(i.MF_Clock_Init) for MF_Clock_Init
    main.o(i.main) refers to mf_config.o(i.MF_SystemClock_Config) for MF_SystemClock_Config
    main.o(i.main) refers to mf_config.o(i.MF_Config_Init) for MF_Config_Init
    main.o(i.main) refers to user_init.o(i.UserInit) for UserInit
    main.o(i.main) refers to main.o(i.RTC_SimpleInit_IfNeeded) for RTC_SimpleInit_IfNeeded
    main.o(i.main) refers to wkup.o(i.WKUP_init) for WKUP_init
    main.o(i.main) refers to wkup.o(i.WKUP_USB_init) for WKUP_USB_init
    main.o(i.main) refers to main.o(i.LL_GPIO_IsInputPinSet) for LL_GPIO_IsInputPinSet
    main.o(i.main) refers to spi_flash.o(i.FlashGpio_init) for FlashGpio_init
    main.o(i.main) refers to spi_flash.o(i.FlashSpi_init) for FlashSpi_init
    main.o(i.main) refers to spi_flash.o(i.Flash_CS_High) for Flash_CS_High
    main.o(i.main) refers to msc_mem.o(i.MSC_PrepareImage) for MSC_PrepareImage
    main.o(i.main) refers to usb.o(i.USBInit) for USBInit
    main.o(i.main) refers to main.o(i.LL_GPIO_ResetOutputPin) for LL_GPIO_ResetOutputPin
    main.o(i.main) refers to nst112.o(i.NST112_GPIO_Init) for NST112_GPIO_Init
    main.o(i.main) refers to nst112.o(i.NST112_ReadTempQ4) for NST112_ReadTempQ4
    main.o(i.main) refers to main.o(i.RTC_ReadTimeHMS) for RTC_ReadTimeHMS
    main.o(i.main) refers to spi_flash.o(i.Flash_WriteTemperatureWithTimeFile_Q4) for Flash_WriteTemperatureWithTimeFile_Q4
    main.o(i.main) refers to user_init.o(i.blink_green) for blink_green
    main.o(i.main) refers to __2sprintf.o(.text) for __2sprintf
    main.o(i.main) refers to strlen.o(.text) for strlen
    main.o(i.main) refers to spi_flash.o(i.Flash_LogLine_Ring5) for Flash_LogLine_Ring5
    main.o(i.main) refers to user_init.o(i.blink_red) for blink_red
    main.o(i.main) refers to user_init.o(i.DelayMs) for DelayMs
    main.o(i.main) refers to wkup.o(i.Sleep_Deep) for Sleep_Deep
    main.o(i.month_from_abbr3) refers to memcmp.o(.text) for memcmp
    main.o(i.weekday_iso_1_7) refers to aeabi_sdiv.o(.text) for __aeabi_uidivmod
    main.o(i.weekday_iso_1_7) refers to main.o(.constdata) for t
    user_init.o(i.ClockInit) refers to user_init.o(i.LL_RCC_SetRCHFFrequency) for LL_RCC_SetRCHFFrequency
[...]
    i.build_sector                           0x00005970   Section        0  msc_mem.o(i.build_sector)
    build_sector                             0x00005971   Thumb Code    70  msc_mem.o(i.build_sector)
    i.dec2                                   0x000059b6   Section        0  main.o(i.dec2)
    dec2                                     0x000059b7   Thumb Code    20  main.o(i.dec2)
    i.fileentry_valid                        0x000059ca   Section        0  msc_mem.o(i.fileentry_valid)
    fileentry_valid                          0x000059cb   Thumb Code    62  msc_mem.o(i.fileentry_valid)
    i.fileentry_valid_local                  0x00005a08   Section        0  spi_flash.o(i.fileentry_valid_local)
    fileentry_valid_local                    0x00005a09   Thumb Code    68  spi_flash.o(i.fileentry_valid_local)
    i.fnv1a32_step                           0x00005a4c   Section        0  main.o(i.fnv1a32_step)
    fnv1a32_step                             0x00005a4d   Thumb Code    20  main.o(i.fnv1a32_step)
    i.i2c_delay                              0x00005a64   Section        0  nst112.o(i.i2c_delay)
    i2c_delay                                0x00005a65   Thumb Code    24  nst112.o(i.i2c_delay)
    i.i2c_read_byte                          0x00005a7c   Section        0  nst112.o(i.i2c_read_byte)
    i2c_read_byte                            0x00005a7d   Thumb Code    98  nst112.o(i.i2c_read_byte)
    i.i2c_start                              0x00005ade   Section        0  nst112.o(i.i2c_start)
    i2c_start                                0x00005adf   Thumb Code    36  nst112.o(i.i2c_start)
    i.i2c_stop                               0x00005b02   Section        0  nst112.o(i.i2c_stop)
    i2c_stop                                 0x00005b03   Thumb Code    32  nst112.o(i.i2c_stop)
    i.i2c_write_byte                         0x00005b22   Section        0  nst112.o(i.i2c_write_byte)
    i2c_write_byte                           0x00005b23   Thumb Code   112  nst112.o(i.i2c_write_byte)
    i.le16                                   0x00005b92   Section        0  msc_mem.o(i.le16)
    le16                                     0x00005b93   Thumb Code    10  msc_mem.o(i.le16)
    i.le32                                   0x00005b9c   Section        0  msc_mem.o(i.le32)
    le32                                     0x00005b9d   Thumb Code    20  msc_mem.o(i.le32)
    i.load_file_from_flash_to_ram            0x00005bb0   Section        0  msc_mem.o(i.load_file_from_flash_to_ram)
    load_file_from_flash_to_ram              0x00005bb1   Thumb Code   238  msc_mem.o(i.load_file_from_flash_to_ram)
    i.main                                   0x00005d30   Section        0  main.o(i.main)
    i.make_83_name                           0x00005eb4   Section        0  msc_mem.o(i.make_83_name)
    make_83_name                             0x00005eb5   Thumb Code   152  msc_mem.o(i.make_83_name)
    i.month_from_abbr3                       0x00005f4c   Section        0  main.o(i.month_from_abbr3)
    month_from_abbr3                         0x00005f4d   Thumb Code   224  main.o(i.month_from_abbr3)
    i.scl_high                               0x0000605c   Section        0  nst112.o(i.scl_high)
    scl_high                                 0x0000605d   Thumb Code    14  nst112.o(i.scl_high)
    i.scl_low                                0x00006070   Section        0  nst112.o(i.scl_low)
    scl_low                                  0x00006071   Thumb Code    14  nst112.o(i.scl_low)
    i.sda_high                               0x00006084   Section        0  nst112.o(i.sda_high)
    sda_high                                 0x00006085   Thumb Code    14  nst112.o(i.sda_high)
    i.sda_in                                 0x00006098   Section        0  nst112.o(i.sda_in)
    sda_in                                   0x00006099   Thumb Code    44  nst112.o(i.sda_in)
    i.sda_low                                0x000060c8   Section        0  nst112.o(i.sda_low)
    sda_low                                  0x000060c9   Thumb Code    14  nst112.o(i.sda_low)
    i.sda_out                                0x000060dc   Section        0  nst112.o(i.sda_out)
    sda_out                                  0x000060dd   Thumb Code    42  nst112.o(i.sda_out)
    i.sda_read                               0x0000610c   Section        0  nst112.o(i.sda_read)
    sda_read                                 0x0000610d   Thumb Code    24  nst112.o(i.sda_read)
    i.set_default_file_to_ram                0x00006128   Section        0  msc_mem.o(i.set_default_file_to_ram)
    set_default_file_to_ram                  0x00006129   Thumb Code    48  msc_mem.o(i.set_default_file_to_ram)
    i.weekday_iso_1_7                        0x00006180   Section        0  main.o(i.weekday_iso_1_7)
    weekday_iso_1_7                          0x00006181   Thumb Code    76  main.o(i.weekday_iso_1_7)
    locale$$code                             0x000061d0   Section       44  lc_ctype_c.o(locale$$code)
    .constdata                               0x000061fc   Section       12  main.o(.constdata)
    t                                        0x000061fc   Data          12  main.o(.constdata)
    .constdata                               0x00006208   Section       23  msc_data.o(.constdata)
    .constdata                               0x0000621f   Section       40  _printf_hex_int.o(.constdata)
    uc_hextab                                0x0000621f   Data          20  _printf_hex_int.o(.constdata)
    lc_hextab                                0x00006233   Data          20  _printf_hex_int.o(.constdata)
    .constdata                               0x00006247   Section       17  __printf_flags_ss_wp.o(.constdata)
    maptable                                 0x00006247   Data          17  __printf_flags_ss_wp.o(.constdata)
    locale$$data                             0x00006278   Section      272  lc_ctype_c.o(locale$$data)
    __lcctype_c_name                         0x0000627c   Data           2  lc_ctype_c.o(locale$$data)
    __lcctype_c_start                        0x00006284   Data           0  lc_ctype_c.o(locale$$data)
    __lcctype_c_end                          0x00006388   Data           0  lc_ctype_c.o(locale$$data)
    .data                                    0x20000000   Section        4  user_init.o(.data)
    .data                                    0x20000004   Section       52  usbd_core.o(.data)
    .data                                    0x20000038   Section       13  usbd_req.o(.data)
    cfgidx                                   0x20000044   Data           1  usbd_req.o(.data)
    .data                                    0x20000048   Section      116  usbd_desc.o(.data)
    .data                                    0x200000bc   Section       28  usbd_usr.o(.data)
    .data                                    0x200000d8   Section        4  msc_bot.o(.data)
    .data                                    0x200000dc   Section       78  msc_core.o(.data)
    USBD_MSC_MaxLun                          0x20000128   Data           1  msc_core.o(.data)
    USBD_MSC_AltSet                          0x20000129   Data           1  msc_core.o(.data)
    .data                                    0x2000012c   Section       80  msc_mem.o(.data)
    g_storage_ready                          0x2000012c   Data           1  msc_mem.o(.data)
    g_prepared                               0x2000012d   Data           1  msc_mem.o(.data)
    g_file_len                               0x20000130   Data           4  msc_mem.o(.data)
    STORAGE_Inquirydata                      0x20000134   Data          36  msc_mem.o(.data)
    USBD_SPI_FLASH_fops                      0x20000158   Data          32  msc_mem.o(.data)
    .data                                    0x2000017c   Section       24  msc_scsi.o(.data)
    .bss                                     0x20000194   Section     1456  usb_bsp.o(.bss)
    .bss                                     0x20000744   Section       64  usbd_desc.o(.bss)
    .bss                                     0x20000784   Section      560  msc_bot.o(.bss)
    .bss                                     0x200009b4   Section      288  msc_mem.o(.bss)
    g_file_buf                               0x200009b4   Data         256  msc_mem.o(.bss)
    g_file_name                              0x20000ab4   Data          32  msc_mem.o(.bss)
    .bss                                     0x20000ad4   Section       32  msc_scsi.o(.bss)
    .bss                                     0x20000af4   Section       96  libspace.o(.bss)
    HEAP                                     0x20000b58   Section     2048  startup_fm33lc0xx.o(HEAP)
    Heap_Mem                                 0x20000b58   Data        2048  startup_fm33lc0xx.o(HEAP)
    STACK                                    0x20001358   Section     2048  startup_fm33lc0xx.o(STACK)
    Stack_Mem                                0x20001358   Data        2048  startup_fm33lc0xx.o(STACK)
    __initial_sp                             0x20001b58   Data           0  startup_fm33lc0xx.o(STACK)

    Global Symbols

    Symbol Name                              Value     Ov Type        Size  Object(Section)

    BuildAttributes$$THM_ISAv3M$S$PE$A:L22$X:L11$S22$IEEE1$IW$USESV6$~STKCKD$USESV7$~SHL$OSPACE$ROPI$EBA8$UX$STANDARDLIB$REQ8$PRES8$EABIv2 0x00000000   Number         0  anon$$obj.o ABSOLUTE
    __ARM_use_no_argv                        0x00000000   Number         0  main.o ABSOLUTE
    __Vectors                                0x00000000   Data           4  startup_fm33lc0xx.o(RESET)
    _printf_flags                            0x00000000   Number         0  printf_stubs.o ABSOLUTE
    _printf_return_value                     0x00000000   Number         0  printf_stubs.o ABSOLUTE
    _printf_sizespec                         0x00000000   Number         0  printf_stubs.o ABSOLUTE
    _printf_widthprec                        0x00000000   Number         0  printf_stubs.o ABSOLUTE
    __ARM_exceptions_init                     - Undefined Weak Reference
    __alloca_initialize                       - Undefined Weak Reference
    __arm_fini_                               - Undefined Weak Reference
    __arm_preinit_                            - Undefined Weak Reference
    __cpp_initialize__aeabi_                  - Undefined Weak Reference
    __cxa_finalize                            - Undefined Weak Reference
    __sigvec_lookup                           - Undefined Weak Reference
    _atexit_init                              - Undefined Weak Reference
    _call_atexit_fns                          - Undefined Weak Reference
    _clock_init                               - Undefined Weak Reference
    _fp_trap_init                             - Undefined Weak Reference
    _fp_trap_shutdown                         - Undefined Weak Reference
    _get_lc_collate                           - Undefined Weak Reference
    _get_lc_monetary                          - Undefined Weak Reference
    _get_lc_numeric                           - Undefined Weak Reference
    _get_lc_time                              - Undefined Weak Reference
    _getenv_init                              - Undefined Weak Reference
    _handle_redirection                       - Undefined Weak Reference
    _init_alloc                               - Undefined Weak Reference
    _init_user_alloc                          - Undefined Weak Reference
    _initio                                   - Undefined Weak Reference
    _printf_truncate_signed                   - Undefined Weak Reference
    _printf_truncate_unsigned                 - Undefined Weak Reference
    _rand_init                                - Undefined Weak Reference
    _signal_finish                            - Undefined Weak Reference
    _signal_init                              - Undefined Weak Reference
    _terminate_alloc                          - Undefined Weak Reference
    _terminate_user_alloc                     - Undefined Weak Reference
    _terminateio                              - Undefined Weak Reference
    __Vectors_End                            0x000000c0   Data           0  startup_fm33lc0xx.o(RESET)
    __Vectors_Size                           0x000000c0   Number         0  startup_fm33lc0xx.o ABSOLUTE
    __main                                   0x000000c1   Thumb Code     8  __main.o(!!!main)
    __scatterload                            0x000000c9   Thumb Code     0  __scatter.o(!!!scatter)
    __scatterload_rt2                        0x000000c9   Thumb Code    52  __scatter.o(!!!scatter)
    __scatterload_rt2_thumb_only             0x000000c9   Thumb Code     0  __scatter.o(!!!scatter)
    __scatterload_null                       0x000000d9   Thumb Code     0  __scatter.o(!!!scatter)
    __scatterload_zeroinit                   0x00000105   Thumb Code    28  __scatter_zi.o(!!handler_zi)
    _printf_percent                          0x00000121   Thumb Code     0  _printf_percent.o(.ARM.Collect$$_printf_percent$$00000000)
    _printf_d                                0x00000123   Thumb Code     0  _printf_d.o(.ARM.Collect$$_printf_percent$$00000009)
    _printf_u                                0x0000012d   Thumb Code     0  _printf_u.o(.ARM.Collect$$_printf_percent$$0000000A)
    _printf_x                                0x00000137   Thumb Code     0  _printf_x.o(.ARM.Collect$$_printf_percent$$0000000C)
    _printf_percent_end                      0x00000141   Thumb Code     0  _printf_percent_end.o(.ARM.Collect$$_printf_percent$$00000017)
    __rt_lib_init                            0x00000145   Thumb Code     0  libinit.o(.ARM.Collect$$libinit$$00000000)
    __rt_lib_init_fp_1                       0x00000147   Thumb Code     0  libinit2.o(.ARM.Collect$$libinit$$00000002)
    __rt_lib_init_heap_1                     0x00000147   Thumb Code     0  libinit2.o(.ARM.Collect$$libinit$$0000000A)
    __rt_lib_init_lc_common                  0x00000147   Thumb Code     0  libinit2.o(.ARM.Collect$$libinit$$0000000F)
    __rt_lib_init_preinit_1                  0x00000147   Thumb Code     0  libinit2.o(.ARM.Collect$$libinit$$00000004)
    __rt_lib_init_rand_1                     0x00000147   Thumb Code     0  libinit2.o(.ARM.Collect$$libinit$$0000000E)
    __rt_lib_init_user_alloc_1               0x00000147   Thumb Code     0  libinit2.o(.ARM.Collect$$libinit$$0000000C)
    __rt_lib_init_lc_collate_1               0x0000014d   Thumb Code     0  libinit2.o(.ARM.Collect$$libinit$$00000011)
    __rt_lib_init_lc_ctype_2                 0x0000014d   Thumb Code     0  libinit2.o(.ARM.Collect$$libinit$$00000012)
    __rt_lib_init_alloca_1                   0x00000159   Thumb Code     0  libinit2.o(.ARM.Collect$$libinit$$0000002E)
    __rt_lib_init_argv_1                     0x00000159   Thumb Code     0  libinit2.o(.ARM.Collect$$libinit$$0000002C)
    __rt_lib_init_atexit_1                   0x00000159   Thumb Code     0  libinit2.o(.ARM.Collect$$libinit$$0000001B)
    __rt_lib_init_clock_1                    0x00000159   Thumb Code     0  libinit2.o(.ARM.Collect$$libinit$$00000021)
    __rt_lib_init_cpp_1                      0x00000159   Thumb Code     0  libinit2.o(.ARM.Collect$$libinit$$00000032)
    __rt_lib_init_exceptions_1               0x00000159   Thumb Code     0  libinit2.o(.ARM.Collect$$libinit$$00000030)
    __rt_lib_init_fp_trap_1                  0x00000159   Thumb Code     0  libinit2.o(.ARM.Collect$$libinit$$0000001F)
    __rt_lib_init_getenv_1                   0x00000159   Thumb Code     0  libinit2.o(.ARM.Collect$$libinit$$00000023)
    __rt_lib_init_lc_ctype_1                 0x00000159   Thumb Code     0  libinit2.o(.ARM.Collect$$libinit$$00000013)
    __rt_lib_init_lc_monetary_1              0x00000159   Thumb Code     0  libinit2.o(.ARM.Collect$$libinit$$00000015)
    __rt_lib_init_lc_numeric_1               0x00000159   Thumb Code     0  libinit2.o(.ARM.Collect$$libinit$$00000017)
    __rt_lib_init_lc_time_1                  0x00000159   Thumb Code     0  libinit2.o(.ARM.Collect$$libinit$$00000019)
    __rt_lib_init_return                     0x00000159   Thumb Code     0  libinit2.o(.ARM.Collect$$libinit$$00000033)
    __rt_lib_init_signal_1                   0x00000159   Thumb Code     0  libinit2.o(.ARM.Collect$$libinit$$0000001D)
    __rt_lib_init_stdio_1                    0x00000159   Thumb Code     0  libinit2.o(.ARM.Collect$$libinit$$00000025)
    __rt_lib_shutdown                        0x0000015b   Thumb Code     0  libshutdown.o(.ARM.Collect$$libshutdown$$00000000)
    __rt_lib_shutdown_cpp_1                  0x0000015d   Thumb Code     0  libshutdown2.o(.ARM.Collect$$libshutdown$$00000004)
    __rt_lib_shutdown_fini_1                 0x0000015d   Thumb Code     0  libshutdown2.o(.ARM.Collect$$libshutdown$$00000002)
    __rt_lib_shutdown_fp_trap_1              0x0000015d   Thumb Code     0  libshutdown2.o(.ARM.Collect$$libshutdown$$00000009)
    __rt_lib_shutdown_heap_1                 0x0000015d   Thumb Code     0  libshutdown2.o(.ARM.Collect$$libshutdown$$00000011)
    __rt_lib_shutdown_return                 0x0000015d   Thumb Code     0  libshutdown2.o(.ARM.Collect$$libshutdown$$00000012)
    __rt_lib_shutdown_signal_1               0x0000015d   Thumb Code     0  libshutdown2.o(.ARM.Collect$$libshutdown$$0000000C)
    __rt_lib_shutdown_stdio_1                0x0000015d   Thumb Code     0  libshutdown2.o(.ARM.Collect$$libshutdown$$00000006)
    __rt_lib_shutdown_user_alloc_1           0x0000015d   Thumb Code     0  libshutdown2.o(.ARM.Collect$$libshutdown$$0000000E)
    __rt_entry                               0x0000015f   Thumb Code     0  __rtentry.o(.ARM.Collect$$rtentry$$00000000)
    __rt_entry_presh_1                       0x0000015f   Thumb Code     0  __rtentry2.o(.ARM.Collect$$rtentry$$00000002)
    __rt_entry_sh                            0x0000015f   Thumb Code     0  __rtentry4.o(.ARM.Collect$$rtentry$$00000004)
    __rt_entry_li                            0x00000165   Thumb Code     0  __rtentry2.o(.ARM.Collect$$rtentry$$0000000A)
    __rt_entry_postsh_1                      0x00000165   Thumb Code     0  __rtentry2.o(.ARM.Collect$$rtentry$$00000009)
    __rt_entry_main                          0x00000169   Thumb Code     0  __rtentry2.o(.ARM.Collect$$rtentry$$0000000D)
    __rt_entry_postli_1                      0x00000169   Thumb Code     0  __rtentry2.o(.ARM.Collect$$rtentry$$0000000C)
    __rt_exit                                0x00000171   Thumb Code     0  rtexit.o(.ARM.Collect$$rtexit$$00000000)
    __rt_exit_ls                             0x00000173   Thumb Code     0  rtexit2.o(.ARM.Collect$$rtexit$$00000003)
    __rt_exit_prels_1                        0x00000173   Thumb Code     0  rtexit2.o(.ARM.Collect$$rtexit$$00000002)
    __rt_exit_exit                           0x00000177   Thumb Code     0  rtexit2.o(.ARM.Collect$$rtexit$$00000004)
    __aeabi_memcpy4                          0x0000017d   Thumb Code    56  rt_memcpy.o(.emb_text)
    __aeabi_memcpy8                          0x0000017d   Thumb Code     0  rt_memcpy.o(.emb_text)
    Reset_Handler                            0x000001b5   Thumb Code     8  startup_fm33lc0xx.o(.text)
    HardFault_Handler                        0x000001bf   Thumb Code     2  startup_fm33lc0xx.o(.text)
    SVC_Handler                              0x000001c1   Thumb Code     2  startup_fm33lc0xx.o(.text)
    PendSV_Handler                           0x000001c3   Thumb Code     2  startup_fm33lc0xx.o(.text)
    SysTick_Handler                          0x000001c5   Thumb Code     2  startup_fm33lc0xx.o(.text)
    ADC_IRQHandler                           0x000001c7   Thumb Code     0  startup_fm33lc0xx.o(.text)
    AES_IRQHandler                           0x000001c7   Thumb Code     0  startup_fm33lc0xx.o(.text)
    ATIM_IRQHandler                          0x000001c7   Thumb Code     0  startup_fm33lc0xx.o(.text)
    COMPx_IRQHandler                         0x000001c7   Thumb Code     0  startup_fm33lc0xx.o(.text)
    DMA_IRQHandler                           0x000001c7   Thumb Code     0  startup_fm33lc0xx.o(.text)
    FLASH_IRQHandler                         0x000001c7   Thumb Code     0  startup_fm33lc0xx.o(.text)
    GPIO_IRQHandler                          0x000001c7   Thumb Code     0  startup_fm33lc0xx.o(.text)
    GPTIM0_IRQHandler                        0x000001c7   Thumb Code     0  startup_fm33lc0xx.o(.text)
    GPTIM1_IRQHandler                        0x000001c7   Thumb Code     0  startup_fm33lc0xx.o(.text)
    HFDET_IRQHandler                         0x000001c7   Thumb Code     0  startup_fm33lc0xx.o(.text)
    I2C_IRQHandler                           0x000001c7   Thumb Code     0  startup_fm33lc0xx.o(.text)
    IWDT_IRQHandler                          0x000001c7   Thumb Code     0  startup_fm33lc0xx.o(.text)
    LCD_IRQHandler                           0x000001c7   Thumb Code     0  startup_fm33lc0xx.o(.text)
    LFDET_IRQHandler                         0x000001c7   Thumb Code     0  startup_fm33lc0xx.o(.text)
    LPTIM_IRQHandler                         0x000001c7   Thumb Code     0  startup_fm33lc0xx.o(.text)
    LPUART0_IRQHandler                       0x000001c7   Thumb Code     0  startup_fm33lc0xx.o(.text)
    LPUART1_IRQHandler                       0x000001c7   Thumb Code     0  startup_fm33lc0xx.o(.text)
    OPAx_IRQHandler                          0x000001c7   Thumb Code     0  startup_fm33lc0xx.o(.text)
    RTC_IRQHandler                           0x000001c7   Thumb Code     0  startup_fm33lc0xx.o(.text)
    SPI1_IRQHandler                          0x000001c7   Thumb Code     0  startup_fm33lc0xx.o(.text)
    SPI2_IRQHandler                          0x000001c7   Thumb Code     0  startup_fm33lc0xx.o(.text)
    SVD_IRQHandler                           0x000001c7   Thumb Code     0  startup_fm33lc0xx.o(.text)
    U7816_IRQHandler                         0x000001c7   Thumb Code     0  startup_fm33lc0xx.o(.text)
    UART0_IRQHandler                         0x000001c7   Thumb Code     0  startup_fm33lc0xx.o(.text)
    UART1_IRQHandler                         0x000001c7   Thumb Code     0  startup_fm33lc0xx.o(.text)
    UART4_IRQHandler                         0x000001c7   Thumb Code     0  startup_fm33lc0xx.o(.text)
    UART5_IRQHandler                         0x000001c7   Thumb Code     0  startup_fm33lc0xx.o(.text)
    VREF_IRQHandler                          0x000001c7   Thumb Code     0  startup_fm33lc0xx.o(.text)
    WKUP_IRQHandler                          0x000001c7   Thumb Code     0  startup_fm33lc0xx.o(.text)
    WWDT_IRQHandler                          0x000001c7   Thumb Code     0  startup_fm33lc0xx.o(.text)
    __user_initial_stackheap                 0x000001c9   Thumb Code     0  startup_fm33lc0xx.o(.text)
    __aeabi_uldivmod                         0x000001ed   Thumb Code   258  lludiv.o(.text)
    _ll_udiv                                 0x000001ed   Thumb Code     0  lludiv.o(.text)
    toupper                                  0x000002ef   Thumb Code    30  toupper.o(.text)
    __2sprintf                               0x0000030d   Thumb Code    40  __2sprintf.o(.text)
    _printf_pre_padding                      0x00000339   Thumb Code    44  _printf_pad.o(.text)
    _printf_post_padding                     0x00000365   Thumb Code    34  _printf_pad.o(.text)
    _printf_int_dec                          0x00000389   Thumb Code    90  _printf_dec.o(.text)
    _printf_int_hex                          0x000003f5   Thumb Code    84  _printf_hex_int.o(.text)
    _printf_longlong_hex                     0x000003f5   Thumb Code     0  _printf_hex_int.o(.text)
    __printf                                 0x0000044d   Thumb Code   386  __printf_flags_ss_wp.o(.text)
    memcmp                                   0x000005d5   Thumb Code    90  memcmp.o(.text)
    strlen                                   0x00000631   Thumb Code    62  strlen.o(.text)
    __aeabi_memcpy                           0x00000675   Thumb Code   130  rt_memcpy.o(.text)
    __rt_memcpy                              0x00000675   Thumb Code     0  rt_memcpy.o(.text)
    __aeabi_memset                           0x000006f7   Thumb Code    18  aeabi_memset.o(.text)
    _memset_w                                0x00000709   Thumb Code    26  rt_memclr.o(.text)
    _memset                                  0x00000723   Thumb Code    30  rt_memclr.o(.text)
    __aeabi_memclr                           0x00000741   Thumb Code     4  rt_memclr.o(.text)
    __rt_memclr                              0x00000741   Thumb Code     0  rt_memclr.o(.text)
    __aeabi_memclr4                          0x00000745   Thumb Code     0  rt_memclr.o(.text)
    __aeabi_memclr8                          0x00000745   Thumb Code     0  rt_memclr.o(.text)
    __rt_memclr_w                            0x00000745   Thumb Code     4  rt_memclr.o(.text)
    strncpy                                  0x00000749   Thumb Code   104  strncpy.o(.text)
    __aeabi_uread4                           0x000007b5   Thumb Code    22  uread4.o(.text)
    __rt_uread4                              0x000007b5   Thumb Code     0  uread4.o(.text)
    __aeabi_uwrite4                          0x000007cb   Thumb Code    16  uwrite4.o(.text)
    __rt_uwrite4                             0x000007cb   Thumb Code     0  uwrite4.o(.text)
    __aeabi_uidiv                            0x000007db   Thumb Code     0  aeabi_sdiv.o(.text)
    __aeabi_uidivmod                         0x000007db   Thumb Code    20  aeabi_sdiv.o(.text)
    __aeabi_idiv                             0x000007ef   Thumb Code     0  aeabi_sdiv.o(.text)
    __aeabi_idivmod                          0x000007ef   Thumb Code   326  aeabi_sdiv.o(.text)
    __use_two_region_memory                  0x00000935   Thumb Code     2  heapauxi.o(.text)
    __rt_heap_escrow$2region                 0x00000937   Thumb Code     2  heapauxi.o(.text)
    __rt_heap_expand$2region                 0x00000939   Thumb Code     2  heapauxi.o(.text)
    __rt_ctype_table                         0x0000093d   Thumb Code    16  rt_ctype_table.o(.text)
    _printf_int_common                       0x0000094d   Thumb Code   176  _printf_intcommon.o(.text)
    _printf_char_common                      0x00000a07   Thumb Code    32  _printf_char_common.o(.text)
    _sputc                                   0x00000a2d   Thumb Code    10  _sputc.o(.text)
    __rt_udiv10                              0x00000a37   Thumb Code    40  rtudiv10.o(.text)
    __rt_locale                              0x00000a61   Thumb Code     8  rt_locale_intlibspace.o(.text)
    __user_libspace                          0x00000a69   Thumb Code     8  libspace.o(.text)
    __user_perproc_libspace                  0x00000a69   Thumb Code     0  libspace.o(.text)
    __user_perthread_libspace                0x00000a69   Thumb Code     0  libspace.o(.text)
    __user_setup_stackheap                   0x00000a71   Thumb Code    62  sys_stackheap_outer.o(.text)
    exit                                     0x00000aaf   Thumb Code    16  exit.o(.text)
    strcmp                                   0x00000ac1   Thumb Code   132  strcmp.o(.text)
    _sys_exit                                0x00000b49   Thumb Code     8  sys_exit.o(.text)
    __I$use$semihosting                      0x00000b55   Thumb Code     0  use_no_semi.o(.text)
    __use_no_semihosting_swi                 0x00000b55   Thumb Code     2  use_no_semi.o(.text)
    __decompress                             0x00000b57   Thumb Code     0  __dczerorl.o(.text)
    __decompress0                            0x00000b57   Thumb Code    58  __dczerorl.o(.text)
    __semihosting_library_function           0x00000b57   Thumb Code     0  indicate_semi.o(.text)
    BSTIM_IRQHandler                         0x00000b91   Thumb Code    12  usb.o(i.BSTIM_IRQHandler)
    DCD_EP_Close                             0x00000cf5   Thumb Code    76  usb_dcd.o(i.DCD_EP_Close)
    DCD_EP_ClrStall                          0x00000d41   Thumb Code    76  usb_dcd.o(i.DCD_EP_ClrStall)
    DCD_EP_Flush                             0x00000d8d   Thumb Code    36  usb_dcd.o(i.DCD_EP_Flush)
    DCD_EP_Open                              0x00000db1   Thumb Code   106  usb_dcd.o(i.DCD_EP_Open)
    DCD_EP_PrepareRx                         0x00000e1b   Thumb Code    86  usb_dcd.o(i.DCD_EP_PrepareRx)
    DCD_EP_SetAddress                        0x00000e71   Thumb Code    40  usb_dcd.o(i.DCD_EP_SetAddress)
    DCD_EP_Stall                             0x00000e99   Thumb Code    76  usb_dcd.o(i.DCD_EP_Stall)
    DCD_EP_Tx                                0x00000ee5   Thumb Code    76  usb_dcd.o(i.DCD_EP_Tx)
    DCD_Init                                 0x00001615   Thumb Code   154  usb_dcd.o(i.DCD_Init)
    DelayMs                                  0x000017d9   Thumb Code    24  user_init.o(i.DelayMs)
    DelayUs                                  0x000017f1   Thumb Code    66  user_init.o(i.DelayUs)
    FlashGpio_init                           0x00001841   Thumb Code   118  spi_flash.o(i.FlashGpio_init)
    FlashSpi_init                            0x000018bd   Thumb Code   118  spi_flash.o(i.FlashSpi_init)
    Flash_CS_High                            0x00001939   Thumb Code    16  spi_flash.o(i.Flash_CS_High)
    Flash_CS_Low                             0x0000194d   Thumb Code    16  spi_flash.o(i.Flash_CS_Low)
    Flash_CheckID                            0x00001961   Thumb Code    22  spi_flash.o(i.Flash_CheckID)
    Flash_LogLine_Ring5                      0x00001979   Thumb Code   312  spi_flash.o(i.Flash_LogLine_Ring5)
    Flash_LogTemperatureWithTime_Ring5_Q4    0x00001abd   Thumb Code   110  spi_flash.o(i.Flash_LogTemperatureWithTime_Ring5_Q4)
    Flash_PageProgram                        0x00001b89   Thumb Code    86  spi_flash.o(i.Flash_PageProgram)
    Flash_ReadData                           0x00001bdf   Thumb Code    64  spi_flash.o(i.Flash_ReadData)
    Flash_ReadID                             0x00001c1f   Thumb Code    48  spi_flash.o(i.Flash_ReadID)
    Flash_ReadStatus                         0x00001c4f   Thumb Code    28  spi_flash.o(i.Flash_ReadStatus)
    Flash_SectorErase                        0x00001c6b   Thumb Code    54  spi_flash.o(i.Flash_SectorErase)
    Flash_WaitForReady                       0x00001ca1   Thumb Code    36  spi_flash.o(i.Flash_WaitForReady)
    Flash_WriteEnable                        0x00001d03   Thumb Code    18  spi_flash.o(i.Flash_WriteEnable)
    Flash_WriteFileEntry                     0x00001d15   Thumb Code   120  spi_flash.o(i.Flash_WriteFileEntry)
    Flash_WriteTemperatureWithTimeFile_Q4    0x00001d99   Thumb Code    24  spi_flash.o(i.Flash_WriteTemperatureWithTimeFile_Q4)
    LL_BSTIM_Init                            0x00001e71   Thumb Code   278  fm33lc0xx_ll_bstim.o(i.LL_BSTIM_Init)
    LL_GPIO_ALLPIN_LPM_MODE                  0x00001f95   Thumb Code   128  fm33lc0xx_ll_gpio.o(i.LL_GPIO_ALLPIN_LPM_MODE)
    LL_GPIO_Init                             0x00002035   Thumb Code   398  fm33lc0xx_ll_gpio.o(i.LL_GPIO_Init)
    LL_GPIO_StructInit                       0x00002251   Thumb Code    20  fm33lc0xx_ll_gpio.o(i.LL_GPIO_StructInit)
    LL_SPI_DeInit                            0x00002311   Thumb Code   108  fm33lc0xx_ll_spi.o(i.LL_SPI_DeInit)
    LL_SPI_Init                              0x0000238d   Thumb Code   474  fm33lc0xx_ll_spi.o(i.LL_SPI_Init)
    LL_SPI_StructInit                        0x00002571   Thumb Code    28  fm33lc0xx_ll_spi.o(i.LL_SPI_StructInit)
    MF_Clock_Init                            0x000025ed   Thumb Code    54  mf_config.o(i.MF_Clock_Init)
    MF_Config_Init                           0x0000262d   Thumb Code     2  mf_config.o(i.MF_Config_Init)
    MF_SystemClock_Config                    0x0000262f   Thumb Code     2  mf_config.o(i.MF_SystemClock_Config)
    MSC_BOT_CplClrFeature                    0x0000274d   Thumb Code    56  msc_bot.o(i.MSC_BOT_CplClrFeature)
    MSC_BOT_DataIn                           0x00002789   Thumb Code    70  msc_bot.o(i.MSC_BOT_DataIn)
    MSC_BOT_DataOut                          0x000027d9   Thumb Code    62  msc_bot.o(i.MSC_BOT_DataOut)
    MSC_BOT_DeInit                           0x00002821   Thumb Code     8  msc_bot.o(i.MSC_BOT_DeInit)
    MSC_BOT_Init                             0x0000282d   Thumb Code    54  msc_bot.o(i.MSC_BOT_Init)
    MSC_BOT_Reset                            0x00002875   Thumb Code    30  msc_bot.o(i.MSC_BOT_Reset)
    MSC_BOT_SendCSW                          0x000028a1   Thumb Code    48  msc_bot.o(i.MSC_BOT_SendCSW)
    MSC_PrepareImage                         0x00002929   Thumb Code    14  msc_mem.o(i.MSC_PrepareImage)
    NMI_Handler                              0x0000293d   Thumb Code    44  wkup.o(i.NMI_Handler)
    NST112_GPIO_Init                         0x0000296d   Thumb Code    54  nst112.o(i.NST112_GPIO_Init)
    NST112_ReadTempQ4                        0x000029a9   Thumb Code   132  nst112.o(i.NST112_ReadTempQ4)
    SCSI_ProcessCmd                          0x00002e7d   Thumb Code   212  msc_scsi.o(i.SCSI_ProcessCmd)
    SCSI_SenseCode                           0x0000338d   Thumb Code    50  msc_scsi.o(i.SCSI_SenseCode)
    SPI_TransmitReceive                      0x000035d9   Thumb Code    64  spi_flash.o(i.SPI_TransmitReceive)
    Sleep_Deep                               0x000036c1   Thumb Code    82  wkup.o(i.Sleep_Deep)
    SystemInit                               0x00003725   Thumb Code   164  system_fm33lc0xx.o(i.SystemInit)
    USBD_ClrCfg                              0x00003801   Thumb Code    30  usbd_core.o(i.USBD_ClrCfg)
    USBD_CtlContinueRx                       0x0000386b   Thumb Code    26  usbd_ioreq.o(i.USBD_CtlContinueRx)
    USBD_CtlContinueSendData                 0x00003885   Thumb Code    26  usbd_ioreq.o(i.USBD_CtlContinueSendData)
    USBD_CtlError                            0x0000389f   Thumb Code    30  usbd_req.o(i.USBD_CtlError)
    USBD_CtlReceiveStatus                    0x000038bd   Thumb Code    34  usbd_ioreq.o(i.USBD_CtlReceiveStatus)
    USBD_CtlSendData                         0x000038df   Thumb Code    40  usbd_ioreq.o(i.USBD_CtlSendData)
    USBD_CtlSendStatus                       0x00003907   Thumb Code    34  usbd_ioreq.o(i.USBD_CtlSendStatus)
    USBD_DeInit                              0x00003ad7   Thumb Code     6  usbd_core.o(i.USBD_DeInit)
    USBD_GetRxCount                          0x00003c9f   Thumb Code    26  usbd_ioreq.o(i.USBD_GetRxCount)
    USBD_GetString                           0x00003d09   Thumb Code    78  usbd_req.o(i.USBD_GetString)
    USBD_Init                                0x00003d57   Thumb Code    86  usbd_core.o(i.USBD_Init)
    USBD_MSC_DataIn                          0x00003de1   Thumb Code    18  msc_core.o(i.USBD_MSC_DataIn)
    USBD_MSC_DataOut                         0x00003df3   Thumb Code    18  msc_core.o(i.USBD_MSC_DataOut)
    USBD_MSC_DeInit                          0x00003e05   Thumb Code    32  msc_core.o(i.USBD_MSC_DeInit)
    USBD_MSC_GetCfgDesc                      0x00003e25   Thumb Code    10  msc_core.o(i.USBD_MSC_GetCfgDesc)
    USBD_MSC_Init                            0x00003e35   Thumb Code    48  msc_core.o(i.USBD_MSC_Init)
    USBD_MSC_Setup                           0x00003e65   Thumb Code   282  msc_core.o(i.USBD_MSC_Setup)
    USBD_OTG_ISR_Handler                     0x00003f8d   Thumb Code   246  usb_dcd_int.o(i.USBD_OTG_ISR_Handler)
    USBD_ParseSetupRequest                   0x00004085   Thumb Code   114  usbd_req.o(i.USBD_ParseSetupRequest)
    USBD_SetCfg                              0x000041f1   Thumb Code    46  usbd_core.o(i.USBD_SetCfg)
    USBD_StdDevReq                           0x00004401   Thumb Code   114  usbd_req.o(i.USBD_StdDevReq)
    USBD_StdEPReq                            0x00004475   Thumb Code   406  usbd_req.o(i.USBD_StdEPReq)
    USBD_StdItfReq                           0x00004611   Thumb Code    86  usbd_req.o(i.USBD_StdItfReq)
    USBD_USR_ConfigStrDescriptor             0x0000468d   Thumb Code    20  usbd_desc.o(i.USBD_USR_ConfigStrDescriptor)
    USBD_USR_DeviceConfigured                0x000046b1   Thumb Code     2  usbd_usr.o(i.USBD_USR_DeviceConfigured)
    USBD_USR_DeviceConnected                 0x000046b3   Thumb Code     2  usbd_usr.o(i.USBD_USR_DeviceConnected)
    USBD_USR_DeviceDescriptor                0x000046b5   Thumb Code    10  usbd_desc.o(i.USBD_USR_DeviceDescriptor)
    USBD_USR_DeviceDisconnected              0x000046c5   Thumb Code     2  usbd_usr.o(i.USBD_USR_DeviceDisconnected)
    USBD_USR_DeviceReset                     0x000046c7   Thumb Code     2  usbd_usr.o(i.USBD_USR_DeviceReset)
    USBD_USR_DeviceResumed                   0x000046c9   Thumb Code     2  usbd_usr.o(i.USBD_USR_DeviceResumed)
    USBD_USR_DeviceSuspended                 0x000046cb   Thumb Code     2  usbd_usr.o(i.USBD_USR_DeviceSuspended)
    USBD_USR_Init                            0x000046cd   Thumb Code     2  usbd_usr.o(i.USBD_USR_Init)
    USBD_USR_InterfaceStrDescriptor          0x000046d1   Thumb Code    20  usbd_desc.o(i.USBD_USR_InterfaceStrDescriptor)
    USBD_USR_LangIDStrDescriptor             0x000046f9   Thumb Code    10  usbd_desc.o(i.USBD_USR_LangIDStrDescriptor)
    USBD_USR_ManufacturerStrDescriptor       0x00004709   Thumb Code    20  usbd_desc.o(i.USBD_USR_ManufacturerStrDescriptor)
    USBD_USR_ProductStrDescriptor            0x00004729   Thumb Code    20  usbd_desc.o(i.USBD_USR_ProductStrDescriptor)
    USBD_USR_SerialStrDescriptor             0x00004759   Thumb Code    18  usbd_desc.o(i.USBD_USR_SerialStrDescriptor)
    USBInit                                  0x00004771   Thumb Code   374  usb.o(i.USBInit)
    USB_IRQHandler                           0x00004991   Thumb Code    10  usb.o(i.USB_IRQHandler)
    USB_OTG_BSP_EnableInterrupt              0x000049a1   Thumb Code    80  usb_bsp.o(i.USB_OTG_BSP_EnableInterrupt)
    USB_OTG_BSP_Init                         0x000049fd   Thumb Code    22  usb_bsp.o(i.USB_OTG_BSP_Init)
    USB_OTG_BSP_mDelay                       0x00004a19   Thumb Code    18  usb_bsp.o(i.USB_OTG_BSP_mDelay)
    USB_OTG_BSP_uDelay                       0x00004a2b   Thumb Code    12  usb_bsp.o(i.USB_OTG_BSP_uDelay)
    USB_OTG_CoreInit                         0x00004a37   Thumb Code    22  usb_core.o(i.USB_OTG_CoreInit)
    USB_OTG_CoreInitDev                      0x00004a4d   Thumb Code   374  usb_core.o(i.USB_OTG_CoreInitDev)
    USB_OTG_DisableGlobalInt                 0x00004c35   Thumb Code    32  usb_core.o(i.USB_OTG_DisableGlobalInt)
    USB_OTG_EP0Activate                      0x00004c55   Thumb Code   118  usb_core.o(i.USB_OTG_EP0Activate)
    USB_OTG_EP0StartXfer                     0x00004ccb   Thumb Code   330  usb_core.o(i.USB_OTG_EP0StartXfer)
    USB_OTG_EP0_OutStart                     0x00004e15   Thumb Code    48  usb_core.o(i.USB_OTG_EP0_OutStart)
    USB_OTG_EPActivate                       0x00004e45   Thumb Code   192  usb_core.o(i.USB_OTG_EPActivate)
    USB_OTG_EPClearStall                     0x00004f05   Thumb Code    82  usb_core.o(i.USB_OTG_EPClearStall)
    USB_OTG_EPDeactivate                     0x00004f57   Thumb Code   154  usb_core.o(i.USB_OTG_EPDeactivate)
    USB_OTG_EPSetStall                       0x00004ff1   Thumb Code   102  usb_core.o(i.USB_OTG_EPSetStall)
    USB_OTG_EPStartXfer                      0x00005059   Thumb Code   538  usb_core.o(i.USB_OTG_EPStartXfer)
    USB_OTG_EnableDevInt                     0x000052a9   Thumb Code   142  usb_core.o(i.USB_OTG_EnableDevInt)
    USB_OTG_EnableGlobalInt                  0x0000533d   Thumb Code    34  usb_core.o(i.USB_OTG_EnableGlobalInt)
    USB_OTG_FlushRxFifo                      0x00005361   Thumb Code    70  usb_core.o(i.USB_OTG_FlushRxFifo)
    USB_OTG_FlushTxFifo                      0x000053ad   Thumb Code    92  usb_core.o(i.USB_OTG_FlushTxFifo)
    USB_OTG_GetMode                          0x0000540d   Thumb Code    12  usb_core.o(i.USB_OTG_GetMode)
    USB_OTG_InitDevSpeed                     0x00005419   Thumb Code    30  usb_core.o(i.USB_OTG_InitDevSpeed)
    USB_OTG_IsDeviceMode                     0x00005437   Thumb Code    22  usb_core.o(i.USB_OTG_IsDeviceMode)
    USB_OTG_ReadCoreItr                      0x0000544d   Thumb Code    16  usb_core.o(i.USB_OTG_ReadCoreItr)
    USB_OTG_ReadDevAllInEPItr                0x0000545d   Thumb Code    16  usb_core.o(i.USB_OTG_ReadDevAllInEPItr)
    USB_OTG_ReadDevAllOutEp_itr              0x0000546d   Thumb Code    16  usb_core.o(i.USB_OTG_ReadDevAllOutEp_itr)
    USB_OTG_ReadDevOutEP_itr                 0x0000547d   Thumb Code    22  usb_core.o(i.USB_OTG_ReadDevOutEP_itr)
    USB_OTG_ReadPacket                       0x00005493   Thumb Code    56  usb_core.o(i.USB_OTG_ReadPacket)
    USB_OTG_SelectCore                       0x000054cb   Thumb Code   144  usb_core.o(i.USB_OTG_SelectCore)
    USB_OTG_SetCurrentMode                   0x0000555b   Thumb Code    18  usb_core.o(i.USB_OTG_SetCurrentMode)
    USB_OTG_WritePacket                      0x0000556d   Thumb Code    82  usb_core.o(i.USB_OTG_WritePacket)
    UserInit                                 0x000055f1   Thumb Code    20  user_init.o(i.UserInit)
    WKUP_USB_init                            0x00005605   Thumb Code    76  wkup.o(i.WKUP_USB_init)
    WKUP_init                                0x00005655   Thumb Code    80  wkup.o(i.WKUP_init)
    __ARM_common_ll_muluu                    0x000056ad   Thumb Code    48  user_init.o(i.__ARM_common_ll_muluu)
    __ARM_common_switch8                     0x000056dd   Thumb Code    28  fm33lc0xx_ll_lpuart.o(i.__ARM_common_switch8)
    _is_digit                                0x000056f9   Thumb Code    14  __printf_wp.o(i._is_digit)
    blink_green                              0x00005735   Thumb Code    40  user_init.o(i.blink_green)
    blink_red                                0x00005761   Thumb Code    40  user_init.o(i.blink_red)
    main                                     0x00005d31   Thumb Code   342  main.o(i.main)
    _get_lc_ctype                            0x000061d1   Thumb Code    44  lc_ctype_c.o(locale$$code)
    MSC_Page00_Inquiry_Data                  0x00006208   Data           7  msc_data.o(.constdata)
    MSC_Mode_Sense6_data                     0x0000620f   Data           8  msc_data.o(.constdata)
    MSC_Mode_Sense10_data                    0x00006217   Data           8  msc_data.o(.constdata)
    Region$$Table$$Base                      0x00006258   Number         0  anon$$obj.o(Region$$Table)
    Region$$Table$$Limit                     0x00006278   Number         0  anon$$obj.o(Region$$Table)
    __ctype                                  0x00006285   Data           0  lc_ctype_c.o(locale$$data)
    systemClock                              0x20000000   Data           4  user_init.o(.data)
    SET_TEST_MODE                            0x20000004   Data           4  usbd_core.o(.data)
    USBD_DCD_INT_cb                          0x20000008   Data          44  usbd_core.o(.data)
    USBD_DCD_INT_fops                        0x20000034   Data           4  usbd_core.o(.data)
    USBD_ep_status                           0x20000038   Data           4  usbd_req.o(.data)
    USBD_default_cfg                         0x2000003c   Data           4  usbd_req.o(.data)
    USBD_cfg_status                          0x20000040   Data           4  usbd_req.o(.data)
    USR_desc                                 0x20000048   Data          28  usbd_desc.o(.data)
    USBD_DeviceDesc                          0x20000064   Data          18  usbd_desc.o(.data)
    USBD_LangIDDesc                          0x20000076   Data           4  usbd_desc.o(.data)
    USBD_StringSerial                        0x2000007a   Data          66  usbd_desc.o(.data)
    USR_cb                                   0x200000bc   Data          28  usbd_usr.o(.data)
    MSC_BOT_DataLen                          0x200000d8   Data           2  msc_bot.o(.data)
    MSC_BOT_State                            0x200000da   Data           1  msc_bot.o(.data)
    MSC_BOT_Status                           0x200000db   Data           1  msc_bot.o(.data)
    USBD_MSC_cb                              0x200000dc   Data          44  msc_core.o(.data)
    USBD_MSC_CfgDesc                         0x20000108   Data          32  msc_core.o(.data)
    USBD_STORAGE_fops                        0x20000178   Data           4  msc_mem.o(.data)
    SCSI_Sense_Head                          0x2000017c   Data           1  msc_scsi.o(.data)
    SCSI_Sense_Tail                          0x2000017d   Data           1  msc_scsi.o(.data)
    SCSI_blk_size                            0x20000180   Data           4  msc_scsi.o(.data)
    SCSI_blk_nbr                             0x20000184   Data           4  msc_scsi.o(.data)
    SCSI_blk_addr                            0x20000188   Data           4  msc_scsi.o(.data)
    SCSI_blk_len                             0x2000018c   Data           4  msc_scsi.o(.data)
    cdev                                     0x20000190   Data           4  msc_scsi.o(.data)
    USB_OTG_dev                              0x20000194   Data        1456  usb_bsp.o(.bss)
    USBD_StrDesc                             0x20000744   Data          64  usbd_desc.o(.bss)
    MSC_BOT_Data                             0x20000784   Data         512  msc_bot.o(.bss)
    MSC_BOT_cbw                              0x20000984   Data          32  msc_bot.o(.bss)
    MSC_BOT_csw                              0x200009a4   Data          16  msc_bot.o(.bss)
    SCSI_Sense                               0x20000ad4   Data          32  msc_scsi.o(.bss)
    __libspace_start                         0x20000af4   Data          96  libspace.o(.bss)
    __temporary_stack_top$libspace           0x20000b54   Data           0  libspace.o(.bss)



==============================================================================

Memory Map of the image

  Image Entry point : 0x000000c1

  Load Region LR_IROM1 (Base: 0x00000000, Size: 0x0000651c, Max: 0x00040000, ABSOLUTE, COMPRESSED[0x0000645c])

    Execution Region ER_IROM1 (Exec base: 0x00000000, Load base: 0x00000000, Size: 0x00006388, Max: 0x00040000, ABSOLUTE)

    Exec Addr    Load Addr    Size         Type   Attr      Idx    E Section Name        Object

    0x00000000   0x00000000   0x000000c0   Data   RO            3    RESET               startup_fm33lc0xx.o
    0x000000c0   0x000000c0   0x00000008   Code   RO         4085  * !!!main             c_p.l(__main.o)
    0x000000c8   0x000000c8   0x0000003c   Code   RO         4306    !!!scatter          c_p.l(__scatter.o)
    0x00000104   0x00000104   0x0000001c   Code   RO         4308    !!handler_zi        c_p.l(__scatter_zi.o)
    0x00000120   0x00000120   0x00000002   Code   RO         4060    .ARM.Collect$$_printf_percent$$00000000  c_p.l(_printf_percent.o)
    0x00000122   0x00000122   0x0000000a   Code   RO         4058    .ARM.Collect$$_printf_percent$$00000009  c_p.l(_printf_d.o)
    0x0000012c   0x0000012c   0x0000000a   Code   RO         4059    .ARM.Collect$$_printf_percent$$0000000A  c_p.l(_printf_u.o)
    0x00000136   0x00000136   0x0000000a   Code   RO         4057    .ARM.Collect$$_printf_percent$$0000000C  c_p.l(_printf_x.o)
    0x00000140   0x00000140   0x00000004   Code   RO         4124    .ARM.Collect$$_printf_percent$$00000017  c_p.l(_printf_percent_end.o)
    0x00000144   0x00000144   0x00000002   Code   RO         4174    .ARM.Collect$$libinit$$00000000  c_p.l(libinit.o)
    0x00000146   0x00000146   0x00000000   Code   RO         4176    .ARM.Collect$$libinit$$00000002  c_p.l(libinit2.o)
    0x00000146   0x00000146   0x00000000   Code   RO         4178    .ARM.Collect$$libinit$$00000004  c_p.l(libinit2.o)
    0x00000146   0x00000146   0x00000000   Code   RO         4181    .ARM.Collect$$libinit$$0000000A  c_p.l(libinit2.o)
    0x00000146   0x00000146   0x00000000   Code   RO         4183    .ARM.Collect$$libinit$$0000000C  c_p.l(libinit2.o)
    0x00000146   0x00000146   0x00000000   Code   RO         4185    .ARM.Collect$$libinit$$0000000E  c_p.l(libinit2.o)
    0x00000146   0x00000146   0x00000006   Code   RO         4186    .ARM.Collect$$libinit$$0000000F  c_p.l(libinit2.o)
    0x0000014c   0x0000014c   0x00000000   Code   RO         4188    .ARM.Collect$$libinit$$00000011  c_p.l(libinit2.o)
    0x0000014c   0x0000014c   0x0000000c   Code   RO         4189    .ARM.Collect$$libinit$$00000012  c_p.l(libinit2.o)
    0x00000158   0x00000158   0x00000000   Code   RO         4190    .ARM.Collect$$libinit$$00000013  c_p.l(libinit2.o)
    0x00000158   0x00000158   0x00000000   Code   RO         4192    .ARM.Collect$$libinit$$00000015  c_p.l(libinit2.o)
    0x00000158   0x00000158   0x00000000   Code   RO         4194    .ARM.Collect$$libinit$$00000017  c_p.l(libinit2.o)
    0x00000158   0x00000158   0x00000000   Code   RO         4196    .ARM.Collect$$libinit$$00000019  c_p.l(libinit2.o)
    0x00000158   0x00000158   0x00000000   Code   RO         4198    .ARM.Collect$$libinit$$0000001B  c_p.l(libinit2.o)
    0x00000158   0x00000158   0x00000000   Code   RO         4200    .ARM.Collect$$libinit$$0000001D  c_p.l(libinit2.o)
    0x00000158   0x00000158   0x00000000   Code   RO         4202    .ARM.Collect$$libinit$$0000001F  c_p.l(libinit2.o)
    0x00000158   0x00000158   0x00000000   Code   RO         4204    .ARM.Collect$$libinit$$00000021  c_p.l(libinit2.o)
    0x00000158   0x00000158   0x00000000   Code   RO         4206    .ARM.Collect$$libinit$$00000023  c_p.l(libinit2.o)
    0x00000158   0x00000158   0x00000000   Code   RO         4208    .ARM.Collect$$libinit$$00000025  c_p.l(libinit2.o)
    0x00000158   0x00000158   0x00000000   Code   RO         4212    .ARM.Collect$$libinit$$0000002C  c_p.l(libinit2.o)
    0x00000158   0x00000158   0x00000000   Code   RO         4214    .ARM.Collect$$libinit$$0000002E  c_p.l(libinit2.o)
    0x00000158   0x00000158   0x00000000   Code   RO         4216    .ARM.Collect$$libinit$$00000030  c_p.l(libinit2.o)
    0x00000158   0x00000158   0x00000000   Code   RO         4218    .ARM.Collect$$libinit$$00000032  c_p.l(libinit2.o)
    0x00000158   0x00000158   0x00000002   Code   RO         4219    .ARM.Collect$$libinit$$00000033  c_p.l(libinit2.o)
    0x0000015a   0x0000015a   0x00000002   Code   RO         4267    .ARM.Collect$$libshutdown$$00000000  c_p.l(libshutdown.o)
    0x0000015c   0x0000015c   0x00000000   Code   RO         4285    .ARM.Collect$$libshutdown$$00000002  c_p.l(libshutdown2.o)
    0x0000015c   0x0000015c   0x00000000   Code   RO         4287    .ARM.Collect$$libshutdown$$00000004  c_p.l(libshutdown2.o)
    0x0000015c   0x0000015c   0x00000000   Code   RO         4289    .ARM.Collect$$libshutdown$$00000006  c_p.l(libshutdown2.o)
    0x0000015c   0x0000015c   0x00000000   Code   RO         4292    .ARM.Collect$$libshutdown$$00000009  c_p.l(libshutdown2.o)
    0x0000015c   0x0000015c   0x00000000   Code   RO         4295    .ARM.Collect$$libshutdown$$0000000C  c_p.l(libshutdown2.o)
    0x0000015c   0x0000015c   0x00000000   Code   RO         4297    .ARM.Collect$$libshutdown$$0000000E  c_p.l(libshutdown2.o)
    0x0000015c   0x0000015c   0x00000000   Code   RO         4300    .ARM.Collect$$libshutdown$$00000011  c_p.l(libshutdown2.o)
    0x0000015c   0x0000015c   0x00000002   Code   RO         4301    .ARM.Collect$$libshutdown$$00000012  c_p.l(libshutdown2.o)
    0x0000015e   0x0000015e   0x00000000   Code   RO         4107    .ARM.Collect$$rtentry$$00000000  c_p.l(__rtentry.o)
    0x0000015e   0x0000015e   0x00000000   Code   RO         4129    .ARM.Collect$$rtentry$$00000002  c_p.l(__rtentry2.o)
    0x0000015e   0x0000015e   0x00000006   Code   RO         4141    .ARM.Collect$$rtentry$$00000004  c_p.l(__rtentry4.o)
    0x00000164   0x00000164   0x00000000   Code   RO         4131    .ARM.Collect$$rtentry$$00000009  c_p.l(__rtentry2.o)
    0x00000164   0x00000164   0x00000004   Code   RO         4132    .ARM.Collect$$rtentry$$0000000A  c_p.l(__rtentry2.o)
    0x00000168   0x00000168   0x00000000   Code   RO         4134    .ARM.Collect$$rtentry$$0000000C  c_p.l(__rtentry2.o)
    0x00000168   0x00000168   0x00000008   Code   RO         4135    .ARM.Collect$$rtentry$$0000000D  c_p.l(__rtentry2.o)
    0x00000170   0x00000170   0x00000002   Code   RO         4221    .ARM.Collect$$rtexit$$00000000  c_p.l(rtexit.o)
    0x00000172   0x00000172   0x00000000   Code   RO         4236    .ARM.Collect$$rtexit$$00000002  c_p.l(rtexit2.o)
    0x00000172   0x00000172   0x00000004   Code   RO         4237    .ARM.Collect$$rtexit$$00000003  c_p.l(rtexit2.o)
    0x00000176   0x00000176   0x00000006   Code   RO         4238    .ARM.Collect$$rtexit$$00000004  c_p.l(rtexit2.o)
    0x0000017c   0x0000017c   0x00000038   Code   RO         4065    .emb_text           c_p.l(rt_memcpy.o)
    0x000001b4   0x000001b4   0x00000038   Code   RO            4    .text               startup_fm33lc0xx.o
    0x000001ec   0x000001ec   0x00000102   Code   RO         4002    .text               c_p.l(lludiv.o)
    0x000002ee   0x000002ee   0x0000001e   Code   RO         4004    .text               c_p.l(toupper.o)
    0x0000030c   0x0000030c   0x0000002c   Code   RO         4006    .text               c_p.l(__2sprintf.o)
    0x00000338   0x00000338   0x0000004e   Code   RO         4012    .text               c_p.l(_printf_pad.o)
    0x00000386   0x00000386   0x00000002   PAD
    0x00000388   0x00000388   0x0000006c   Code   RO         4014    .text               c_p.l(_printf_dec.o)
    0x000003f4   0x000003f4   0x00000058   Code   RO         4019    .text               c_p.l(_printf_hex_int.o)
    0x0000044c   0x0000044c   0x00000188   Code   RO         4054    .text               c_p.l(__printf_flags_ss_wp.o)
    0x000005d4   0x000005d4   0x0000005a   Code   RO         4061    .text               c_p.l(memcmp.o)
    0x0000062e   0x0000062e   0x00000002   PAD
    0x00000630   0x00000630   0x00000044   Code   RO         4063    .text               c_p.l(strlen.o)
    0x00000674   0x00000674   0x00000082   Code   RO         4066    .text               c_p.l(rt_memcpy.o)
    0x000006f6   0x000006f6   0x00000012   Code   RO         4069    .text               c_p.l(aeabi_memset.o)
    0x00000708   0x00000708   0x00000040   Code   RO         4071    .text               c_p.l(rt_memclr.o)
    0x00000748   0x00000748   0x0000006c   Code   RO         4073    .text               c_p.l(strncpy.o)
    0x000007b4   0x000007b4   0x00000016   Code   RO         4075    .text               c_p.l(uread4.o)
    0x000007ca   0x000007ca   0x00000010   Code   RO         4077    .text               c_p.l(uwrite4.o)
    0x000007da   0x000007da   0x0000015a   Code   RO         4079    .text               c_p.l(aeabi_sdiv.o)
    0x00000934   0x00000934   0x00000006   Code   RO         4083    .text               c_p.l(heapauxi.o)
    0x0000093a   0x0000093a   0x00000002   PAD
    0x0000093c   0x0000093c   0x00000010   Code   RO         4108    .text               c_p.l(rt_ctype_table.o)
    0x0000094c   0x0000094c   0x000000b0   Code   RO         4118    .text               c_p.l(_printf_intcommon.o)
    0x000009fc   0x000009fc   0x00000030   Code   RO         4120    .text               c_p.l(_printf_char_common.o)
    0x00000a2c   0x00000a2c   0x0000000a   Code   RO         4122    .text               c_p.l(_sputc.o)
    0x00000a36   0x00000a36   0x00000028   Code   RO         4125    .text               c_p.l(rtudiv10.o)
    0x00000a5e   0x00000a5e   0x00000002   PAD
    0x00000a60   0x00000a60   0x00000008   Code   RO         4148    .text               c_p.l(rt_locale_intlibspace.o)
    0x00000a68   0x00000a68   0x00000008   Code   RO         4155    .text               c_p.l(libspace.o)
    0x00000a70   0x00000a70   0x0000003e   Code   RO         4158    .text               c_p.l(sys_stackheap_outer.o)
    0x00000aae   0x00000aae   0x00000010   Code   RO         4161    .text               c_p.l(exit.o)
    0x00000abe   0x00000abe   0x00000002   PAD
    0x00000ac0   0x00000ac0   0x00000088   Code   RO         4167    .text               c_p.l(strcmp.o)
    0x00000b48   0x00000b48   0x0000000c   Code   RO         4233    .text               c_p.l(sys_exit.o)
    0x00000b54   0x00000b54   0x00000002   Code   RO         4254    .text               c_p.l(use_no_semi.o)
    0x00000b56   0x00000b56   0x00000000   Code   RO         4256    .text               c_p.l(indicate_semi.o)
    0x00000b56   0x00000b56   0x0000003a   Code   RO         4304    .text               c_p.l(__dczerorl.o)
    0x00000b90   0x00000b90   0x00000010   Code   RO          808    i.BSTIM_IRQHandler  usb.o
    0x00000ba0   0x00000ba0   0x00000154   Code   RO          303    i.ClockInit         user_init.o
    0x00000cf4   0x00000cf4   0x0000004c   Code   RO         2875    i.DCD_EP_Close      usb_dcd.o
    0x00000d40   0x00000d40   0x0000004c   Code   RO         2876    i.DCD_EP_ClrStall   usb_dcd.o
    0x00000d8c   0x00000d8c   0x00000024   Code   RO         2877    i.DCD_EP_Flush      usb_dcd.o
    0x00000db0   0x00000db0   0x0000006a   Code   RO         2878    i.DCD_EP_Open       usb_dcd.o
    0x00000e1a   0x00000e1a   0x00000056   Code   RO         2879    i.DCD_EP_PrepareRx  usb_dcd.o
    0x00000e70   0x00000e70   0x00000028   Code   RO         2880    i.DCD_EP_SetAddress  usb_dcd.o
    0x00000e98   0x00000e98   0x0000004c   Code   RO         2881    i.DCD_EP_Stall      usb_dcd.o
    0x00000ee4   0x00000ee4   0x0000004c   Code   RO         2882    i.DCD_EP_Tx         usb_dcd.o
    0x00000f30   0x00000f30   0x00000194   Code   RO         2965    i.DCD_HandleEnumDone_ISR  usb_dcd_int.o
    0x000010c4   0x000010c4   0x00000134   Code   RO         2966    i.DCD_HandleInEP_ISR  usb_dcd_int.o
    0x000011f8   0x000011f8   0x00000110   Code   RO         2967    i.DCD_HandleOutEP_ISR  usb_dcd_int.o
    0x00001308   0x00001308   0x00000070   Code   RO         2968    i.DCD_HandleResume_ISR  usb_dcd_int.o
    0x00001378   0x00001378   0x000000c0   Code   RO         2969    i.DCD_HandleRxStatusQueueLevel_ISR  usb_dcd_int.o
    0x00001438   0x00001438   0x0000002c   Code   RO         2970    i.DCD_HandleSof_ISR  usb_dcd_int.o
    0x00001464   0x00001464   0x000000a8   Code   RO         2971    i.DCD_HandleUSBSuspend_ISR  usb_dcd_int.o
    0x0000150c   0x0000150c   0x00000108   Code   RO         2972    i.DCD_HandleUsbReset_ISR  usb_dcd_int.o
    0x00001614   0x00001614   0x0000009a   Code   RO         2884    i.DCD_Init          usb_dcd.o
    0x000016ae   0x000016ae   0x00000002   PAD
    0x000016b0   0x000016b0   0x0000002c   Code   RO         2973    i.DCD_IsoINIncomplete_ISR  usb_dcd_int.o
    0x000016dc   0x000016dc   0x0000002c   Code   RO         2974    i.DCD_IsoOUTIncomplete_ISR  usb_dcd_int.o
    0x00001708   0x00001708   0x00000026   Code   RO         2975    i.DCD_ReadDevInEP   usb_dcd_int.o
    0x0000172e   0x0000172e   0x000000aa   Code   RO         2976    i.DCD_WriteEmptyTxFifo  usb_dcd_int.o
    0x000017d8   0x000017d8   0x00000018   Code   RO          304    i.DelayMs           user_init.o
    0x000017f0   0x000017f0   0x00000050   Code   RO          305    i.DelayUs           user_init.o
    0x00001840   0x00001840   0x0000007c   Code   RO          591    i.FlashGpio_init    spi_flash.o
    0x000018bc   0x000018bc   0x0000007c   Code   RO          592    i.FlashSpi_init     spi_flash.o
    0x00001938   0x00001938   0x00000014   Code   RO          593    i.Flash_CS_High     spi_flash.o
    0x0000194c   0x0000194c   0x00000014   Code   RO          594    i.Flash_CS_Low      spi_flash.o
    0x00001960   0x00001960   0x00000016   Code   RO          595    i.Flash_CheckID     spi_flash.o
    0x00001976   0x00001976   0x00000002   PAD
    0x00001978   0x00001978   0x00000144   Code   RO          596    i.Flash_LogLine_Ring5  spi_flash.o
    0x00001abc   0x00001abc   0x000000cc   Code   RO          597    i.Flash_LogTemperatureWithTime_Ring5_Q4  spi_flash.o
    0x00001b88   0x00001b88   0x00000056   Code   RO          598    i.Flash_PageProgram  spi_flash.o
    0x00001bde   0x00001bde   0x00000040   Code   RO          599    i.Flash_ReadData    spi_flash.o
    0x00001c1e   0x00001c1e   0x00000030   Code   RO          600    i.Flash_ReadID      spi_flash.o
    0x00001c4e   0x00001c4e   0x0000001c   Code   RO          601    i.Flash_ReadStatus  spi_flash.o
    0x00001c6a   0x00001c6a   0x00000036   Code   RO          602    i.Flash_SectorErase  spi_flash.o
    0x00001ca0   0x00001ca0   0x00000024   Code   RO          603    i.Flash_WaitForReady  spi_flash.o
    0x00001cc4   0x00001cc4   0x0000003e   Code   RO          604    i.Flash_WriteBytes  spi_flash.o
    0x00001d02   0x00001d02   0x00000012   Code   RO          605    i.Flash_WriteEnable  spi_flash.o
    0x00001d14   0x00001d14   0x00000084   Code   RO          606    i.Flash_WriteFileEntry  spi_flash.o
    0x00001d98   0x00001d98   0x00000018   Code   RO          608    i.Flash_WriteTemperatureWithTimeFile_Q4  spi_flash.o
    0x00001db0   0x00001db0   0x00000044   Code   RO          306    i.FoutInit          user_init.o
    0x00001df4   0x00001df4   0x00000044   Code   RO         3432    i.Get_SerialNum     usbd_desc.o
    0x00001e38   0x00001e38   0x00000036   Code   RO         3433    i.IntToUnicode      usbd_desc.o
    0x00001e6e   0x00001e6e   0x00000002   PAD
    0x00001e70   0x00001e70   0x00000124   Code   RO         1336    i.LL_BSTIM_Init     fm33lc0xx_ll_bstim.o
    0x00001f94   0x00001f94   0x0000008c   Code   RO         1630    i.LL_GPIO_ALLPIN_LPM_MODE  fm33lc0xx_ll_gpio.o
    0x00002020   0x00002020   0x00000012   Code   RO          458    i.LL_GPIO_EnableWkup  wkup.o
    0x00002032   0x00002032   0x00000002   PAD
    0x00002034   0x00002034   0x0000019c   Code   RO         1632    i.LL_GPIO_Init      fm33lc0xx_ll_gpio.o
    0x000021d0   0x000021d0   0x00000016   Code   RO          106    i.LL_GPIO_IsInputPinSet  main.o
    0x000021e6   0x000021e6   0x0000000a   Code   RO          107    i.LL_GPIO_ResetOutputPin  main.o
    0x000021f0   0x000021f0   0x0000000a   Code   RO          307    i.LL_GPIO_ResetOutputPin  user_init.o
    0x000021fa   0x000021fa   0x0000000a   Code   RO          949    i.LL_GPIO_ResetOutputPin  nst112.o
    0x00002204   0x00002204   0x0000000a   Code   RO          308    i.LL_GPIO_SetOutputPin  user_init.o
    0x0000220e   0x0000220e   0x0000000a   Code   RO          950    i.LL_GPIO_SetOutputPin  nst112.o
    0x00002218   0x00002218   0x0000000a   Code   RO         1633    i.LL_GPIO_SetOutputPin  fm33lc0xx_ll_gpio.o
    0x00002222   0x00002222   0x00000014   Code   RO          459    i.LL_GPIO_SetWkupEntry  wkup.o
    0x00002236   0x00002236   0x0000001a   Code   RO          460    i.LL_GPIO_SetWkupPolarity  wkup.o
    0x00002250   0x00002250   0x00000018   Code   RO         1634    i.LL_GPIO_StructInit  fm33lc0xx_ll_gpio.o
    0x00002268   0x00002268   0x00000004   Code   RO          461    i.LL_PMU_ClearFlag_WakeupPIN  wkup.o
    0x0000226c   0x0000226c   0x00000014   Code   RO          462    i.LL_PMU_IsActiveFlag_WakeupPIN  wkup.o
    0x00002280   0x00002280   0x00000010   Code   RO         2397    i.LL_RCC_DisableResetAPB2Peripheral  fm33lc0xx_ll_spi.o
    0x00002290   0x00002290   0x00000010   Code   RO         2398    i.LL_RCC_EnableResetAPB2Peripheral  fm33lc0xx_ll_spi.o
    0x000022a0   0x000022a0   0x00000014   Code   RO          463    i.LL_RCC_Enable_SleepmodeExternalInterrupt  wkup.o
    0x000022b4   0x000022b4   0x00000010   Code   RO          464    i.LL_RCC_Group1_EnableOperationClock  wkup.o
    0x000022c4   0x000022c4   0x00000010   Code   RO         2399    i.LL_RCC_Group3_DisableBusClock  fm33lc0xx_ll_spi.o
    0x000022d4   0x000022d4   0x00000010   Code   RO         2400    i.LL_RCC_Group3_EnableBusClock  fm33lc0xx_ll_spi.o
    0x000022e4   0x000022e4   0x00000018   Code   RO          309    i.LL_RCC_SetRCHFFrequency  user_init.o
    0x000022fc   0x000022fc   0x00000014   Code   RO          310    i.LL_RCC_SetRCHFTrimValue  user_init.o
    0x00002310   0x00002310   0x0000007c   Code   RO         2401    i.LL_SPI_DeInit     fm33lc0xx_ll_spi.o
    0x0000238c   0x0000238c   0x000001e4   Code   RO         2402    i.LL_SPI_Init       fm33lc0xx_ll_spi.o
    0x00002570   0x00002570   0x0000001c   Code   RO         2403    i.LL_SPI_StructInit  fm33lc0xx_ll_spi.o
    0x0000258c   0x0000258c   0x00000060   Code   RO          311    i.LedInit           user_init.o
    0x000025ec   0x000025ec   0x00000040   Code   RO           13    i.MF_Clock_Init     mf_config.o
    0x0000262c   0x0000262c   0x00000002   Code   RO           14    i.MF_Config_Init    mf_config.o
    0x0000262e   0x0000262e   0x00000002   Code   RO           15    i.MF_SystemClock_Config  mf_config.o
    0x00002630   0x00002630   0x0000004c   Code   RO         3568    i.MSC_BOT_Abort     msc_bot.o
    0x0000267c   0x0000267c   0x000000d0   Code   RO         3569    i.MSC_BOT_CBW_Decode  msc_bot.o
    0x0000274c   0x0000274c   0x0000003c   Code   RO         3570    i.MSC_BOT_CplClrFeature  msc_bot.o
    0x00002788   0x00002788   0x00000050   Code   RO         3571    i.MSC_BOT_DataIn    msc_bot.o
    0x000027d8   0x000027d8   0x00000048   Code   RO         3572    i.MSC_BOT_DataOut   msc_bot.o
    0x00002820   0x00002820   0x0000000c   Code   RO         3573    i.MSC_BOT_DeInit    msc_bot.o
    0x0000282c   0x0000282c   0x00000048   Code   RO         3574    i.MSC_BOT_Init      msc_bot.o
    0x00002874   0x00002874   0x0000002c   Code   RO         3575    i.MSC_BOT_Reset     msc_bot.o
    0x000028a0   0x000028a0   0x00000040   Code   RO         3576    i.MSC_BOT_SendCSW   msc_bot.o
    0x000028e0   0x000028e0   0x00000048   Code   RO         3577    i.MSC_BOT_SendData  msc_bot.o
    0x00002928   0x00002928   0x00000014   Code   RO         3723    i.MSC_PrepareImage  msc_mem.o
    0x0000293c   0x0000293c   0x00000030   Code   RO          465    i.NMI_Handler       wkup.o
    0x0000296c   0x0000296c   0x0000003c   Code   RO          951    i.NST112_GPIO_Init  nst112.o
    0x000029a8   0x000029a8   0x00000088   Code   RO          952    i.NST112_ReadTempQ4  nst112.o
    0x00002a30   0x00002a30   0x00000018   Code   RO         3292    i.NVIC_DisableIRQ   usb_bsp.o
    0x00002a48   0x00002a48   0x00000078   Code   RO          809    i.NVIC_SetPriority  usb.o
    0x00002ac0   0x00002ac0   0x00000078   Code   RO         3293    i.NVIC_SetPriority  usb_bsp.o
    0x00002b38   0x00002b38   0x00000050   Code   RO          108    i.RTC_BuildSignature  main.o
    0x00002b88   0x00002b88   0x000000c8   Code   RO          109    i.RTC_ParseBuildDateTime  main.o
    0x00002c50   0x00002c50   0x00000074   Code   RO          110    i.RTC_ReadTimeHMS   main.o
    0x00002cc4   0x00002cc4   0x000000d4   Code   RO          111    i.RTC_SimpleInit_IfNeeded  main.o
    0x00002d98   0x00002d98   0x0000002c   Code   RO         3894    i.SCSI_CheckAddressRange  msc_scsi.o
    0x00002dc4   0x00002dc4   0x00000058   Code   RO         3895    i.SCSI_Inquiry      msc_scsi.o
    0x00002e1c   0x00002e1c   0x00000030   Code   RO         3896    i.SCSI_ModeSense10  msc_scsi.o
    0x00002e4c   0x00002e4c   0x00000030   Code   RO         3897    i.SCSI_ModeSense6   msc_scsi.o
    0x00002e7c   0x00002e7c   0x000000d8   Code   RO         3898    i.SCSI_ProcessCmd   msc_scsi.o
    0x00002f54   0x00002f54   0x000000b8   Code   RO         3899    i.SCSI_ProcessRead  msc_scsi.o
    0x0000300c   0x0000300c   0x000000d0   Code   RO         3900    i.SCSI_ProcessWrite  msc_scsi.o
    0x000030dc   0x000030dc   0x000000f4   Code   RO         3901    i.SCSI_Read10       msc_scsi.o
    0x000031d0   0x000031d0   0x00000094   Code   RO         3902    i.SCSI_ReadCapacity10  msc_scsi.o
    0x00003264   0x00003264   0x00000090   Code   RO         3903    i.SCSI_ReadFormatCapacity  msc_scsi.o
    0x000032f4   0x000032f4   0x00000098   Code   RO         3904    i.SCSI_RequestSense  msc_scsi.o
    0x0000338c   0x0000338c   0x0000003c   Code   RO         3905    i.SCSI_SenseCode    msc_scsi.o
    0x000033c8   0x000033c8   0x00000010   Code   RO         3906    i.SCSI_StartStopUnit  msc_scsi.o
    0x000033d8   0x000033d8   0x00000054   Code   RO         3907    i.SCSI_TestUnitReady  msc_scsi.o
    0x0000342c   0x0000342c   0x00000074   Code   RO         3908    i.SCSI_Verify10     msc_scsi.o
    0x000034a0   0x000034a0   0x00000138   Code   RO         3909    i.SCSI_Write10      msc_scsi.o
    0x000035d8   0x000035d8   0x00000044   Code   RO          615    i.SPI_TransmitReceive  spi_flash.o
    0x0000361c   0x0000361c   0x0000001e   Code   RO         3728    i.STORAGE_GetCapacity  msc_mem.o
    0x0000363a   0x0000363a   0x00000004   Code   RO         3729    i.STORAGE_GetMaxLun  msc_mem.o
    0x0000363e   0x0000363e   0x00000002   PAD
    0x00003640   0x00003640   0x00000010   Code   RO         3730    i.STORAGE_Init      msc_mem.o
    0x00003650   0x00003650   0x00000018   Code   RO         3731    i.STORAGE_IsReady   msc_mem.o
    0x00003668   0x00003668   0x00000006   Code   RO         3732    i.STORAGE_IsWriteProtected  msc_mem.o
    0x0000366e   0x0000366e   0x00000002   PAD
    0x00003670   0x00003670   0x00000044   Code   RO         3733    i.STORAGE_Read      msc_mem.o
    0x000036b4   0x000036b4   0x0000000a   Code   RO         3734    i.STORAGE_Write     msc_mem.o
    0x000036be   0x000036be   0x00000002   PAD
    0x000036c0   0x000036c0   0x00000064   Code   RO          470    i.Sleep_Deep        wkup.o
    0x00003724   0x00003724   0x000000b4   Code   RO         1046    i.SystemInit        system_fm33lc0xx.o
    0x000037d8   0x000037d8   0x00000028   Code   RO          316    i.SystickInit       user_init.o
    0x00003800   0x00003800   0x0000001e   Code   RO         3045    i.USBD_ClrCfg       usbd_core.o
    0x0000381e   0x0000381e   0x0000004c   Code   RO         3198    i.USBD_ClrFeature   usbd_req.o
    0x0000386a   0x0000386a   0x0000001a   Code   RO         3139    i.USBD_CtlContinueRx  usbd_ioreq.o
    0x00003884   0x00003884   0x0000001a   Code   RO         3140    i.USBD_CtlContinueSendData  usbd_ioreq.o
    0x0000389e   0x0000389e   0x0000001e   Code   RO         3199    i.USBD_CtlError     usbd_req.o
    0x000038bc   0x000038bc   0x00000022   Code   RO         3142    i.USBD_CtlReceiveStatus  usbd_ioreq.o
    0x000038de   0x000038de   0x00000028   Code   RO         3143    i.USBD_CtlSendData  usbd_ioreq.o
    0x00003906   0x00003906   0x00000022   Code   RO         3144    i.USBD_CtlSendStatus  usbd_ioreq.o
    0x00003928   0x00003928   0x000000fa   Code   RO         3046    i.USBD_DataInStage  usbd_core.o
    0x00003a22   0x00003a22   0x000000b4   Code   RO         3047    i.USBD_DataOutStage  usbd_core.o
    0x00003ad6   0x00003ad6   0x00000006   Code   RO         3048    i.USBD_DeInit       usbd_core.o
    0x00003adc   0x00003adc   0x00000050   Code   RO         3200    i.USBD_GetConfig    usbd_req.o
    0x00003b2c   0x00003b2c   0x0000015e   Code   RO         3201    i.USBD_GetDescriptor  usbd_req.o
    0x00003c8a   0x00003c8a   0x00000014   Code   RO         3202    i.USBD_GetLen       usbd_req.o
    0x00003c9e   0x00003c9e   0x0000001a   Code   RO         3145    i.USBD_GetRxCount   usbd_ioreq.o
    0x00003cb8   0x00003cb8   0x00000050   Code   RO         3203    i.USBD_GetStatus    usbd_req.o
    0x00003d08   0x00003d08   0x0000004e   Code   RO         3204    i.USBD_GetString    usbd_req.o
    0x00003d56   0x00003d56   0x00000056   Code   RO         3049    i.USBD_Init         usbd_core.o
    0x00003dac   0x00003dac   0x0000001a   Code   RO         3050    i.USBD_IsoINIncomplete  usbd_core.o
    0x00003dc6   0x00003dc6   0x0000001a   Code   RO         3051    i.USBD_IsoOUTIncomplete  usbd_core.o
    0x00003de0   0x00003de0   0x00000012   Code   RO         3651    i.USBD_MSC_DataIn   msc_core.o
    0x00003df2   0x00003df2   0x00000012   Code   RO         3652    i.USBD_MSC_DataOut  msc_core.o
    0x00003e04   0x00003e04   0x00000020   Code   RO         3653    i.USBD_MSC_DeInit   msc_core.o
    0x00003e24   0x00003e24   0x00000010   Code   RO         3654    i.USBD_MSC_GetCfgDesc  msc_core.o
    0x00003e34   0x00003e34   0x00000030   Code   RO         3655    i.USBD_MSC_Init     msc_core.o
    0x00003e64   0x00003e64   0x00000128   Code   RO         3656    i.USBD_MSC_Setup    msc_core.o
    0x00003f8c   0x00003f8c   0x000000f6   Code   RO         2977    i.USBD_OTG_ISR_Handler  usb_dcd_int.o
    0x00004082   0x00004082   0x00000002   PAD
    0x00004084   0x00004084   0x00000078   Code   RO         3205    i.USBD_ParseSetupRequest  usbd_req.o
    0x000040fc   0x000040fc   0x00000038   Code   RO         3052    i.USBD_Reset        usbd_core.o
    0x00004134   0x00004134   0x00000024   Code   RO         3053    i.USBD_Resume       usbd_core.o
    0x00004158   0x00004158   0x00000014   Code   RO         3054    i.USBD_RunTestMode  usbd_core.o
    0x0000416c   0x0000416c   0x0000002a   Code   RO         3055    i.USBD_SOF          usbd_core.o
    0x00004196   0x00004196   0x0000005a   Code   RO         3206    i.USBD_SetAddress   usbd_req.o
    0x000041f0   0x000041f0   0x0000002e   Code   RO         3056    i.USBD_SetCfg       usbd_core.o
    0x0000421e   0x0000421e   0x00000002   PAD
    0x00004220   0x00004220   0x000000d0   Code   RO         3207    i.USBD_SetConfig    usbd_req.o
    0x000042f0   0x000042f0   0x000000b8   Code   RO         3208    i.USBD_SetFeature   usbd_req.o
    0x000043a8   0x000043a8   0x00000058   Code   RO         3057    i.USBD_SetupStage   usbd_core.o
    0x00004400   0x00004400   0x00000072   Code   RO         3209    i.USBD_StdDevReq    usbd_req.o
    0x00004472   0x00004472   0x00000002   PAD
    0x00004474   0x00004474   0x0000019c   Code   RO         3210    i.USBD_StdEPReq     usbd_req.o
    0x00004610   0x00004610   0x00000056   Code   RO         3211    i.USBD_StdItfReq    usbd_req.o
    0x00004666   0x00004666   0x00000026   Code   RO         3058    i.USBD_Suspend      usbd_core.o
    0x0000468c   0x0000468c   0x00000024   Code   RO         3434    i.USBD_USR_ConfigStrDescriptor  usbd_desc.o
    0x000046b0   0x000046b0   0x00000002   Code   RO         3506    i.USBD_USR_DeviceConfigured  usbd_usr.o
    0x000046b2   0x000046b2   0x00000002   Code   RO         3507    i.USBD_USR_DeviceConnected  usbd_usr.o
    0x000046b4   0x000046b4   0x00000010   Code   RO         3435    i.USBD_USR_DeviceDescriptor  usbd_desc.o
    0x000046c4   0x000046c4   0x00000002   Code   RO         3508    i.USBD_USR_DeviceDisconnected  usbd_usr.o
    0x000046c6   0x000046c6   0x00000002   Code   RO         3509    i.USBD_USR_DeviceReset  usbd_usr.o
    0x000046c8   0x000046c8   0x00000002   Code   RO         3510    i.USBD_USR_DeviceResumed  usbd_usr.o
    0x000046ca   0x000046ca   0x00000002   Code   RO         3511    i.USBD_USR_DeviceSuspended  usbd_usr.o
    0x000046cc   0x000046cc   0x00000002   Code   RO         3512    i.USBD_USR_Init     usbd_usr.o
    0x000046ce   0x000046ce   0x00000002   PAD
    0x000046d0   0x000046d0   0x00000028   Code   RO         3436    i.USBD_USR_InterfaceStrDescriptor  usbd_desc.o
    0x000046f8   0x000046f8   0x00000010   Code   RO         3437    i.USBD_USR_LangIDStrDescriptor  usbd_desc.o
    0x00004708   0x00004708   0x00000020   Code   RO         3438    i.USBD_USR_ManufacturerStrDescriptor  usbd_desc.o
    0x00004728   0x00004728   0x00000030   Code   RO         3439    i.USBD_USR_ProductStrDescriptor  usbd_desc.o
    0x00004758   0x00004758   0x00000018   Code   RO         3440    i.USBD_USR_SerialStrDescriptor  usbd_desc.o
    0x00004770   0x00004770   0x000001ac   Code   RO          814    i.USBInit           usb.o
    0x0000491c   0x0000491c   0x00000074   Code   RO         3299    i.USB_Clock_Init    usb_bsp.o
    0x00004990   0x00004990   0x00000010   Code   RO          815    i.USB_IRQHandler    usb.o
    0x000049a0   0x000049a0   0x0000005c   Code   RO         3302    i.USB_OTG_BSP_EnableInterrupt  usb_bsp.o
    0x000049fc   0x000049fc   0x0000001c   Code   RO         3303    i.USB_OTG_BSP_Init  usb_bsp.o
    0x00004a18   0x00004a18   0x00000012   Code   RO         3304    i.USB_OTG_BSP_mDelay  usb_bsp.o
    0x00004a2a   0x00004a2a   0x0000000c   Code   RO         3305    i.USB_OTG_BSP_uDelay  usb_bsp.o
    0x00004a36   0x00004a36   0x00000016   Code   RO         2652    i.USB_OTG_CoreInit  usb_core.o
    0x00004a4c   0x00004a4c   0x00000176   Code   RO         2653    i.USB_OTG_CoreInitDev  usb_core.o
    0x00004bc2   0x00004bc2   0x00000002   PAD
    0x00004bc4   0x00004bc4   0x00000070   Code   RO         2654    i.USB_OTG_CoreReset  usb_core.o
    0x00004c34   0x00004c34   0x00000020   Code   RO         2655    i.USB_OTG_DisableGlobalInt  usb_core.o
    0x00004c54   0x00004c54   0x00000076   Code   RO         2656    i.USB_OTG_EP0Activate  usb_core.o
    0x00004cca   0x00004cca   0x0000014a   Code   RO         2657    i.USB_OTG_EP0StartXfer  usb_core.o
    0x00004e14   0x00004e14   0x00000030   Code   RO         2658    i.USB_OTG_EP0_OutStart  usb_core.o
    0x00004e44   0x00004e44   0x000000c0   Code   RO         2659    i.USB_OTG_EPActivate  usb_core.o
    0x00004f04   0x00004f04   0x00000052   Code   RO         2660    i.USB_OTG_EPClearStall  usb_core.o
    0x00004f56   0x00004f56   0x0000009a   Code   RO         2661    i.USB_OTG_EPDeactivate  usb_core.o
    0x00004ff0   0x00004ff0   0x00000066   Code   RO         2662    i.USB_OTG_EPSetStall  usb_core.o
    0x00005056   0x00005056   0x00000002   PAD
    0x00005058   0x00005058   0x00000220   Code   RO         2663    i.USB_OTG_EPStartXfer  usb_core.o
    0x00005278   0x00005278   0x00000030   Code   RO         2664    i.USB_OTG_EnableCommonInt  usb_core.o
    0x000052a8   0x000052a8   0x00000094   Code   RO         2665    i.USB_OTG_EnableDevInt  usb_core.o
    0x0000533c   0x0000533c   0x00000022   Code   RO         2666    i.USB_OTG_EnableGlobalInt  usb_core.o
    0x0000535e   0x0000535e   0x00000002   PAD
    0x00005360   0x00005360   0x0000004c   Code   RO         2667    i.USB_OTG_FlushRxFifo  usb_core.o
    0x000053ac   0x000053ac   0x00000060   Code   RO         2668    i.USB_OTG_FlushTxFifo  usb_core.o
    0x0000540c   0x0000540c   0x0000000c   Code   RO         2671    i.USB_OTG_GetMode   usb_core.o
    0x00005418   0x00005418   0x0000001e   Code   RO         2672    i.USB_OTG_InitDevSpeed  usb_core.o
    0x00005436   0x00005436   0x00000016   Code   RO         2673    i.USB_OTG_IsDeviceMode  usb_core.o
    0x0000544c   0x0000544c   0x00000010   Code   RO         2675    i.USB_OTG_ReadCoreItr  usb_core.o
    0x0000545c   0x0000545c   0x00000010   Code   RO         2676    i.USB_OTG_ReadDevAllInEPItr  usb_core.o
    0x0000546c   0x0000546c   0x00000010   Code   RO         2677    i.USB_OTG_ReadDevAllOutEp_itr  usb_core.o
    0x0000547c   0x0000547c   0x00000016   Code   RO         2678    i.USB_OTG_ReadDevOutEP_itr  usb_core.o
    0x00005492   0x00005492   0x00000038   Code   RO         2679    i.USB_OTG_ReadPacket  usb_core.o
    0x000054ca   0x000054ca   0x00000090   Code   RO         2680    i.USB_OTG_SelectCore  usb_core.o
    0x0000555a   0x0000555a   0x00000012   Code   RO         2681    i.USB_OTG_SetCurrentMode  usb_core.o
    0x0000556c   0x0000556c   0x00000052   Code   RO         2685    i.USB_OTG_WritePacket  usb_core.o
    0x000055be   0x000055be   0x00000018   Code   RO         3306    i.USB_Soft_Connect  usb_bsp.o
    0x000055d6   0x000055d6   0x0000001a   Code   RO         3307    i.USB_Soft_Disconnect  usb_bsp.o
    0x000055f0   0x000055f0   0x00000014   Code   RO          317    i.UserInit          user_init.o
    0x00005604   0x00005604   0x00000050   Code   RO          471    i.WKUP_USB_init     wkup.o
    0x00005654   0x00005654   0x00000058   Code   RO          472    i.WKUP_init         wkup.o
    0x000056ac   0x000056ac   0x00000030   Code   RO          442    i.__ARM_common_ll_muluu  user_init.o
    0x000056dc   0x000056dc   0x0000001c   Code   RO         2142    i.__ARM_common_switch8  fm33lc0xx_ll_lpuart.o
    0x000056f8   0x000056f8   0x0000000e   Code   RO         4047    i._is_digit         c_p.l(__printf_wp.o)
    0x00005706   0x00005706   0x00000012   Code   RO          112    i.bcd2bin           main.o
    0x00005718   0x00005718   0x0000001c   Code   RO          113    i.bin2bcd           main.o
    0x00005734   0x00005734   0x0000002c   Code   RO          321    i.blink_green       user_init.o
    0x00005760   0x00005760   0x0000002c   Code   RO          322    i.blink_red         user_init.o
    0x0000578c   0x0000578c   0x000000f8   Code   RO         3737    i.build_boot_sector  msc_mem.o
    0x00005884   0x00005884   0x00000044   Code   RO         3738    i.build_data_sector_cluster2  msc_mem.o
    0x000058c8   0x000058c8   0x00000024   Code   RO         3739    i.build_fat_sector  msc_mem.o
    0x000058ec   0x000058ec   0x00000084   Code   RO         3740    i.build_root_dir_sector  msc_mem.o
    0x00005970   0x00005970   0x00000046   Code   RO         3741    i.build_sector      msc_mem.o
    0x000059b6   0x000059b6   0x00000014   Code   RO          114    i.dec2              main.o
    0x000059ca   0x000059ca   0x0000003e   Code   RO         3743    i.fileentry_valid   msc_mem.o
    0x00005a08   0x00005a08   0x00000044   Code   RO          620    i.fileentry_valid_local  spi_flash.o
    0x00005a4c   0x00005a4c   0x00000018   Code   RO          115    i.fnv1a32_step      main.o
    0x00005a64   0x00005a64   0x00000018   Code   RO          953    i.i2c_delay         nst112.o
    0x00005a7c   0x00005a7c   0x00000062   Code   RO          954    i.i2c_read_byte     nst112.o
    0x00005ade   0x00005ade   0x00000024   Code   RO          955    i.i2c_start         nst112.o
    0x00005b02   0x00005b02   0x00000020   Code   RO          956    i.i2c_stop          nst112.o
    0x00005b22   0x00005b22   0x00000070   Code   RO          957    i.i2c_write_byte    nst112.o
    0x00005b92   0x00005b92   0x0000000a   Code   RO         3745    i.le16              msc_mem.o
    0x00005b9c   0x00005b9c   0x00000014   Code   RO         3746    i.le32              msc_mem.o
    0x00005bb0   0x00005bb0   0x00000180   Code   RO         3747    i.load_file_from_flash_to_ram  msc_mem.o
    0x00005d30   0x00005d30   0x00000184   Code   RO          116    i.main              main.o
    0x00005eb4   0x00005eb4   0x00000098   Code   RO         3748    i.make_83_name      msc_mem.o
    0x00005f4c   0x00005f4c   0x00000110   Code   RO          117    i.month_from_abbr3  main.o
    0x0000605c   0x0000605c   0x00000014   Code   RO          958    i.scl_high          nst112.o
    0x00006070   0x00006070   0x00000014   Code   RO          959    i.scl_low           nst112.o
    0x00006084   0x00006084   0x00000014   Code   RO          960    i.sda_high          nst112.o
    0x00006098   0x00006098   0x00000030   Code   RO          961    i.sda_in            nst112.o
    0x000060c8   0x000060c8   0x00000014   Code   RO          962    i.sda_low           nst112.o
    0x000060dc   0x000060dc   0x00000030   Code   RO          963    i.sda_out           nst112.o
    0x0000610c   0x0000610c   0x0000001c   Code   RO          964    i.sda_read          nst112.o
    0x00006128   0x00006128   0x00000058   Code   RO         3750    i.set_default_file_to_ram  msc_mem.o
    0x00006180   0x00006180   0x00000050   Code   RO          118    i.weekday_iso_1_7   main.o
    0x000061d0   0x000061d0   0x0000002c   Code   RO         4153    locale$$code        c_p.l(lc_ctype_c.o)
    0x000061fc   0x000061fc   0x0000000c   Data   RO          119    .constdata          main.o
    0x00006208   0x00006208   0x00000017   Data   RO         3709    .constdata          msc_data.o
    0x0000621f   0x0000621f   0x00000028   Data   RO         4020    .constdata          c_p.l(_printf_hex_int.o)
    0x00006247   0x00006247   0x00000011   Data   RO         4055    .constdata          c_p.l(__printf_flags_ss_wp.o)
    0x00006258   0x00006258   0x00000020   Data   RO         4302    Region$$Table       anon$$obj.o
    0x00006278   0x00006278   0x00000110   Data   RO         4152    locale$$data        c_p.l(lc_ctype_c.o)


    Execution Region RW_IRAM1 (Exec base: 0x20000000, Load base: 0x00006388, Size: 0x00001b58, Max: 0x00006000, ABSOLUTE, COMPRESSED[0x000000d4])

    Exec Addr    Load Addr    Size         Type   Attr      Idx    E Section Name        Object

    0x20000000   COMPRESSED   0x00000004   Data   RW          328    .data               user_init.o
    0x20000004   COMPRESSED   0x00000034   Data   RW         3059    .data               usbd_core.o
    0x20000038   COMPRESSED   0x0000000d   Data   RW         3212    .data               usbd_req.o
    0x20000045   COMPRESSED   0x00000003   PAD
    0x20000048   COMPRESSED   0x00000074   Data   RW         3442    .data               usbd_desc.o
    0x200000bc   COMPRESSED   0x0000001c   Data   RW         3513    .data               usbd_usr.o
    0x200000d8   COMPRESSED   0x00000004   Data   RW         3579    .data               msc_bot.o
    0x200000dc   COMPRESSED   0x0000004e   Data   RW         3657    .data               msc_core.o
    0x2000012a   COMPRESSED   0x00000002   PAD
    0x2000012c   COMPRESSED   0x00000050   Data   RW         3754    .data               msc_mem.o
    0x2000017c   COMPRESSED   0x00000018   Data   RW         3911    .data               msc_scsi.o
    0x20000194        -       0x000005b0   Zero   RW         3314    .bss                usb_bsp.o
    0x20000744        -       0x00000040   Zero   RW         3441    .bss                usbd_desc.o
    0x20000784        -       0x00000230   Zero   RW         3578    .bss                msc_bot.o
    0x200009b4        -       0x00000120   Zero   RW         3752    .bss                msc_mem.o
    0x20000ad4        -       0x00000020   Zero   RW         3910    .bss                msc_scsi.o
    0x20000af4        -       0x00000060   Zero   RW         4156    .bss                c_p.l(libspace.o)
    0x20000b54   COMPRESSED   0x00000004   PAD
    0x20000b58        -       0x00000800   Zero   RW            2    HEAP                startup_fm33lc0xx.o
    0x20001358        -       0x00000800   Zero   RW            1    STACK               startup_fm33lc0xx.o


==============================================================================

Image component sizes


      Code (inc. data)   RO Data    RW Data    ZI Data      Debug   Object Name

       292         14          0          0          0      23564   fm33lc0xx_ll_bstim.o
       586         30          0          0          0      34722   fm33lc0xx_ll_gpio.o
        28          0          0          0          0         76   fm33lc0xx_ll_lpuart.o
       700         42          0          0          0      32530   fm33lc0xx_ll_spi.o
      1470        186         12          0          0      20667   main.o
        68         10          0          0          0     137765   mf_config.o
       760        126          0          4        560       7161   msc_bot.o
       428         20          0         78          0       4297   msc_core.o
         0          0         23          0          0        673   msc_data.o
      1448        298          0         80        288      12143   msc_mem.o
      2112        270          0         24         32      12989   msc_scsi.o
       722         48          0          0          0       7523   nst112.o
      1526        142          0          0          0      30899   spi_flash.o
        56         26        192          0       4096        708   startup_fm33lc0xx.o
       180         16          0          0          0        557   system_fm33lc0xx.o
       580         74          0          0          0      51046   usb.o
       460         40          0          0       1456      11813   usb_bsp.o
      2946         30          0          0          0      18183   usb_core.o
       726          0          0          0          0       6099   usb_dcd.o
      2306        106          0          0          0       8759   usb_dcd_int.o
       930          6          0         52          0       9324   usbd_core.o
       334        102          0        116         64       6430   usbd_desc.o
       186          0          0          0          0       3910   usbd_ioreq.o
      1928         72          0         13          0       9406   usbd_req.o
        14          0          0         28          0       3161   usbd_usr.o
       868         80          0          4          0      36623   user_init.o
       440         42          0          0          0      40483   wkup.o

    ----------------------------------------------------------------------
     22122       1780        259        404       6496     531511   Object Totals
         0          0         32          0          0          0   (incl. Generated)
        28          0          0          5          0          0   (incl. Padding)

    ----------------------------------------------------------------------

      Code (inc. data)   RO Data    RW Data    ZI Data      Debug   Library Member Name

        44          4          0          0          0         84   __2sprintf.o
        58          0          0          0          0          0   __dczerorl.o
         8          0          0          0          0         68   __main.o
       392          6         17          0          0         76   __printf_flags_ss_wp.o
        14          0          0          0          0         60   __printf_wp.o
         0          0          0          0          0          0   __rtentry.o
        12          0          0          0          0          0   __rtentry2.o
         6          0          0          0          0          0   __rtentry4.o
        60          8          0          0          0          0   __scatter.o
        28          0          0          0          0          0   __scatter_zi.o
        48          6          0          0          0         88   _printf_char_common.o
        10          0          0          0          0          0   _printf_d.o
       108         18          0          0          0         76   _printf_dec.o
        88          4         40          0          0         72   _printf_hex_int.o
       176          0          0          0          0         84   _printf_intcommon.o
        78          0          0          0          0        100   _printf_pad.o
         2          0          0          0          0          0   _printf_percent.o
         4          0          0          0          0          0   _printf_percent_end.o
        10          0          0          0          0          0   _printf_u.o
        10          0          0          0          0          0   _printf_x.o
        10          0          0          0          0         60   _sputc.o
        18          0          0          0          0         68   aeabi_memset.o
       346          0          0          0          0         92   aeabi_sdiv.o
        16          0          0          0          0         68   exit.o
         6          0          0          0          0        136   heapauxi.o
         0          0          0          0          0          0   indicate_semi.o
        44         10        272          0          0         76   lc_ctype_c.o
         2          0          0          0          0          0   libinit.o
        20          0          0          0          0          0   libinit2.o
         2          0          0          0          0          0   libshutdown.o
         2          0          0          0          0          0   libshutdown2.o
         8          4          0          0         96         68   libspace.o
       258          0          0          0          0         88   lludiv.o
        90          0          0          0          0         68   memcmp.o
        16          4          0          0          0         76   rt_ctype_table.o
         8          4          0          0          0         68   rt_locale_intlibspace.o
        64          0          0          0          0        108   rt_memclr.o
       186          0          0          0          0        144   rt_memcpy.o
         2          0          0          0          0          0   rtexit.o
        10          0          0          0          0          0   rtexit2.o
        40          0          0          0          0         60   rtudiv10.o
       136          4          0          0          0         72   strcmp.o
        68          6          0          0          0         72   strlen.o
       108          4          0          0          0         76   strncpy.o
        12          4          0          0          0         60   sys_exit.o
        62          0          0          0          0         80   sys_stackheap_outer.o
        30          0          0          0          0         68   toupper.o
        22          0          0          0          0         60   uread4.o
         2          0          0          0          0         68   use_no_semi.o
        16          0          0          0          0         60   uwrite4.o

    ----------------------------------------------------------------------
      2770         86        329          0        100       2504   Library Totals
        10          0          0          0          4          0   (incl. Padding)

    ----------------------------------------------------------------------

      Code (inc. data)   RO Data    RW Data    ZI Data      Debug   Library Name

      2760         86        329          0         96       2504   c_p.l

    ----------------------------------------------------------------------
      2770         86        329          0        100       2504   Library Totals

    ----------------------------------------------------------------------

==============================================================================


      Code (inc. data)   RO Data    RW Data    ZI Data      Debug   

     24892       1866        588        404       6596     521743   Grand Totals
     24892       1866        588        212       6596     521743   ELF Image Totals (compressed)
     24892       1866        588        212          0          0   ROM Totals

==============================================================================

    Total RO  Size (Code + RO Data)                25480 (  24.88kB)
    Total RW  Size (RW Data + ZI Data)              7000 (   6.84kB)
    Total ROM Size (Code + RO Data + RW Data)      25692 (  25.09kB)

==============================================================================

