<!doctype html public "-//w3c//dtd html 4.0 transitional//en">
<html><head>
<title>Static Call Graph - [.\Objects\FM33LC0xx_Tester.axf]</title></head>
<body><HR>
<H1>Static Call Graph for image .\Objects\FM33LC0xx_Tester.axf</H1><HR>
<BR><P>#&#060CALLGRAPH&#062# ARM Linker, 5060960: Last Updated: Thu Dec 18 13:11:36 2025
<BR><P>
<H3>Maximum Stack Usage =       1320 bytes + Unknown(Functions without stacksize, Cycles, Untraceable Function Pointers)</H3><H3>
Call chain for Maximum Stack Depth:</H3>
__rt_entry_main &rArr; main &rArr; Flash_WriteTemperatureWithTimeFile_Q4 &rArr; Flash_LogTemperatureWithTime_Ring5_Q4 &rArr; Flash_LogLine_Ring5 &rArr; Flash_WriteFileEntry &rArr; Flash_WriteBytes &rArr; Flash_PageProgram &rArr; Flash_WaitForReady &rArr; Flash_ReadStatus
<P>
<H3>
Functions with no stack information
</H3><UL>
 <LI><a href="#[84]">__user_initial_stackheap</a>
</UL>
</UL>
<P>
<H3>
Mutually Recursive functions
</H3> <LI><a href="#[2c]">HardFault_Handler</a>&nbsp;&nbsp;&nbsp;&rArr;&nbsp;&nbsp;&nbsp;<a href="#[2c]">HardFault_Handler</a><BR>
 <LI><a href="#[2d]">SVC_Handler</a>&nbsp;&nbsp;&nbsp;&rArr;&nbsp;&nbsp;&nbsp;<a href="#[2d]">SVC_Handler</a><BR>
 <LI><a href="#[2e]">PendSV_Handler</a>&nbsp;&nbsp;&nbsp;&rArr;&nbsp;&nbsp;&nbsp;<a href="#[2e]">PendSV_Handler</a><BR>
 <LI><a href="#[2f]">SysTick_Handler</a>&nbsp;&nbsp;&nbsp;&rArr;&nbsp;&nbsp;&nbsp;<a href="#[2f]">SysTick_Handler</a><BR>
 <LI><a href="#[35]">ADC_IRQHandler</a>&nbsp;&nbsp;&nbsp;&rArr;&nbsp;&nbsp;&nbsp;<a href="#[35]">ADC_IRQHandler</a><BR>
</UL>
<P>
<H3>
Function Pointers
</H3><UL>
 <LI><a href="#[35]">ADC_IRQHandler</a> from startup_fm33lc0xx.o(.text) referenced from startup_fm33lc0xx.o(RESET)
 <LI><a href="#[43]">AES_IRQHandler</a> from startup_fm33lc0xx.o(.text) referenced from startup_fm33lc0xx.o(RESET)
 <LI><a href="#[4c]">ATIM_IRQHandler</a> from startup_fm33lc0xx.o(.text) referenced from startup_fm33lc0xx.o(RESET)
 <LI><a href="#[48]">BSTIM_IRQHandler</a> from usb.o(i.BSTIM_IRQHandler) referenced from startup_fm33lc0xx.o(RESET)
 <LI><a href="#[49]">COMPx_IRQHandler</a> from startup_fm33lc0xx.o(.text) referenced from startup_fm33lc0xx.o(RESET)
 <LI><a href="#[45]">DMA_IRQHandler</a> from startup_fm33lc0xx.o(.text) referenced from startup_fm33lc0xx.o(RESET)
 <LI><a href="#[33]">FLASH_IRQHandler</a> from startup_fm33lc0xx.o(.text) referenced from startup_fm33lc0xx.o(RESET)
 <LI><a href="#[4e]">GPIO_IRQHandler</a> from startup_fm33lc0xx.o(.text) referenced from startup_fm33lc0xx.o(RESET)
 <LI><a href="#[4a]">GPTIM0_IRQHandler</a> from startup_fm33lc0xx.o(.text) referenced from startup_fm33lc0xx.o(RESET)
 <LI><a href="#[4b]">GPTIM1_IRQHandler</a> from startup_fm33lc0xx.o(.text) referenced from startup_fm33lc0xx.o(RESET)
 <LI><a href="#[3e]">HFDET_IRQHandler</a> from startup_fm33lc0xx.o(.text) referenced from startup_fm33lc0xx.o(RESET)
 <LI><a href="#[2c]">HardFault_Handler</a> from startup_fm33lc0xx.o(.text) referenced from startup_fm33lc0xx.o(RESET)
 <LI><a href="#[41]">I2C_IRQHandler</a> from startup_fm33lc0xx.o(.text) referenced from startup_fm33lc0xx.o(RESET)
 <LI><a href="#[36]">IWDT_IRQHandler</a> from startup_fm33lc0xx.o(.text) referenced from startup_fm33lc0xx.o(RESET)
 <LI><a href="#[39]">LCD_IRQHandler</a> from startup_fm33lc0xx.o(.text) referenced from startup_fm33lc0xx.o(RESET)
 <LI><a href="#[34]">LFDET_IRQHandler</a> from startup_fm33lc0xx.o(.text) referenced from startup_fm33lc0xx.o(RESET)
 <LI><a href="#[44]">LPTIM_IRQHandler</a> from startup_fm33lc0xx.o(.text) referenced from startup_fm33lc0xx.o(RESET)
 <LI><a href="#[4f]">LPUART0_IRQHandler</a> from startup_fm33lc0xx.o(.text) referenced from startup_fm33lc0xx.o(RESET)
 <LI><a href="#[40]">LPUART1_IRQHandler</a> from startup_fm33lc0xx.o(.text) referenced from startup_fm33lc0xx.o(RESET)
 <LI><a href="#[2b]">NMI_Handler</a> from wkup.o(i.NMI_Handler) referenced from startup_fm33lc0xx.o(RESET)
 <LI><a href="#[47]">OPAx_IRQHandler</a> from startup_fm33lc0xx.o(.text) referenced from startup_fm33lc0xx.o(RESET)
 <LI><a href="#[2e]">PendSV_Handler</a> from startup_fm33lc0xx.o(.text) referenced from startup_fm33lc0xx.o(RESET)
 <LI><a href="#[32]">RTC_IRQHandler</a> from startup_fm33lc0xx.o(.text) referenced from startup_fm33lc0xx.o(RESET)
 <LI><a href="#[2a]">Reset_Handler</a> from startup_fm33lc0xx.o(.text) referenced from startup_fm33lc0xx.o(RESET)
 <LI><a href="#[37]">SPI1_IRQHandler</a> from startup_fm33lc0xx.o(.text) referenced from startup_fm33lc0xx.o(RESET)
 <LI><a href="#[38]">SPI2_IRQHandler</a> from startup_fm33lc0xx.o(.text) referenced from startup_fm33lc0xx.o(RESET)
 <LI><a href="#[24]">STORAGE_GetCapacity</a> from msc_mem.o(i.STORAGE_GetCapacity) referenced 2 times from msc_mem.o(.data)
 <LI><a href="#[29]">STORAGE_GetMaxLun</a> from msc_mem.o(i.STORAGE_GetMaxLun) referenced 2 times from msc_mem.o(.data)
 <LI><a href="#[23]">STORAGE_Init</a> from msc_mem.o(i.STORAGE_Init) referenced 2 times from msc_mem.o(.data)
 <LI><a href="#[25]">STORAGE_IsReady</a> from msc_mem.o(i.STORAGE_IsReady) referenced 2 times from msc_mem.o(.data)
 <LI><a href="#[26]">STORAGE_IsWriteProtected</a> from msc_mem.o(i.STORAGE_IsWriteProtected) referenced 2 times from msc_mem.o(.data)
 <LI><a href="#[27]">STORAGE_Read</a> from msc_mem.o(i.STORAGE_Read) referenced 2 times from msc_mem.o(.data)
 <LI><a href="#[28]">STORAGE_Write</a> from msc_mem.o(i.STORAGE_Write) referenced 2 times from msc_mem.o(.data)
 <LI><a href="#[2d]">SVC_Handler</a> from startup_fm33lc0xx.o(.text) referenced from startup_fm33lc0xx.o(RESET)
 <LI><a href="#[31]">SVD_IRQHandler</a> from startup_fm33lc0xx.o(.text) referenced from startup_fm33lc0xx.o(RESET)
 <LI><a href="#[2f]">SysTick_Handler</a> from startup_fm33lc0xx.o(.text) referenced from startup_fm33lc0xx.o(RESET)
 <LI><a href="#[50]">SystemInit</a> from system_fm33lc0xx.o(i.SystemInit) referenced from startup_fm33lc0xx.o(.text)
 <LI><a href="#[3f]">U7816_IRQHandler</a> from startup_fm33lc0xx.o(.text) referenced from startup_fm33lc0xx.o(RESET)
 <LI><a href="#[3a]">UART0_IRQHandler</a> from startup_fm33lc0xx.o(.text) referenced from startup_fm33lc0xx.o(RESET)
 <LI><a href="#[3b]">UART1_IRQHandler</a> from startup_fm33lc0xx.o(.text) referenced from startup_fm33lc0xx.o(RESET)
 <LI><a href="#[3c]">UART4_IRQHandler</a> from startup_fm33lc0xx.o(.text) referenced from startup_fm33lc0xx.o(RESET)
 <LI><a href="#[3d]">UART5_IRQHandler</a> from startup_fm33lc0xx.o(.text) referenced from startup_fm33lc0xx.o(RESET)
 <LI><a href="#[7]">USBD_DataInStage</a> from usbd_core.o(i.USBD_DataInStage) referenced 2 times from usbd_core.o(.data)
 <LI><a href="#[6]">USBD_DataOutStage</a> from usbd_core.o(i.USBD_DataOutStage) referenced 2 times from usbd_core.o(.data)
 <LI><a href="#[d]">USBD_IsoINIncomplete</a> from usbd_core.o(i.USBD_IsoINIncomplete) referenced 2 times from usbd_core.o(.data)
 <LI><a href="#[e]">USBD_IsoOUTIncomplete</a> from usbd_core.o(i.USBD_IsoOUTIncomplete) referenced 2 times from usbd_core.o(.data)
 <LI><a href="#[20]">USBD_MSC_DataIn</a> from msc_core.o(i.USBD_MSC_DataIn) referenced 2 times from msc_core.o(.data)
 <LI><a href="#[21]">USBD_MSC_DataOut</a> from msc_core.o(i.USBD_MSC_DataOut) referenced 2 times from msc_core.o(.data)
 <LI><a href="#[1e]">USBD_MSC_DeInit</a> from msc_core.o(i.USBD_MSC_DeInit) referenced 2 times from msc_core.o(.data)
 <LI><a href="#[22]">USBD_MSC_GetCfgDesc</a> from msc_core.o(i.USBD_MSC_GetCfgDesc) referenced 2 times from msc_core.o(.data)
 <LI><a href="#[1d]">USBD_MSC_Init</a> from msc_core.o(i.USBD_MSC_Init) referenced 2 times from msc_core.o(.data)
 <LI><a href="#[1f]">USBD_MSC_Setup</a> from msc_core.o(i.USBD_MSC_Setup) referenced 2 times from msc_core.o(.data)
 <LI><a href="#[a]">USBD_Reset</a> from usbd_core.o(i.USBD_Reset) referenced 2 times from usbd_core.o(.data)
 <LI><a href="#[c]">USBD_Resume</a> from usbd_core.o(i.USBD_Resume) referenced 2 times from usbd_core.o(.data)
 <LI><a href="#[9]">USBD_SOF</a> from usbd_core.o(i.USBD_SOF) referenced 2 times from usbd_core.o(.data)
 <LI><a href="#[8]">USBD_SetupStage</a> from usbd_core.o(i.USBD_SetupStage) referenced 2 times from usbd_core.o(.data)
 <LI><a href="#[b]">USBD_Suspend</a> from usbd_core.o(i.USBD_Suspend) referenced 2 times from usbd_core.o(.data)
 <LI><a href="#[14]">USBD_USR_ConfigStrDescriptor</a> from usbd_desc.o(i.USBD_USR_ConfigStrDescriptor) referenced 2 times from usbd_desc.o(.data)
 <LI><a href="#[18]">USBD_USR_DeviceConfigured</a> from usbd_usr.o(i.USBD_USR_DeviceConfigured) referenced 2 times from usbd_usr.o(.data)
 <LI><a href="#[1b]">USBD_USR_DeviceConnected</a> from usbd_usr.o(i.USBD_USR_DeviceConnected) referenced 2 times from usbd_usr.o(.data)
 <LI><a href="#[f]">USBD_USR_DeviceDescriptor</a> from usbd_desc.o(i.USBD_USR_DeviceDescriptor) referenced 2 times from usbd_desc.o(.data)
 <LI><a href="#[1c]">USBD_USR_DeviceDisconnected</a> from usbd_usr.o(i.USBD_USR_DeviceDisconnected) referenced 2 times from usbd_usr.o(.data)
 <LI><a href="#[17]">USBD_USR_DeviceReset</a> from usbd_usr.o(i.USBD_USR_DeviceReset) referenced 2 times from usbd_usr.o(.data)
 <LI><a href="#[1a]">USBD_USR_DeviceResumed</a> from usbd_usr.o(i.USBD_USR_DeviceResumed) referenced 2 times from usbd_usr.o(.data)
 <LI><a href="#[19]">USBD_USR_DeviceSuspended</a> from usbd_usr.o(i.USBD_USR_DeviceSuspended) referenced 2 times from usbd_usr.o(.data)
 <LI><a href="#[16]">USBD_USR_Init</a> from usbd_usr.o(i.USBD_USR_Init) referenced 2 times from usbd_usr.o(.data)
 <LI><a href="#[15]">USBD_USR_InterfaceStrDescriptor</a> from usbd_desc.o(i.USBD_USR_InterfaceStrDescriptor) referenced 2 times from usbd_desc.o(.data)
 <LI><a href="#[10]">USBD_USR_LangIDStrDescriptor</a> from usbd_desc.o(i.USBD_USR_LangIDStrDescriptor) referenced 2 times from usbd_desc.o(.data)
 <LI><a href="#[11]">USBD_USR_ManufacturerStrDescriptor</a> from usbd_desc.o(i.USBD_USR_ManufacturerStrDescriptor) referenced 2 times from usbd_desc.o(.data)
 <LI><a href="#[12]">USBD_USR_ProductStrDescriptor</a> from usbd_desc.o(i.USBD_USR_ProductStrDescriptor) referenced 2 times from usbd_desc.o(.data)
 <LI><a href="#[13]">USBD_USR_SerialStrDescriptor</a> from usbd_desc.o(i.USBD_USR_SerialStrDescriptor) referenced 2 times from usbd_desc.o(.data)
 <LI><a href="#[42]">USB_IRQHandler</a> from usb.o(i.USB_IRQHandler) referenced from startup_fm33lc0xx.o(RESET)
 <LI><a href="#[4d]">VREF_IRQHandler</a> from startup_fm33lc0xx.o(.text) referenced from startup_fm33lc0xx.o(RESET)
 <LI><a href="#[46]">WKUP_IRQHandler</a> from startup_fm33lc0xx.o(.text) referenced from startup_fm33lc0xx.o(RESET)
 <LI><a href="#[30]">WWDT_IRQHandler</a> from startup_fm33lc0xx.o(.text) referenced from startup_fm33lc0xx.o(RESET)
 <LI><a href="#[55]">__main</a> from __main.o(!!!main) referenced from startup_fm33lc0xx.o(.text)
 <LI><a href="#[53]">_get_lc_ctype</a> from lc_ctype_c.o(locale$$code) referenced from rt_ctype_table.o(.text)
 <LI><a href="#[54]">_printf_input_char</a> from _printf_char_common.o(.text) referenced from _printf_char_common.o(.text)
 <LI><a href="#[52]">_sputc</a> from _sputc.o(.text) referenced from __2sprintf.o(.text)
</UL>
<P>
<H3>
Global Symbols
</H3>
<P><STRONG><a name="[55]"></a>__main</STRONG> (Thumb, 8 bytes, Stack size 0 bytes, __main.o(!!!main))
<BR><BR>[Calls]<UL><LI><a href="#[56]">&gt;&gt;</a>&nbsp;&nbsp;&nbsp;__scatterload
<LI><a href="#[57]">&gt;&gt;</a>&nbsp;&nbsp;&nbsp;__rt_entry
</UL>

<P><STRONG><a name="[56]"></a>__scatterload</STRONG> (Thumb, 0 bytes, Stack size unknown bytes, __scatter.o(!!!scatter))
<BR><BR>[Called By]<UL><LI><a href="#[55]">&gt;&gt;</a>&nbsp;&nbsp;&nbsp;__main
</UL>

<P><STRONG><a name="[58]"></a>__scatterload_rt2</STRONG> (Thumb, 52 bytes, Stack size unknown bytes, __scatter.o(!!!scatter), UNUSED)
<BR><BR>[Calls]<UL><LI><a href="#[57]">&gt;&gt;</a>&nbsp;&nbsp;&nbsp;__rt_entry
</UL>

<P><STRONG><a name="[164]"></a>__scatterload_rt2_thumb_only</STRONG> (Thumb, 0 bytes, Stack size unknown bytes, __scatter.o(!!!scatter), UNUSED)

<P><STRONG><a name="[165]"></a>__scatterload_null</STRONG> (Thumb, 0 bytes, Stack size unknown bytes, __scatter.o(!!!scatter), UNUSED)

<P><STRONG><a name="[166]"></a>__scatterload_zeroinit</STRONG> (Thumb, 28 bytes, Stack size unknown bytes, __scatter_zi.o(!!handler_zi), UNUSED)

<P><STRONG><a name="[77]"></a>_printf_percent</STRONG> (Thumb, 0 bytes, Stack size unknown bytes, _printf_percent.o(.ARM.Collect$$_printf_percent$$00000000))
<BR><BR>[Called By]<UL><LI><a href="#[75]">&gt;&gt;</a>&nbsp;&nbsp;&nbsp;__printf
</UL>

<P><STRONG><a name="[59]"></a>_printf_d</STRONG> (Thumb, 0 bytes, Stack size unknown bytes, _printf_d.o(.ARM.Collect$$_printf_percent$$00000009))
<BR><BR>[Stack]<UL><LI>Max Depth = 88 + Unknown Stack Size
<LI>Call Chain = _printf_d &rArr; _printf_u &rArr; _printf_int_dec &rArr; _printf_int_common &rArr; _printf_post_padding
</UL>
<BR>[Calls]<UL><LI><a href="#[5a]">&gt;&gt;</a>&nbsp;&nbsp;&nbsp;_printf_u
<LI><a href="#[5b]">&gt;&gt;</a>&nbsp;&nbsp;&nbsp;_printf_int_dec
</UL>

<P><STRONG><a name="[5a]"></a>_printf_u</STRONG> (Thumb, 0 bytes, Stack size unknown bytes, _printf_u.o(.ARM.Collect$$_printf_percent$$0000000A))
<BR><BR>[Stack]<UL><LI>Max Depth = 88 + Unknown Stack Size
<LI>Call Chain = _printf_u &rArr; _printf_int_dec &rArr; _printf_int_common &rArr; _printf_post_padding
</UL>
<BR>[Calls]<UL><LI><a href="#[5c]">&gt;&gt;</a>&nbsp;&nbsp;&nbsp;_printf_x
<LI><a href="#[5b]">&gt;&gt;</a>&nbsp;&nbsp;&nbsp;_printf_int_dec
</UL>
<BR>[Called By]<UL><LI><a href="#[59]">&gt;&gt;</a>&nbsp;&nbsp;&nbsp;_printf_d
</UL>

<P><STRONG><a name="[5c]"></a>_printf_x</STRONG> (Thumb, 0 bytes, Stack size unknown bytes, _printf_x.o(.ARM.Collect$$_printf_percent$$0000000C))
<BR><BR>[Stack]<UL><LI>Max Depth = 72 + Unknown Stack Size
<LI>Call Chain = _printf_x &rArr; _printf_int_hex &rArr; _printf_int_common &rArr; _printf_post_padding
</UL>
<BR>[Calls]<UL><LI><a href="#[5d]">&gt;&gt;</a>&nbsp;&nbsp;&nbsp;_printf_percent_end
<LI><a href="#[5e]">&gt;&gt;</a>&nbsp;&nbsp;&nbsp;_printf_int_hex
</UL>
<BR>[Called By]<UL><LI><a href="#[5a]">&gt;&gt;</a>&nbsp;&nbsp;&nbsp;_printf_u
</UL>

<P><STRONG><a name="[5d]"></a>_printf_percent_end</STRONG> (Thumb, 0 bytes, Stack size unknown bytes, _printf_percent_end.o(.ARM.Collect$$_printf_percent$$00000017))
<BR><BR>[Called By]<UL><LI><a href="#[5c]">&gt;&gt;</a>&nbsp;&nbsp;&nbsp;_printf_x
</UL>

<P><STRONG><a name="[65]"></a>__rt_lib_init</STRONG> (Thumb, 0 bytes, Stack size unknown bytes, libinit.o(.ARM.Collect$$libinit$$00000000))
<BR><BR>[Called By]<UL><LI><a href="#[64]">&gt;&gt;</a>&nbsp;&nbsp;&nbsp;__rt_entry_li
</UL>

<P><STRONG><a name="[167]"></a>__rt_lib_init_fp_1</STRONG> (Thumb, 0 bytes, Stack size unknown bytes, libinit2.o(.ARM.Collect$$libinit$$00000002))

<P><STRONG><a name="[168]"></a>__rt_lib_init_heap_1</STRONG> (Thumb, 0 bytes, Stack size unknown bytes, libinit2.o(.ARM.Collect$$libinit$$0000000A))

<P><STRONG><a name="[5f]"></a>__rt_lib_init_lc_common</STRONG> (Thumb, 0 bytes, Stack size unknown bytes, libinit2.o(.ARM.Collect$$libinit$$0000000F))
<BR><BR>[Calls]<UL><LI><a href="#[60]">&gt;&gt;</a>&nbsp;&nbsp;&nbsp;__rt_locale
</UL>

<P><STRONG><a name="[169]"></a>__rt_lib_init_preinit_1</STRONG> (Thumb, 0 bytes, Stack size unknown bytes, libinit2.o(.ARM.Collect$$libinit$$00000004))

<P><STRONG><a name="[16a]"></a>__rt_lib_init_rand_1</STRONG> (Thumb, 0 bytes, Stack size unknown bytes, libinit2.o(.ARM.Collect$$libinit$$0000000E))

<P><STRONG><a name="[16b]"></a>__rt_lib_init_user_alloc_1</STRONG> (Thumb, 0 bytes, Stack size unknown bytes, libinit2.o(.ARM.Collect$$libinit$$0000000C))

<P><STRONG><a name="[16c]"></a>__rt_lib_init_lc_collate_1</STRONG> (Thumb, 0 bytes, Stack size unknown bytes, libinit2.o(.ARM.Collect$$libinit$$00000011))

<P><STRONG><a name="[61]"></a>__rt_lib_init_lc_ctype_2</STRONG> (Thumb, 0 bytes, Stack size unknown bytes, libinit2.o(.ARM.Collect$$libinit$$00000012))
<BR><BR>[Stack]<UL><LI>Max Depth = 24 + Unknown Stack Size
<LI>Call Chain = __rt_lib_init_lc_ctype_2 &rArr; _get_lc_ctype &rArr; strcmp
</UL>
<BR>[Calls]<UL><LI><a href="#[53]">&gt;&gt;</a>&nbsp;&nbsp;&nbsp;_get_lc_ctype
</UL>

<P><STRONG><a name="[16d]"></a>__rt_lib_init_alloca_1</STRONG> (Thumb, 0 bytes, Stack size unknown bytes, libinit2.o(.ARM.Collect$$libinit$$0000002E))

<P><STRONG><a name="[16e]"></a>__rt_lib_init_argv_1</STRONG> (Thumb, 0 bytes, Stack size unknown bytes, libinit2.o(.ARM.Collect$$libinit$$0000002C))

<P><STRONG><a name="[16f]"></a>__rt_lib_init_atexit_1</STRONG> (Thumb, 0 bytes, Stack size unknown bytes, libinit2.o(.ARM.Collect$$libinit$$0000001B))

<P><STRONG><a name="[170]"></a>__rt_lib_init_clock_1</STRONG> (Thumb, 0 bytes, Stack size unknown bytes, libinit2.o(.ARM.Collect$$libinit$$00000021))

<P><STRONG><a name="[171]"></a>__rt_lib_init_cpp_1</STRONG> (Thumb, 0 bytes, Stack size unknown bytes, libinit2.o(.ARM.Collect$$libinit$$00000032))

<P><STRONG><a name="[172]"></a>__rt_lib_init_exceptions_1</STRONG> (Thumb, 0 bytes, Stack size unknown bytes, libinit2.o(.ARM.Collect$$libinit$$00000030))

<P><STRONG><a name="[173]"></a>__rt_lib_init_fp_trap_1</STRONG> (Thumb, 0 bytes, Stack size unknown bytes, libinit2.o(.ARM.Collect$$libinit$$0000001F))

<P><STRONG><a name="[174]"></a>__rt_lib_init_getenv_1</STRONG> (Thumb, 0 bytes, Stack size unknown bytes, libinit2.o(.ARM.Collect$$libinit$$00000023))

<P><STRONG><a name="[175]"></a>__rt_lib_init_lc_ctype_1</STRONG> (Thumb, 0 bytes, Stack size unknown bytes, libinit2.o(.ARM.Collect$$libinit$$00000013))

<P><STRONG><a name="[176]"></a>__rt_lib_init_lc_monetary_1</STRONG> (Thumb, 0 bytes, Stack size unknown bytes, libinit2.o(.ARM.Collect$$libinit$$00000015))

<P><STRONG><a name="[177]"></a>__rt_lib_init_lc_numeric_1</STRONG> (Thumb, 0 bytes, Stack size unknown bytes, libinit2.o(.ARM.Collect$$libinit$$00000017))

<P><STRONG><a name="[178]"></a>__rt_lib_init_lc_time_1</STRONG> (Thumb, 0 bytes, Stack size unknown bytes, libinit2.o(.ARM.Collect$$libinit$$00000019))

<P><STRONG><a name="[179]"></a>__rt_lib_init_return</STRONG> (Thumb, 0 bytes, Stack size unknown bytes, libinit2.o(.ARM.Collect$$libinit$$00000033))

<P><STRONG><a name="[17a]"></a>__rt_lib_init_signal_1</STRONG> (Thumb, 0 bytes, Stack size unknown bytes, libinit2.o(.ARM.Collect$$libinit$$0000001D))

<P><STRONG><a name="[17b]"></a>__rt_lib_init_stdio_1</STRONG> (Thumb, 0 bytes, Stack size unknown bytes, libinit2.o(.ARM.Collect$$libinit$$00000025))

<P><STRONG><a name="[6a]"></a>__rt_lib_shutdown</STRONG> (Thumb, 0 bytes, Stack size unknown bytes, libshutdown.o(.ARM.Collect$$libshutdown$$00000000))
<BR><BR>[Called By]<UL><LI><a href="#[69]">&gt;&gt;</a>&nbsp;&nbsp;&nbsp;__rt_exit_ls
</UL>

<P><STRONG><a name="[17c]"></a>__rt_lib_shutdown_cpp_1</STRONG> (Thumb, 0 bytes, Stack size unknown bytes, libshutdown2.o(.ARM.Collect$$libshutdown$$00000004))

<P><STRONG><a name="[17d]"></a>__rt_lib_shutdown_fini_1</STRONG> (Thumb, 0 bytes, Stack size unknown bytes, libshutdown2.o(.ARM.Collect$$libshutdown$$00000002))

<P><STRONG><a name="[17e]"></a>__rt_lib_shutdown_fp_trap_1</STRONG> (Thumb, 0 bytes, Stack size unknown bytes, libshutdown2.o(.ARM.Collect$$libshutdown$$00000009))

<P><STRONG><a name="[17f]"></a>__rt_lib_shutdown_heap_1</STRONG> (Thumb, 0 bytes, Stack size unknown bytes, libshutdown2.o(.ARM.Collect$$libshutdown$$00000011))

<P><STRONG><a name="[180]"></a>__rt_lib_shutdown_return</STRONG> (Thumb, 0 bytes, Stack size unknown bytes, libshutdown2.o(.ARM.Collect$$libshutdown$$00000012))

<P><STRONG><a name="[181]"></a>__rt_lib_shutdown_signal_1</STRONG> (Thumb, 0 bytes, Stack size unknown bytes, libshutdown2.o(.ARM.Collect$$libshutdown$$0000000C))

<P><STRONG><a name="[182]"></a>__rt_lib_shutdown_stdio_1</STRONG> (Thumb, 0 bytes, Stack size unknown bytes, libshutdown2.o(.ARM.Collect$$libshutdown$$00000006))

<P><STRONG><a name="[183]"></a>__rt_lib_shutdown_user_alloc_1</STRONG> (Thumb, 0 bytes, Stack size unknown bytes, libshutdown2.o(.ARM.Collect$$libshutdown$$0000000E))

<P><STRONG><a name="[57]"></a>__rt_entry</STRONG> (Thumb, 0 bytes, Stack size unknown bytes, __rtentry.o(.ARM.Collect$$rtentry$$00000000))
<BR><BR>[Called By]<UL><LI><a href="#[58]">&gt;&gt;</a>&nbsp;&nbsp;&nbsp;__scatterload_rt2
<LI><a href="#[55]">&gt;&gt;</a>&nbsp;&nbsp;&nbsp;__main
</UL>

<P><STRONG><a name="[184]"></a>__rt_entry_presh_1</STRONG> (Thumb, 0 bytes, Stack size unknown bytes, __rtentry2.o(.ARM.Collect$$rtentry$$00000002))

<P><STRONG><a name="[62]"></a>__rt_entry_sh</STRONG> (Thumb, 0 bytes, Stack size unknown bytes, __rtentry4.o(.ARM.Collect$$rtentry$$00000004))
<BR><BR>[Stack]<UL><LI>Max Depth = 8 + Unknown Stack Size
<LI>Call Chain = __rt_entry_sh &rArr; __user_setup_stackheap
</UL>
<BR>[Calls]<UL><LI><a href="#[63]">&gt;&gt;</a>&nbsp;&nbsp;&nbsp;__user_setup_stackheap
</UL>

<P><STRONG><a name="[64]"></a>__rt_entry_li</STRONG> (Thumb, 0 bytes, Stack size unknown bytes, __rtentry2.o(.ARM.Collect$$rtentry$$0000000A))
<BR><BR>[Calls]<UL><LI><a href="#[65]">&gt;&gt;</a>&nbsp;&nbsp;&nbsp;__rt_lib_init
</UL>

<P><STRONG><a name="[185]"></a>__rt_entry_postsh_1</STRONG> (Thumb, 0 bytes, Stack size unknown bytes, __rtentry2.o(.ARM.Collect$$rtentry$$00000009))

<P><STRONG><a name="[66]"></a>__rt_entry_main</STRONG> (Thumb, 0 bytes, Stack size unknown bytes, __rtentry2.o(.ARM.Collect$$rtentry$$0000000D))
<BR><BR>[Stack]<UL><LI>Max Depth = 1320 + Unknown Stack Size
<LI>Call Chain = __rt_entry_main &rArr; main &rArr; Flash_WriteTemperatureWithTimeFile_Q4 &rArr; Flash_LogTemperatureWithTime_Ring5_Q4 &rArr; Flash_LogLine_Ring5 &rArr; Flash_WriteFileEntry &rArr; Flash_WriteBytes &rArr; Flash_PageProgram &rArr; Flash_WaitForReady &rArr; Flash_ReadStatus
</UL>
<BR>[Calls]<UL><LI><a href="#[67]">&gt;&gt;</a>&nbsp;&nbsp;&nbsp;main
<LI><a href="#[68]">&gt;&gt;</a>&nbsp;&nbsp;&nbsp;exit
</UL>

<P><STRONG><a name="[186]"></a>__rt_entry_postli_1</STRONG> (Thumb, 0 bytes, Stack size unknown bytes, __rtentry2.o(.ARM.Collect$$rtentry$$0000000C))

<P><STRONG><a name="[86]"></a>__rt_exit</STRONG> (Thumb, 0 bytes, Stack size unknown bytes, rtexit.o(.ARM.Collect$$rtexit$$00000000))
<BR><BR>[Called By]<UL><LI><a href="#[68]">&gt;&gt;</a>&nbsp;&nbsp;&nbsp;exit
</UL>

<P><STRONG><a name="[69]"></a>__rt_exit_ls</STRONG> (Thumb, 0 bytes, Stack size unknown bytes, rtexit2.o(.ARM.Collect$$rtexit$$00000003))
<BR><BR>[Calls]<UL><LI><a href="#[6a]">&gt;&gt;</a>&nbsp;&nbsp;&nbsp;__rt_lib_shutdown
</UL>

<P><STRONG><a name="[187]"></a>__rt_exit_prels_1</STRONG> (Thumb, 0 bytes, Stack size unknown bytes, rtexit2.o(.ARM.Collect$$rtexit$$00000002))

<P><STRONG><a name="[6b]"></a>__rt_exit_exit</STRONG> (Thumb, 0 bytes, Stack size unknown bytes, rtexit2.o(.ARM.Collect$$rtexit$$00000004))
<BR><BR>[Calls]<UL><LI><a href="#[6c]">&gt;&gt;</a>&nbsp;&nbsp;&nbsp;_sys_exit
</UL>

<P><STRONG><a name="[79]"></a>__aeabi_memcpy4</STRONG> (Thumb, 56 bytes, Stack size 0 bytes, rt_memcpy.o(.emb_text))
<BR><BR>[Called By]<UL><LI><a href="#[78]">&gt;&gt;</a>&nbsp;&nbsp;&nbsp;__aeabi_memcpy
</UL>

<P><STRONG><a name="[188]"></a>__aeabi_memcpy8</STRONG> (Thumb, 0 bytes, Stack size 0 bytes, rt_memcpy.o(.emb_text), UNUSED)

<P><STRONG><a name="[2a]"></a>Reset_Handler</STRONG> (Thumb, 8 bytes, Stack size 0 bytes, startup_fm33lc0xx.o(.text))
<BR>[Address Reference Count : 1]<UL><LI> startup_fm33lc0xx.o(RESET)
</UL>
<P><STRONG><a name="[2c]"></a>HardFault_Handler</STRONG> (Thumb, 2 bytes, Stack size 0 bytes, startup_fm33lc0xx.o(.text))
<BR><BR>[Calls]<UL><LI><a href="#[2c]">&gt;&gt;</a>&nbsp;&nbsp;&nbsp;HardFault_Handler
</UL>
<BR>[Called By]<UL><LI><a href="#[2c]">&gt;&gt;</a>&nbsp;&nbsp;&nbsp;HardFault_Handler
</UL>
<BR>[Address Reference Count : 1]<UL><LI> startup_fm33lc0xx.o(RESET)
</UL>
<P><STRONG><a name="[2d]"></a>SVC_Handler</STRONG> (Thumb, 2 bytes, Stack size 0 bytes, startup_fm33lc0xx.o(.text))
<BR><BR>[Calls]<UL><LI><a href="#[2d]">&gt;&gt;</a>&nbsp;&nbsp;&nbsp;SVC_Handler
</UL>
<BR>[Called By]<UL><LI><a href="#[2d]">&gt;&gt;</a>&nbsp;&nbsp;&nbsp;SVC_Handler
</UL>
<BR>[Address Reference Count : 1]<UL><LI> startup_fm33lc0xx.o(RESET)
</UL>
<P><STRONG><a name="[2e]"></a>PendSV_Handler</STRONG> (Thumb, 2 bytes, Stack size 0 bytes, startup_fm33lc0xx.o(.text))
<BR><BR>[Calls]<UL><LI><a href="#[2e]">&gt;&gt;</a>&nbsp;&nbsp;&nbsp;PendSV_Handler
</UL>
<BR>[Called By]<UL><LI><a href="#[2e]">&gt;&gt;</a>&nbsp;&nbsp;&nbsp;PendSV_Handler
</UL>
<BR>[Address Reference Count : 1]<UL><LI> startup_fm33lc0xx.o(RESET)
</UL>
<P><STRONG><a name="[2f]"></a>SysTick_Handler</STRONG> (Thumb, 2 bytes, Stack size 0 bytes, startup_fm33lc0xx.o(.text))
<BR><BR>[Calls]<UL><LI><a href="#[2f]">&gt;&gt;</a>&nbsp;&nbsp;&nbsp;SysTick_Handler
</UL>
<BR>[Called By]<UL><LI><a href="#[2f]">&gt;&gt;</a>&nbsp;&nbsp;&nbsp;SysTick_Handler
</UL>
<BR>[Address Reference Count : 1]<UL><LI> startup_fm33lc0xx.o(RESET)
</UL>
<P><STRONG><a name="[35]"></a>ADC_IRQHandler</STRONG> (Thumb, 0 bytes, Stack size 0 bytes, startup_fm33lc0xx.o(.text))
<BR><BR>[Calls]<UL><LI><a href="#[35]">&gt;&gt;</a>&nbsp;&nbsp;&nbsp;ADC_IRQHandler
</UL>
<BR>[Called By]<UL><LI><a href="#[35]">&gt;&gt;</a>&nbsp;&nbsp;&nbsp;ADC_IRQHandler
</UL>
<BR>[Address Reference Count : 1]<UL><LI> startup_fm33lc0xx.o(RESET)
</UL>
<P><STRONG><a name="[43]"></a>AES_IRQHandler</STRONG> (Thumb, 0 bytes, Stack size 0 bytes, startup_fm33lc0xx.o(.text))
<BR>[Address Reference Count : 1]<UL><LI> startup_fm33lc0xx.o(RESET)
</UL>
<P><STRONG><a name="[4c]"></a>ATIM_IRQHandler</STRONG> (Thumb, 0 bytes, Stack size 0 bytes, startup_fm33lc0xx.o(.text))
<BR>[Address Reference Count : 1]<UL><LI> startup_fm33lc0xx.o(RESET)
</UL>
<P><STRONG><a name="[49]"></a>COMPx_IRQHandler</STRONG> (Thumb, 0 bytes, Stack size 0 bytes, startup_fm33lc0xx.o(.text))
<BR>[Address Reference Count : 1]<UL><LI> startup_fm33lc0xx.o(RESET)
</UL>
<P><STRONG><a name="[45]"></a>DMA_IRQHandler</STRONG> (Thumb, 0 bytes, Stack size 0 bytes, startup_fm33lc0xx.o(.text))
<BR>[Address Reference Count : 1]<UL><LI> startup_fm33lc0xx.o(RESET)
</UL>
<P><STRONG><a name="[33]"></a>FLASH_IRQHandler</STRONG> (Thumb, 0 bytes, Stack size 0 bytes, startup_fm33lc0xx.o(.text))
<BR>[Address Reference Count : 1]<UL><LI> startup_fm33lc0xx.o(RESET)
</UL>
<P><STRONG><a name="[4e]"></a>GPIO_IRQHandler</STRONG> (Thumb, 0 bytes, Stack size 0 bytes, startup_fm33lc0xx.o(.text))
<BR>[Address Reference Count : 1]<UL><LI> startup_fm33lc0xx.o(RESET)
</UL>
<P><STRONG><a name="[4a]"></a>GPTIM0_IRQHandler</STRONG> (Thumb, 0 bytes, Stack size 0 bytes, startup_fm33lc0xx.o(.text))
<BR>[Address Reference Count : 1]<UL><LI> startup_fm33lc0xx.o(RESET)
</UL>
<P><STRONG><a name="[4b]"></a>GPTIM1_IRQHandler</STRONG> (Thumb, 0 bytes, Stack size 0 bytes, startup_fm33lc0xx.o(.text))
<BR>[Address Reference Count : 1]<UL><LI> startup_fm33lc0xx.o(RESET)
</UL>
<P><STRONG><a name="[3e]"></a>HFDET_IRQHandler</STRONG> (Thumb, 0 bytes, Stack size 0 bytes, startup_fm33lc0xx.o(.text))
<BR>[Address Reference Count : 1]<UL><LI> startup_fm33lc0xx.o(RESET)
</UL>
<P><STRONG><a name="[41]"></a>I2C_IRQHandler</STRONG> (Thumb, 0 bytes, Stack size 0 bytes, startup_fm33lc0xx.o(.text))
<BR>[Address Reference Count : 1]<UL><LI> startup_fm33lc0xx.o(RESET)
</UL>
<P><STRONG><a name="[36]"></a>IWDT_IRQHandler</STRONG> (Thumb, 0 bytes, Stack size 0 bytes, startup_fm33lc0xx.o(.text))
<BR>[Address Reference Count : 1]<UL><LI> startup_fm33lc0xx.o(RESET)
</UL>
<P><STRONG><a name="[39]"></a>LCD_IRQHandler</STRONG> (Thumb, 0 bytes, Stack size 0 bytes, startup_fm33lc0xx.o(.text))
<BR>[Address Reference Count : 1]<UL><LI> startup_fm33lc0xx.o(RESET)
</UL>
<P><STRONG><a name="[34]"></a>LFDET_IRQHandler</STRONG> (Thumb, 0 bytes, Stack size 0 bytes, startup_fm33lc0xx.o(.text))
<BR>[Address Reference Count : 1]<UL><LI> startup_fm33lc0xx.o(RESET)
</UL>
<P><STRONG><a name="[44]"></a>LPTIM_IRQHandler</STRONG> (Thumb, 0 bytes, Stack size 0 bytes, startup_fm33lc0xx.o(.text))
<BR>[Address Reference Count : 1]<UL><LI> startup_fm33lc0xx.o(RESET)
</UL>
<P><STRONG><a name="[4f]"></a>LPUART0_IRQHandler</STRONG> (Thumb, 0 bytes, Stack size 0 bytes, startup_fm33lc0xx.o(.text))
<BR>[Address Reference Count : 1]<UL><LI> startup_fm33lc0xx.o(RESET)
</UL>
<P><STRONG><a name="[40]"></a>LPUART1_IRQHandler</STRONG> (Thumb, 0 bytes, Stack size 0 bytes, startup_fm33lc0xx.o(.text))
<BR>[Address Reference Count : 1]<UL><LI> startup_fm33lc0xx.o(RESET)
</UL>
<P><STRONG><a name="[47]"></a>OPAx_IRQHandler</STRONG> (Thumb, 0 bytes, Stack size 0 bytes, startup_fm33lc0xx.o(.text))
<BR>[Address Reference Count : 1]<UL><LI> startup_fm33lc0xx.o(RESET)
</UL>
<P><STRONG><a name="[32]"></a>RTC_IRQHandler</STRONG> (Thumb, 0 bytes, Stack size 0 bytes, startup_fm33lc0xx.o(.text))
<BR>[Address Reference Count : 1]<UL><LI> startup_fm33lc0xx.o(RESET)
</UL>
<P><STRONG><a name="[37]"></a>SPI1_IRQHandler</STRONG> (Thumb, 0 bytes, Stack size 0 bytes, startup_fm33lc0xx.o(.text))
<BR>[Address Reference Count : 1]<UL><LI> startup_fm33lc0xx.o(RESET)
</UL>
<P><STRONG><a name="[38]"></a>SPI2_IRQHandler</STRONG> (Thumb, 0 bytes, Stack size 0 bytes, startup_fm33lc0xx.o(.text))
<BR>[Address Reference Count : 1]<UL><LI> startup_fm33lc0xx.o(RESET)
</UL>
<P><STRONG><a name="[31]"></a>SVD_IRQHandler</STRONG> (Thumb, 0 bytes, Stack size 0 bytes, startup_fm33lc0xx.o(.text))
<BR>[Address Reference Count : 1]<UL><LI> startup_fm33lc0xx.o(RESET)
</UL>
<P><STRONG><a name="[3f]"></a>U7816_IRQHandler</STRONG> (Thumb, 0 bytes, Stack size 0 bytes, startup_fm33lc0xx.o(.text))
<BR>[Address Reference Count : 1]<UL><LI> startup_fm33lc0xx.o(RESET)
</UL>
<P><STRONG><a name="[3a]"></a>UART0_IRQHandler</STRONG> (Thumb, 0 bytes, Stack size 0 bytes, startup_fm33lc0xx.o(.text))
<BR>[Address Reference Count : 1]<UL><LI> startup_fm33lc0xx.o(RESET)
</UL>
<P><STRONG><a name="[3b]"></a>UART1_IRQHandler</STRONG> (Thumb, 0 bytes, Stack size 0 bytes, startup_fm33lc0xx.o(.text))
<BR>[Address Reference Count : 1]<UL><LI> startup_fm33lc0xx.o(RESET)
</UL>
<P><STRONG><a name="[3c]"></a>UART4_IRQHandler</STRONG> (Thumb, 0 bytes, Stack size 0 bytes, startup_fm33lc0xx.o(.text))
<BR>[Address Reference Count : 1]<UL><LI> startup_fm33lc0xx.o(RESET)
</UL>
<P><STRONG><a name="[3d]"></a>UART5_IRQHandler</STRONG> (Thumb, 0 bytes, Stack size 0 bytes, startup_fm33lc0xx.o(.text))
<BR>[Address Reference Count : 1]<UL><LI> startup_fm33lc0xx.o(RESET)
</UL>
<P><STRONG><a name="[4d]"></a>VREF_IRQHandler</STRONG> (Thumb, 0 bytes, Stack size 0 bytes, startup_fm33lc0xx.o(.text))
<BR>[Address Reference Count : 1]<UL><LI> startup_fm33lc0xx.o(RESET)
</UL>
<P><STRONG><a name="[46]"></a>WKUP_IRQHandler</STRONG> (Thumb, 0 bytes, Stack size 0 bytes, startup_fm33lc0xx.o(.text))
<BR>[Address Reference Count : 1]<UL><LI> startup_fm33lc0xx.o(RESET)
</UL>
<P><STRONG><a name="[30]"></a>WWDT_IRQHandler</STRONG> (Thumb, 0 bytes, Stack size 0 bytes, startup_fm33lc0xx.o(.text))
<BR>[Address Reference Count : 1]<UL><LI> startup_fm33lc0xx.o(RESET)
</UL>
<P><STRONG><a name="[84]"></a>__user_initial_stackheap</STRONG> (Thumb, 0 bytes, Stack size unknown bytes, startup_fm33lc0xx.o(.text))
<BR><BR>[Called By]<UL><LI><a href="#[63]">&gt;&gt;</a>&nbsp;&nbsp;&nbsp;__user_setup_stackheap
</UL>

<P><STRONG><a name="[b2]"></a>__aeabi_uldivmod</STRONG> (Thumb, 258 bytes, Stack size 32 bytes, lludiv.o(.text))
<BR><BR>[Stack]<UL><LI>Max Depth = 32<LI>Call Chain = __aeabi_uldivmod
</UL>
<BR>[Called By]<UL><LI><a href="#[b0]">&gt;&gt;</a>&nbsp;&nbsp;&nbsp;DelayUs
</UL>

<P><STRONG><a name="[189]"></a>_ll_udiv</STRONG> (Thumb, 0 bytes, Stack size 32 bytes, lludiv.o(.text), UNUSED)

<P><STRONG><a name="[6d]"></a>toupper</STRONG> (Thumb, 30 bytes, Stack size 8 bytes, toupper.o(.text))
<BR><BR>[Stack]<UL><LI>Max Depth = 16<LI>Call Chain = toupper &rArr; __rt_ctype_table
</UL>
<BR>[Calls]<UL><LI><a href="#[6e]">&gt;&gt;</a>&nbsp;&nbsp;&nbsp;__rt_ctype_table
</UL>
<BR>[Called By]<UL><LI><a href="#[153]">&gt;&gt;</a>&nbsp;&nbsp;&nbsp;make_83_name
</UL>

<P><STRONG><a name="[6f]"></a>__2sprintf</STRONG> (Thumb, 40 bytes, Stack size 32 bytes, __2sprintf.o(.text))
<BR><BR>[Stack]<UL><LI>Max Depth = 128 + Unknown Stack Size
<LI>Call Chain = __2sprintf &rArr; _printf_char_common &rArr; __printf
</UL>
<BR>[Calls]<UL><LI><a href="#[52]">&gt;&gt;</a>&nbsp;&nbsp;&nbsp;_sputc
<LI><a href="#[70]">&gt;&gt;</a>&nbsp;&nbsp;&nbsp;_printf_char_common
</UL>
<BR>[Called By]<UL><LI><a href="#[67]">&gt;&gt;</a>&nbsp;&nbsp;&nbsp;main
<LI><a href="#[c1]">&gt;&gt;</a>&nbsp;&nbsp;&nbsp;Flash_LogTemperatureWithTime_Ring5_Q4
<LI><a href="#[e6]">&gt;&gt;</a>&nbsp;&nbsp;&nbsp;load_file_from_flash_to_ram
</UL>

<P><STRONG><a name="[81]"></a>_printf_pre_padding</STRONG> (Thumb, 44 bytes, Stack size 16 bytes, _printf_pad.o(.text))
<BR><BR>[Stack]<UL><LI>Max Depth = 16<LI>Call Chain = _printf_pre_padding
</UL>
<BR>[Called By]<UL><LI><a href="#[74]">&gt;&gt;</a>&nbsp;&nbsp;&nbsp;_printf_int_common
</UL>

<P><STRONG><a name="[82]"></a>_printf_post_padding</STRONG> (Thumb, 34 bytes, Stack size 16 bytes, _printf_pad.o(.text))
<BR><BR>[Stack]<UL><LI>Max Depth = 16<LI>Call Chain = _printf_post_padding
</UL>
<BR>[Called By]<UL><LI><a href="#[74]">&gt;&gt;</a>&nbsp;&nbsp;&nbsp;_printf_int_common
</UL>

<P><STRONG><a name="[5b]"></a>_printf_int_dec</STRONG> (Thumb, 90 bytes, Stack size 32 bytes, _printf_dec.o(.text))
<BR><BR>[Stack]<UL><LI>Max Depth = 88<LI>Call Chain = _printf_int_dec &rArr; _printf_int_common &rArr; _printf_post_padding
</UL>
<BR>[Calls]<UL><LI><a href="#[73]">&gt;&gt;</a>&nbsp;&nbsp;&nbsp;__rt_udiv10
<LI><a href="#[74]">&gt;&gt;</a>&nbsp;&nbsp;&nbsp;_printf_int_common
<LI><a href="#[72]">&gt;&gt;</a>&nbsp;&nbsp;&nbsp;_printf_truncate_unsigned (Weak Reference)
<LI><a href="#[71]">&gt;&gt;</a>&nbsp;&nbsp;&nbsp;_printf_truncate_signed (Weak Reference)
</UL>
<BR>[Called By]<UL><LI><a href="#[5a]">&gt;&gt;</a>&nbsp;&nbsp;&nbsp;_printf_u
<LI><a href="#[59]">&gt;&gt;</a>&nbsp;&nbsp;&nbsp;_printf_d
</UL>

<P><STRONG><a name="[5e]"></a>_printf_int_hex</STRONG> (Thumb, 84 bytes, Stack size 16 bytes, _printf_hex_int.o(.text))
<BR><BR>[Stack]<UL><LI>Max Depth = 72<LI>Call Chain = _printf_int_hex &rArr; _printf_int_common &rArr; _printf_post_padding
</UL>
<BR>[Calls]<UL><LI><a href="#[74]">&gt;&gt;</a>&nbsp;&nbsp;&nbsp;_printf_int_common
<LI><a href="#[72]">&gt;&gt;</a>&nbsp;&nbsp;&nbsp;_printf_truncate_unsigned (Weak Reference)
</UL>
<BR>[Called By]<UL><LI><a href="#[5c]">&gt;&gt;</a>&nbsp;&nbsp;&nbsp;_printf_x
</UL>

<P><STRONG><a name="[18a]"></a>_printf_longlong_hex</STRONG> (Thumb, 0 bytes, Stack size 16 bytes, _printf_hex_int.o(.text), UNUSED)

<P><STRONG><a name="[75]"></a>__printf</STRONG> (Thumb, 386 bytes, Stack size 32 bytes, __printf_flags_ss_wp.o(.text))
<BR><BR>[Stack]<UL><LI>Max Depth = 32 + Unknown Stack Size
<LI>Call Chain = __printf
</UL>
<BR>[Calls]<UL><LI><a href="#[77]">&gt;&gt;</a>&nbsp;&nbsp;&nbsp;_printf_percent
<LI><a href="#[76]">&gt;&gt;</a>&nbsp;&nbsp;&nbsp;_is_digit
</UL>
<BR>[Called By]<UL><LI><a href="#[70]">&gt;&gt;</a>&nbsp;&nbsp;&nbsp;_printf_char_common
</UL>

<P><STRONG><a name="[160]"></a>memcmp</STRONG> (Thumb, 90 bytes, Stack size 8 bytes, memcmp.o(.text))
<BR><BR>[Stack]<UL><LI>Max Depth = 8<LI>Call Chain = memcmp
</UL>
<BR>[Called By]<UL><LI><a href="#[f5]">&gt;&gt;</a>&nbsp;&nbsp;&nbsp;month_from_abbr3
</UL>

<P><STRONG><a name="[c2]"></a>strlen</STRONG> (Thumb, 62 bytes, Stack size 12 bytes, strlen.o(.text))
<BR><BR>[Stack]<UL><LI>Max Depth = 12<LI>Call Chain = strlen
</UL>
<BR>[Called By]<UL><LI><a href="#[67]">&gt;&gt;</a>&nbsp;&nbsp;&nbsp;main
<LI><a href="#[c1]">&gt;&gt;</a>&nbsp;&nbsp;&nbsp;Flash_LogTemperatureWithTime_Ring5_Q4
<LI><a href="#[153]">&gt;&gt;</a>&nbsp;&nbsp;&nbsp;make_83_name
</UL>

<P><STRONG><a name="[78]"></a>__aeabi_memcpy</STRONG> (Thumb, 130 bytes, Stack size 24 bytes, rt_memcpy.o(.text))
<BR><BR>[Stack]<UL><LI>Max Depth = 24<LI>Call Chain = __aeabi_memcpy
</UL>
<BR>[Calls]<UL><LI><a href="#[79]">&gt;&gt;</a>&nbsp;&nbsp;&nbsp;__aeabi_memcpy4
</UL>
<BR>[Called By]<UL><LI><a href="#[bc]">&gt;&gt;</a>&nbsp;&nbsp;&nbsp;Flash_LogLine_Ring5
<LI><a href="#[c0]">&gt;&gt;</a>&nbsp;&nbsp;&nbsp;Flash_WriteFileEntry
<LI><a href="#[159]">&gt;&gt;</a>&nbsp;&nbsp;&nbsp;set_default_file_to_ram
<LI><a href="#[e6]">&gt;&gt;</a>&nbsp;&nbsp;&nbsp;load_file_from_flash_to_ram
<LI><a href="#[152]">&gt;&gt;</a>&nbsp;&nbsp;&nbsp;build_root_dir_sector
<LI><a href="#[150]">&gt;&gt;</a>&nbsp;&nbsp;&nbsp;build_data_sector_cluster2
<LI><a href="#[14d]">&gt;&gt;</a>&nbsp;&nbsp;&nbsp;build_boot_sector
</UL>

<P><STRONG><a name="[18b]"></a>__rt_memcpy</STRONG> (Thumb, 0 bytes, Stack size 24 bytes, rt_memcpy.o(.text), UNUSED)

<P><STRONG><a name="[7a]"></a>__aeabi_memset</STRONG> (Thumb, 18 bytes, Stack size 8 bytes, aeabi_memset.o(.text))
<BR><BR>[Stack]<UL><LI>Max Depth = 8<LI>Call Chain = __aeabi_memset
</UL>
<BR>[Calls]<UL><LI><a href="#[7b]">&gt;&gt;</a>&nbsp;&nbsp;&nbsp;_memset
</UL>
<BR>[Called By]<UL><LI><a href="#[11a]">&gt;&gt;</a>&nbsp;&nbsp;&nbsp;USB_OTG_BSP_Init
</UL>

<P><STRONG><a name="[7c]"></a>_memset_w</STRONG> (Thumb, 26 bytes, Stack size 0 bytes, rt_memclr.o(.text))
<BR><BR>[Called By]<UL><LI><a href="#[7e]">&gt;&gt;</a>&nbsp;&nbsp;&nbsp;__rt_memclr_w
<LI><a href="#[7b]">&gt;&gt;</a>&nbsp;&nbsp;&nbsp;_memset
</UL>

<P><STRONG><a name="[7b]"></a>_memset</STRONG> (Thumb, 30 bytes, Stack size 0 bytes, rt_memclr.o(.text))
<BR><BR>[Calls]<UL><LI><a href="#[7c]">&gt;&gt;</a>&nbsp;&nbsp;&nbsp;_memset_w
</UL>
<BR>[Called By]<UL><LI><a href="#[7d]">&gt;&gt;</a>&nbsp;&nbsp;&nbsp;__aeabi_memclr
<LI><a href="#[7a]">&gt;&gt;</a>&nbsp;&nbsp;&nbsp;__aeabi_memset
</UL>

<P><STRONG><a name="[7d]"></a>__aeabi_memclr</STRONG> (Thumb, 4 bytes, Stack size 0 bytes, rt_memclr.o(.text))
<BR><BR>[Calls]<UL><LI><a href="#[7b]">&gt;&gt;</a>&nbsp;&nbsp;&nbsp;_memset
</UL>
<BR>[Called By]<UL><LI><a href="#[159]">&gt;&gt;</a>&nbsp;&nbsp;&nbsp;set_default_file_to_ram
<LI><a href="#[e6]">&gt;&gt;</a>&nbsp;&nbsp;&nbsp;load_file_from_flash_to_ram
<LI><a href="#[10b]">&gt;&gt;</a>&nbsp;&nbsp;&nbsp;build_sector
<LI><a href="#[152]">&gt;&gt;</a>&nbsp;&nbsp;&nbsp;build_root_dir_sector
<LI><a href="#[151]">&gt;&gt;</a>&nbsp;&nbsp;&nbsp;build_fat_sector
<LI><a href="#[150]">&gt;&gt;</a>&nbsp;&nbsp;&nbsp;build_data_sector_cluster2
<LI><a href="#[14d]">&gt;&gt;</a>&nbsp;&nbsp;&nbsp;build_boot_sector
</UL>

<P><STRONG><a name="[80]"></a>__rt_memclr</STRONG> (Thumb, 0 bytes, Stack size 0 bytes, rt_memclr.o(.text))
<BR><BR>[Called By]<UL><LI><a href="#[7f]">&gt;&gt;</a>&nbsp;&nbsp;&nbsp;strncpy
</UL>

<P><STRONG><a name="[bd]"></a>__aeabi_memclr4</STRONG> (Thumb, 0 bytes, Stack size 0 bytes, rt_memclr.o(.text))
<BR><BR>[Called By]<UL><LI><a href="#[d6]">&gt;&gt;</a>&nbsp;&nbsp;&nbsp;LedInit
<LI><a href="#[cc]">&gt;&gt;</a>&nbsp;&nbsp;&nbsp;FoutInit
<LI><a href="#[149]">&gt;&gt;</a>&nbsp;&nbsp;&nbsp;WKUP_init
<LI><a href="#[e9]">&gt;&gt;</a>&nbsp;&nbsp;&nbsp;NST112_GPIO_Init
<LI><a href="#[bc]">&gt;&gt;</a>&nbsp;&nbsp;&nbsp;Flash_LogLine_Ring5
<LI><a href="#[cf]">&gt;&gt;</a>&nbsp;&nbsp;&nbsp;LL_GPIO_ALLPIN_LPM_MODE
<LI><a href="#[ea]">&gt;&gt;</a>&nbsp;&nbsp;&nbsp;sda_out
<LI><a href="#[154]">&gt;&gt;</a>&nbsp;&nbsp;&nbsp;sda_in
<LI><a href="#[c0]">&gt;&gt;</a>&nbsp;&nbsp;&nbsp;Flash_WriteFileEntry
</UL>

<P><STRONG><a name="[18c]"></a>__aeabi_memclr8</STRONG> (Thumb, 0 bytes, Stack size 0 bytes, rt_memclr.o(.text), UNUSED)

<P><STRONG><a name="[7e]"></a>__rt_memclr_w</STRONG> (Thumb, 4 bytes, Stack size 0 bytes, rt_memclr.o(.text), UNUSED)
<BR><BR>[Calls]<UL><LI><a href="#[7c]">&gt;&gt;</a>&nbsp;&nbsp;&nbsp;_memset_w
</UL>

<P><STRONG><a name="[7f]"></a>strncpy</STRONG> (Thumb, 104 bytes, Stack size 24 bytes, strncpy.o(.text))
<BR><BR>[Stack]<UL><LI>Max Depth = 24<LI>Call Chain = strncpy
</UL>
<BR>[Calls]<UL><LI><a href="#[80]">&gt;&gt;</a>&nbsp;&nbsp;&nbsp;__rt_memclr
</UL>
<BR>[Called By]<UL><LI><a href="#[c0]">&gt;&gt;</a>&nbsp;&nbsp;&nbsp;Flash_WriteFileEntry
<LI><a href="#[159]">&gt;&gt;</a>&nbsp;&nbsp;&nbsp;set_default_file_to_ram
<LI><a href="#[e6]">&gt;&gt;</a>&nbsp;&nbsp;&nbsp;load_file_from_flash_to_ram
</UL>

<P><STRONG><a name="[140]"></a>__aeabi_uread4</STRONG> (Thumb, 22 bytes, Stack size 0 bytes, uread4.o(.text))
<BR><BR>[Called By]<UL><LI><a href="#[ae]">&gt;&gt;</a>&nbsp;&nbsp;&nbsp;USB_OTG_WritePacket
</UL>

<P><STRONG><a name="[18d]"></a>__rt_uread4</STRONG> (Thumb, 0 bytes, Stack size 0 bytes, uread4.o(.text), UNUSED)

<P><STRONG><a name="[13f]"></a>__aeabi_uwrite4</STRONG> (Thumb, 16 bytes, Stack size 0 bytes, uwrite4.o(.text))
<BR><BR>[Called By]<UL><LI><a href="#[a5]">&gt;&gt;</a>&nbsp;&nbsp;&nbsp;USB_OTG_ReadPacket
</UL>

<P><STRONG><a name="[18e]"></a>__rt_uwrite4</STRONG> (Thumb, 0 bytes, Stack size 0 bytes, uwrite4.o(.text), UNUSED)

<P><STRONG><a name="[18f]"></a>__aeabi_uidiv</STRONG> (Thumb, 0 bytes, Stack size 0 bytes, aeabi_sdiv.o(.text), UNUSED)

<P><STRONG><a name="[fc]"></a>__aeabi_uidivmod</STRONG> (Thumb, 20 bytes, Stack size 0 bytes, aeabi_sdiv.o(.text))
<BR><BR>[Called By]<UL><LI><a href="#[fa]">&gt;&gt;</a>&nbsp;&nbsp;&nbsp;weekday_iso_1_7
<LI><a href="#[fb]">&gt;&gt;</a>&nbsp;&nbsp;&nbsp;bin2bcd
<LI><a href="#[f9]">&gt;&gt;</a>&nbsp;&nbsp;&nbsp;RTC_SimpleInit_IfNeeded
<LI><a href="#[7]">&gt;&gt;</a>&nbsp;&nbsp;&nbsp;USBD_DataInStage
<LI><a href="#[95]">&gt;&gt;</a>&nbsp;&nbsp;&nbsp;USB_OTG_EPStartXfer
<LI><a href="#[10a]">&gt;&gt;</a>&nbsp;&nbsp;&nbsp;SCSI_ProcessWrite
<LI><a href="#[109]">&gt;&gt;</a>&nbsp;&nbsp;&nbsp;SCSI_ProcessRead
</UL>

<P><STRONG><a name="[190]"></a>__aeabi_idiv</STRONG> (Thumb, 0 bytes, Stack size 8 bytes, aeabi_sdiv.o(.text), UNUSED)

<P><STRONG><a name="[191]"></a>__aeabi_idivmod</STRONG> (Thumb, 326 bytes, Stack size 8 bytes, aeabi_sdiv.o(.text), UNUSED)

<P><STRONG><a name="[192]"></a>__use_two_region_memory</STRONG> (Thumb, 2 bytes, Stack size 0 bytes, heapauxi.o(.text), UNUSED)

<P><STRONG><a name="[193]"></a>__rt_heap_escrow$2region</STRONG> (Thumb, 2 bytes, Stack size 0 bytes, heapauxi.o(.text), UNUSED)

<P><STRONG><a name="[194]"></a>__rt_heap_expand$2region</STRONG> (Thumb, 2 bytes, Stack size 0 bytes, heapauxi.o(.text), UNUSED)

<P><STRONG><a name="[6e]"></a>__rt_ctype_table</STRONG> (Thumb, 16 bytes, Stack size 8 bytes, rt_ctype_table.o(.text))
<BR><BR>[Stack]<UL><LI>Max Depth = 8<LI>Call Chain = __rt_ctype_table
</UL>
<BR>[Calls]<UL><LI><a href="#[60]">&gt;&gt;</a>&nbsp;&nbsp;&nbsp;__rt_locale
</UL>
<BR>[Called By]<UL><LI><a href="#[6d]">&gt;&gt;</a>&nbsp;&nbsp;&nbsp;toupper
</UL>

<P><STRONG><a name="[74]"></a>_printf_int_common</STRONG> (Thumb, 176 bytes, Stack size 40 bytes, _printf_intcommon.o(.text))
<BR><BR>[Stack]<UL><LI>Max Depth = 56<LI>Call Chain = _printf_int_common &rArr; _printf_post_padding
</UL>
<BR>[Calls]<UL><LI><a href="#[82]">&gt;&gt;</a>&nbsp;&nbsp;&nbsp;_printf_post_padding
<LI><a href="#[81]">&gt;&gt;</a>&nbsp;&nbsp;&nbsp;_printf_pre_padding
</UL>
<BR>[Called By]<UL><LI><a href="#[5e]">&gt;&gt;</a>&nbsp;&nbsp;&nbsp;_printf_int_hex
<LI><a href="#[5b]">&gt;&gt;</a>&nbsp;&nbsp;&nbsp;_printf_int_dec
</UL>

<P><STRONG><a name="[70]"></a>_printf_char_common</STRONG> (Thumb, 32 bytes, Stack size 64 bytes, _printf_char_common.o(.text))
<BR><BR>[Stack]<UL><LI>Max Depth = 96 + Unknown Stack Size
<LI>Call Chain = _printf_char_common &rArr; __printf
</UL>
<BR>[Calls]<UL><LI><a href="#[75]">&gt;&gt;</a>&nbsp;&nbsp;&nbsp;__printf
</UL>
<BR>[Called By]<UL><LI><a href="#[6f]">&gt;&gt;</a>&nbsp;&nbsp;&nbsp;__2sprintf
</UL>

<P><STRONG><a name="[52]"></a>_sputc</STRONG> (Thumb, 10 bytes, Stack size 0 bytes, _sputc.o(.text))
<BR><BR>[Called By]<UL><LI><a href="#[6f]">&gt;&gt;</a>&nbsp;&nbsp;&nbsp;__2sprintf
</UL>
<BR>[Address Reference Count : 1]<UL><LI> __2sprintf.o(.text)
</UL>
<P><STRONG><a name="[73]"></a>__rt_udiv10</STRONG> (Thumb, 40 bytes, Stack size 0 bytes, rtudiv10.o(.text))
<BR><BR>[Called By]<UL><LI><a href="#[5b]">&gt;&gt;</a>&nbsp;&nbsp;&nbsp;_printf_int_dec
</UL>

<P><STRONG><a name="[60]"></a>__rt_locale</STRONG> (Thumb, 8 bytes, Stack size 0 bytes, rt_locale_intlibspace.o(.text))
<BR><BR>[Called By]<UL><LI><a href="#[5f]">&gt;&gt;</a>&nbsp;&nbsp;&nbsp;__rt_lib_init_lc_common
<LI><a href="#[6e]">&gt;&gt;</a>&nbsp;&nbsp;&nbsp;__rt_ctype_table
</UL>

<P><STRONG><a name="[195]"></a>__user_libspace</STRONG> (Thumb, 8 bytes, Stack size 0 bytes, libspace.o(.text), UNUSED)

<P><STRONG><a name="[83]"></a>__user_perproc_libspace</STRONG> (Thumb, 0 bytes, Stack size 0 bytes, libspace.o(.text))
<BR><BR>[Called By]<UL><LI><a href="#[63]">&gt;&gt;</a>&nbsp;&nbsp;&nbsp;__user_setup_stackheap
</UL>

<P><STRONG><a name="[196]"></a>__user_perthread_libspace</STRONG> (Thumb, 0 bytes, Stack size 0 bytes, libspace.o(.text), UNUSED)

<P><STRONG><a name="[63]"></a>__user_setup_stackheap</STRONG> (Thumb, 62 bytes, Stack size 8 bytes, sys_stackheap_outer.o(.text))
<BR><BR>[Stack]<UL><LI>Max Depth = 8 + Unknown Stack Size
<LI>Call Chain = __user_setup_stackheap
</UL>
<BR>[Calls]<UL><LI><a href="#[84]">&gt;&gt;</a>&nbsp;&nbsp;&nbsp;__user_initial_stackheap
<LI><a href="#[83]">&gt;&gt;</a>&nbsp;&nbsp;&nbsp;__user_perproc_libspace
</UL>
<BR>[Called By]<UL><LI><a href="#[62]">&gt;&gt;</a>&nbsp;&nbsp;&nbsp;__rt_entry_sh
</UL>

<P><STRONG><a name="[68]"></a>exit</STRONG> (Thumb, 16 bytes, Stack size 8 bytes, exit.o(.text))
<BR><BR>[Stack]<UL><LI>Max Depth = 8 + Unknown Stack Size
<LI>Call Chain = exit
</UL>
<BR>[Calls]<UL><LI><a href="#[86]">&gt;&gt;</a>&nbsp;&nbsp;&nbsp;__rt_exit
<LI><a href="#[85]">&gt;&gt;</a>&nbsp;&nbsp;&nbsp;_call_atexit_fns (Weak Reference)
</UL>
<BR>[Called By]<UL><LI><a href="#[66]">&gt;&gt;</a>&nbsp;&nbsp;&nbsp;__rt_entry_main
</UL>

<P><STRONG><a name="[163]"></a>strcmp</STRONG> (Thumb, 132 bytes, Stack size 16 bytes, strcmp.o(.text))
<BR><BR>[Stack]<UL><LI>Max Depth = 16<LI>Call Chain = strcmp
</UL>
<BR>[Called By]<UL><LI><a href="#[53]">&gt;&gt;</a>&nbsp;&nbsp;&nbsp;_get_lc_ctype
</UL>

<P><STRONG><a name="[6c]"></a>_sys_exit</STRONG> (Thumb, 8 bytes, Stack size 0 bytes, sys_exit.o(.text))
<BR><BR>[Called By]<UL><LI><a href="#[6b]">&gt;&gt;</a>&nbsp;&nbsp;&nbsp;__rt_exit_exit
</UL>

<P><STRONG><a name="[197]"></a>__I$use$semihosting</STRONG> (Thumb, 0 bytes, Stack size 0 bytes, use_no_semi.o(.text), UNUSED)

<P><STRONG><a name="[198]"></a>__use_no_semihosting_swi</STRONG> (Thumb, 2 bytes, Stack size 0 bytes, use_no_semi.o(.text), UNUSED)

<P><STRONG><a name="[199]"></a>__decompress</STRONG> (Thumb, 0 bytes, Stack size unknown bytes, __dczerorl.o(.text), UNUSED)

<P><STRONG><a name="[19a]"></a>__decompress0</STRONG> (Thumb, 58 bytes, Stack size unknown bytes, __dczerorl.o(.text), UNUSED)

<P><STRONG><a name="[19b]"></a>__semihosting_library_function</STRONG> (Thumb, 0 bytes, Stack size unknown bytes, indicate_semi.o(.text), UNUSED)

<P><STRONG><a name="[48]"></a>BSTIM_IRQHandler</STRONG> (Thumb, 12 bytes, Stack size 0 bytes, usb.o(i.BSTIM_IRQHandler))
<BR>[Address Reference Count : 1]<UL><LI> startup_fm33lc0xx.o(RESET)
</UL>
<P><STRONG><a name="[8a]"></a>DCD_EP_Close</STRONG> (Thumb, 76 bytes, Stack size 16 bytes, usb_dcd.o(i.DCD_EP_Close))
<BR><BR>[Stack]<UL><LI>Max Depth = 36<LI>Call Chain = DCD_EP_Close &rArr; USB_OTG_EPDeactivate
</UL>
<BR>[Calls]<UL><LI><a href="#[8b]">&gt;&gt;</a>&nbsp;&nbsp;&nbsp;USB_OTG_EPDeactivate
</UL>
<BR>[Called By]<UL><LI><a href="#[1f]">&gt;&gt;</a>&nbsp;&nbsp;&nbsp;USBD_MSC_Setup
<LI><a href="#[1e]">&gt;&gt;</a>&nbsp;&nbsp;&nbsp;USBD_MSC_DeInit
</UL>

<P><STRONG><a name="[8c]"></a>DCD_EP_ClrStall</STRONG> (Thumb, 76 bytes, Stack size 16 bytes, usb_dcd.o(i.DCD_EP_ClrStall))
<BR><BR>[Stack]<UL><LI>Max Depth = 32<LI>Call Chain = DCD_EP_ClrStall &rArr; USB_OTG_EPClearStall
</UL>
<BR>[Calls]<UL><LI><a href="#[8d]">&gt;&gt;</a>&nbsp;&nbsp;&nbsp;USB_OTG_EPClearStall
</UL>
<BR>[Called By]<UL><LI><a href="#[12f]">&gt;&gt;</a>&nbsp;&nbsp;&nbsp;USBD_StdEPReq
</UL>

<P><STRONG><a name="[8e]"></a>DCD_EP_Flush</STRONG> (Thumb, 36 bytes, Stack size 16 bytes, usb_dcd.o(i.DCD_EP_Flush))
<BR><BR>[Stack]<UL><LI>Max Depth = 96<LI>Call Chain = DCD_EP_Flush &rArr; USB_OTG_FlushTxFifo &rArr; USB_OTG_BSP_uDelay &rArr; DelayUs &rArr; __aeabi_uldivmod
</UL>
<BR>[Calls]<UL><LI><a href="#[8f]">&gt;&gt;</a>&nbsp;&nbsp;&nbsp;USB_OTG_FlushTxFifo
<LI><a href="#[90]">&gt;&gt;</a>&nbsp;&nbsp;&nbsp;USB_OTG_FlushRxFifo
</UL>
<BR>[Called By]<UL><LI><a href="#[1f]">&gt;&gt;</a>&nbsp;&nbsp;&nbsp;USBD_MSC_Setup
<LI><a href="#[e3]">&gt;&gt;</a>&nbsp;&nbsp;&nbsp;MSC_BOT_Init
</UL>

<P><STRONG><a name="[91]"></a>DCD_EP_Open</STRONG> (Thumb, 106 bytes, Stack size 40 bytes, usb_dcd.o(i.DCD_EP_Open))
<BR><BR>[Stack]<UL><LI>Max Depth = 64<LI>Call Chain = DCD_EP_Open &rArr; USB_OTG_EPActivate
</UL>
<BR>[Calls]<UL><LI><a href="#[92]">&gt;&gt;</a>&nbsp;&nbsp;&nbsp;USB_OTG_EPActivate
</UL>
<BR>[Called By]<UL><LI><a href="#[a]">&gt;&gt;</a>&nbsp;&nbsp;&nbsp;USBD_Reset
<LI><a href="#[1f]">&gt;&gt;</a>&nbsp;&nbsp;&nbsp;USBD_MSC_Setup
<LI><a href="#[1d]">&gt;&gt;</a>&nbsp;&nbsp;&nbsp;USBD_MSC_Init
</UL>

<P><STRONG><a name="[93]"></a>DCD_EP_PrepareRx</STRONG> (Thumb, 86 bytes, Stack size 40 bytes, usb_dcd.o(i.DCD_EP_PrepareRx))
<BR><BR>[Stack]<UL><LI>Max Depth = 128<LI>Call Chain = DCD_EP_PrepareRx &rArr; USB_OTG_EPStartXfer &rArr; USB_OTG_WritePacket
</UL>
<BR>[Calls]<UL><LI><a href="#[95]">&gt;&gt;</a>&nbsp;&nbsp;&nbsp;USB_OTG_EPStartXfer
<LI><a href="#[94]">&gt;&gt;</a>&nbsp;&nbsp;&nbsp;USB_OTG_EP0StartXfer
</UL>
<BR>[Called By]<UL><LI><a href="#[111]">&gt;&gt;</a>&nbsp;&nbsp;&nbsp;USBD_CtlReceiveStatus
<LI><a href="#[10f]">&gt;&gt;</a>&nbsp;&nbsp;&nbsp;USBD_CtlContinueRx
<LI><a href="#[7]">&gt;&gt;</a>&nbsp;&nbsp;&nbsp;USBD_DataInStage
<LI><a href="#[107]">&gt;&gt;</a>&nbsp;&nbsp;&nbsp;SCSI_Write10
<LI><a href="#[10a]">&gt;&gt;</a>&nbsp;&nbsp;&nbsp;SCSI_ProcessWrite
<LI><a href="#[df]">&gt;&gt;</a>&nbsp;&nbsp;&nbsp;MSC_BOT_SendCSW
<LI><a href="#[e4]">&gt;&gt;</a>&nbsp;&nbsp;&nbsp;MSC_BOT_Reset
<LI><a href="#[e3]">&gt;&gt;</a>&nbsp;&nbsp;&nbsp;MSC_BOT_Init
<LI><a href="#[d9]">&gt;&gt;</a>&nbsp;&nbsp;&nbsp;MSC_BOT_Abort
</UL>

<P><STRONG><a name="[127]"></a>DCD_EP_SetAddress</STRONG> (Thumb, 40 bytes, Stack size 12 bytes, usb_dcd.o(i.DCD_EP_SetAddress))
<BR><BR>[Stack]<UL><LI>Max Depth = 12<LI>Call Chain = DCD_EP_SetAddress
</UL>
<BR>[Called By]<UL><LI><a href="#[126]">&gt;&gt;</a>&nbsp;&nbsp;&nbsp;USBD_SetAddress
</UL>

<P><STRONG><a name="[96]"></a>DCD_EP_Stall</STRONG> (Thumb, 76 bytes, Stack size 16 bytes, usb_dcd.o(i.DCD_EP_Stall))
<BR><BR>[Stack]<UL><LI>Max Depth = 32<LI>Call Chain = DCD_EP_Stall &rArr; USB_OTG_EPSetStall
</UL>
<BR>[Calls]<UL><LI><a href="#[97]">&gt;&gt;</a>&nbsp;&nbsp;&nbsp;USB_OTG_EPSetStall
</UL>
<BR>[Called By]<UL><LI><a href="#[12f]">&gt;&gt;</a>&nbsp;&nbsp;&nbsp;USBD_StdEPReq
<LI><a href="#[8]">&gt;&gt;</a>&nbsp;&nbsp;&nbsp;USBD_SetupStage
<LI><a href="#[e0]">&gt;&gt;</a>&nbsp;&nbsp;&nbsp;MSC_BOT_CplClrFeature
<LI><a href="#[d9]">&gt;&gt;</a>&nbsp;&nbsp;&nbsp;MSC_BOT_Abort
<LI><a href="#[10e]">&gt;&gt;</a>&nbsp;&nbsp;&nbsp;USBD_CtlError
</UL>

<P><STRONG><a name="[98]"></a>DCD_EP_Tx</STRONG> (Thumb, 76 bytes, Stack size 40 bytes, usb_dcd.o(i.DCD_EP_Tx))
<BR><BR>[Stack]<UL><LI>Max Depth = 128<LI>Call Chain = DCD_EP_Tx &rArr; USB_OTG_EPStartXfer &rArr; USB_OTG_WritePacket
</UL>
<BR>[Calls]<UL><LI><a href="#[95]">&gt;&gt;</a>&nbsp;&nbsp;&nbsp;USB_OTG_EPStartXfer
<LI><a href="#[94]">&gt;&gt;</a>&nbsp;&nbsp;&nbsp;USB_OTG_EP0StartXfer
</UL>
<BR>[Called By]<UL><LI><a href="#[10d]">&gt;&gt;</a>&nbsp;&nbsp;&nbsp;USBD_CtlSendStatus
<LI><a href="#[110]">&gt;&gt;</a>&nbsp;&nbsp;&nbsp;USBD_CtlContinueSendData
<LI><a href="#[109]">&gt;&gt;</a>&nbsp;&nbsp;&nbsp;SCSI_ProcessRead
<LI><a href="#[df]">&gt;&gt;</a>&nbsp;&nbsp;&nbsp;MSC_BOT_SendCSW
<LI><a href="#[de]">&gt;&gt;</a>&nbsp;&nbsp;&nbsp;MSC_BOT_SendData
<LI><a href="#[112]">&gt;&gt;</a>&nbsp;&nbsp;&nbsp;USBD_CtlSendData
</UL>

<P><STRONG><a name="[a7]"></a>DCD_Init</STRONG> (Thumb, 154 bytes, Stack size 24 bytes, usb_dcd.o(i.DCD_Init))
<BR><BR>[Stack]<UL><LI>Max Depth = 144<LI>Call Chain = DCD_Init &rArr; USB_OTG_CoreInitDev &rArr; USB_OTG_FlushTxFifo &rArr; USB_OTG_BSP_uDelay &rArr; DelayUs &rArr; __aeabi_uldivmod
</UL>
<BR>[Calls]<UL><LI><a href="#[ab]">&gt;&gt;</a>&nbsp;&nbsp;&nbsp;USB_OTG_SetCurrentMode
<LI><a href="#[a8]">&gt;&gt;</a>&nbsp;&nbsp;&nbsp;USB_OTG_SelectCore
<LI><a href="#[ad]">&gt;&gt;</a>&nbsp;&nbsp;&nbsp;USB_OTG_EnableGlobalInt
<LI><a href="#[a9]">&gt;&gt;</a>&nbsp;&nbsp;&nbsp;USB_OTG_DisableGlobalInt
<LI><a href="#[ac]">&gt;&gt;</a>&nbsp;&nbsp;&nbsp;USB_OTG_CoreInitDev
<LI><a href="#[aa]">&gt;&gt;</a>&nbsp;&nbsp;&nbsp;USB_OTG_CoreInit
</UL>
<BR>[Called By]<UL><LI><a href="#[119]">&gt;&gt;</a>&nbsp;&nbsp;&nbsp;USBD_Init
</UL>

<P><STRONG><a name="[af]"></a>DelayMs</STRONG> (Thumb, 24 bytes, Stack size 8 bytes, user_init.o(i.DelayMs))
<BR><BR>[Stack]<UL><LI>Max Depth = 56<LI>Call Chain = DelayMs &rArr; DelayUs &rArr; __aeabi_uldivmod
</UL>
<BR>[Calls]<UL><LI><a href="#[b0]">&gt;&gt;</a>&nbsp;&nbsp;&nbsp;DelayUs
</UL>
<BR>[Called By]<UL><LI><a href="#[14c]">&gt;&gt;</a>&nbsp;&nbsp;&nbsp;blink_red
<LI><a href="#[14a]">&gt;&gt;</a>&nbsp;&nbsp;&nbsp;blink_green
<LI><a href="#[67]">&gt;&gt;</a>&nbsp;&nbsp;&nbsp;main
<LI><a href="#[133]">&gt;&gt;</a>&nbsp;&nbsp;&nbsp;USB_Clock_Init
</UL>

<P><STRONG><a name="[b0]"></a>DelayUs</STRONG> (Thumb, 66 bytes, Stack size 16 bytes, user_init.o(i.DelayUs))
<BR><BR>[Stack]<UL><LI>Max Depth = 48<LI>Call Chain = DelayUs &rArr; __aeabi_uldivmod
</UL>
<BR>[Calls]<UL><LI><a href="#[b1]">&gt;&gt;</a>&nbsp;&nbsp;&nbsp;__ARM_common_ll_muluu
<LI><a href="#[b2]">&gt;&gt;</a>&nbsp;&nbsp;&nbsp;__aeabi_uldivmod
</UL>
<BR>[Called By]<UL><LI><a href="#[af]">&gt;&gt;</a>&nbsp;&nbsp;&nbsp;DelayMs
<LI><a href="#[139]">&gt;&gt;</a>&nbsp;&nbsp;&nbsp;USB_OTG_BSP_uDelay
</UL>

<P><STRONG><a name="[b3]"></a>FlashGpio_init</STRONG> (Thumb, 118 bytes, Stack size 24 bytes, spi_flash.o(i.FlashGpio_init))
<BR><BR>[Stack]<UL><LI>Max Depth = 44<LI>Call Chain = FlashGpio_init &rArr; LL_GPIO_Init
</UL>
<BR>[Calls]<UL><LI><a href="#[b4]">&gt;&gt;</a>&nbsp;&nbsp;&nbsp;LL_GPIO_Init
<LI><a href="#[b5]">&gt;&gt;</a>&nbsp;&nbsp;&nbsp;Flash_CS_High
</UL>
<BR>[Called By]<UL><LI><a href="#[67]">&gt;&gt;</a>&nbsp;&nbsp;&nbsp;main
</UL>

<P><STRONG><a name="[b6]"></a>FlashSpi_init</STRONG> (Thumb, 118 bytes, Stack size 40 bytes, spi_flash.o(i.FlashSpi_init))
<BR><BR>[Stack]<UL><LI>Max Depth = 56<LI>Call Chain = FlashSpi_init &rArr; LL_SPI_Init
</UL>
<BR>[Calls]<UL><LI><a href="#[b8]">&gt;&gt;</a>&nbsp;&nbsp;&nbsp;LL_SPI_StructInit
<LI><a href="#[b9]">&gt;&gt;</a>&nbsp;&nbsp;&nbsp;LL_SPI_Init
<LI><a href="#[b7]">&gt;&gt;</a>&nbsp;&nbsp;&nbsp;LL_SPI_DeInit
</UL>
<BR>[Called By]<UL><LI><a href="#[67]">&gt;&gt;</a>&nbsp;&nbsp;&nbsp;main
</UL>

<P><STRONG><a name="[b5]"></a>Flash_CS_High</STRONG> (Thumb, 16 bytes, Stack size 0 bytes, spi_flash.o(i.Flash_CS_High))
<BR><BR>[Called By]<UL><LI><a href="#[b3]">&gt;&gt;</a>&nbsp;&nbsp;&nbsp;FlashGpio_init
<LI><a href="#[67]">&gt;&gt;</a>&nbsp;&nbsp;&nbsp;main
<LI><a href="#[c4]">&gt;&gt;</a>&nbsp;&nbsp;&nbsp;Flash_WriteEnable
<LI><a href="#[c9]">&gt;&gt;</a>&nbsp;&nbsp;&nbsp;Flash_SectorErase
<LI><a href="#[c8]">&gt;&gt;</a>&nbsp;&nbsp;&nbsp;Flash_ReadStatus
<LI><a href="#[bb]">&gt;&gt;</a>&nbsp;&nbsp;&nbsp;Flash_ReadID
<LI><a href="#[be]">&gt;&gt;</a>&nbsp;&nbsp;&nbsp;Flash_ReadData
<LI><a href="#[c3]">&gt;&gt;</a>&nbsp;&nbsp;&nbsp;Flash_PageProgram
</UL>

<P><STRONG><a name="[c6]"></a>Flash_CS_Low</STRONG> (Thumb, 16 bytes, Stack size 0 bytes, spi_flash.o(i.Flash_CS_Low))
<BR><BR>[Called By]<UL><LI><a href="#[c4]">&gt;&gt;</a>&nbsp;&nbsp;&nbsp;Flash_WriteEnable
<LI><a href="#[c9]">&gt;&gt;</a>&nbsp;&nbsp;&nbsp;Flash_SectorErase
<LI><a href="#[c8]">&gt;&gt;</a>&nbsp;&nbsp;&nbsp;Flash_ReadStatus
<LI><a href="#[bb]">&gt;&gt;</a>&nbsp;&nbsp;&nbsp;Flash_ReadID
<LI><a href="#[be]">&gt;&gt;</a>&nbsp;&nbsp;&nbsp;Flash_ReadData
<LI><a href="#[c3]">&gt;&gt;</a>&nbsp;&nbsp;&nbsp;Flash_PageProgram
</UL>

<P><STRONG><a name="[ba]"></a>Flash_CheckID</STRONG> (Thumb, 22 bytes, Stack size 8 bytes, spi_flash.o(i.Flash_CheckID))
<BR><BR>[Stack]<UL><LI>Max Depth = 12<LI>Call Chain = Flash_CheckID &rArr; Flash_ReadID
</UL>
<BR>[Calls]<UL><LI><a href="#[bb]">&gt;&gt;</a>&nbsp;&nbsp;&nbsp;Flash_ReadID
</UL>
<BR>[Called By]<UL><LI><a href="#[bc]">&gt;&gt;</a>&nbsp;&nbsp;&nbsp;Flash_LogLine_Ring5
<LI><a href="#[c0]">&gt;&gt;</a>&nbsp;&nbsp;&nbsp;Flash_WriteFileEntry
<LI><a href="#[e6]">&gt;&gt;</a>&nbsp;&nbsp;&nbsp;load_file_from_flash_to_ram
</UL>

<P><STRONG><a name="[bc]"></a>Flash_LogLine_Ring5</STRONG> (Thumb, 312 bytes, Stack size 640 bytes, spi_flash.o(i.Flash_LogLine_Ring5))
<BR><BR>[Stack]<UL><LI>Max Depth = 1008<LI>Call Chain = Flash_LogLine_Ring5 &rArr; Flash_WriteFileEntry &rArr; Flash_WriteBytes &rArr; Flash_PageProgram &rArr; Flash_WaitForReady &rArr; Flash_ReadStatus
</UL>
<BR>[Calls]<UL><LI><a href="#[bf]">&gt;&gt;</a>&nbsp;&nbsp;&nbsp;fileentry_valid_local
<LI><a href="#[c0]">&gt;&gt;</a>&nbsp;&nbsp;&nbsp;Flash_WriteFileEntry
<LI><a href="#[be]">&gt;&gt;</a>&nbsp;&nbsp;&nbsp;Flash_ReadData
<LI><a href="#[ba]">&gt;&gt;</a>&nbsp;&nbsp;&nbsp;Flash_CheckID
<LI><a href="#[bd]">&gt;&gt;</a>&nbsp;&nbsp;&nbsp;__aeabi_memclr4
<LI><a href="#[78]">&gt;&gt;</a>&nbsp;&nbsp;&nbsp;__aeabi_memcpy
</UL>
<BR>[Called By]<UL><LI><a href="#[67]">&gt;&gt;</a>&nbsp;&nbsp;&nbsp;main
<LI><a href="#[c1]">&gt;&gt;</a>&nbsp;&nbsp;&nbsp;Flash_LogTemperatureWithTime_Ring5_Q4
</UL>

<P><STRONG><a name="[c1]"></a>Flash_LogTemperatureWithTime_Ring5_Q4</STRONG> (Thumb, 110 bytes, Stack size 160 bytes, spi_flash.o(i.Flash_LogTemperatureWithTime_Ring5_Q4))
<BR><BR>[Stack]<UL><LI>Max Depth = 1168 + Unknown Stack Size
<LI>Call Chain = Flash_LogTemperatureWithTime_Ring5_Q4 &rArr; Flash_LogLine_Ring5 &rArr; Flash_WriteFileEntry &rArr; Flash_WriteBytes &rArr; Flash_PageProgram &rArr; Flash_WaitForReady &rArr; Flash_ReadStatus
</UL>
<BR>[Calls]<UL><LI><a href="#[bc]">&gt;&gt;</a>&nbsp;&nbsp;&nbsp;Flash_LogLine_Ring5
<LI><a href="#[c2]">&gt;&gt;</a>&nbsp;&nbsp;&nbsp;strlen
<LI><a href="#[6f]">&gt;&gt;</a>&nbsp;&nbsp;&nbsp;__2sprintf
</UL>
<BR>[Called By]<UL><LI><a href="#[cb]">&gt;&gt;</a>&nbsp;&nbsp;&nbsp;Flash_WriteTemperatureWithTimeFile_Q4
</UL>

<P><STRONG><a name="[c3]"></a>Flash_PageProgram</STRONG> (Thumb, 86 bytes, Stack size 16 bytes, spi_flash.o(i.Flash_PageProgram))
<BR><BR>[Stack]<UL><LI>Max Depth = 28<LI>Call Chain = Flash_PageProgram &rArr; Flash_WaitForReady &rArr; Flash_ReadStatus
</UL>
<BR>[Calls]<UL><LI><a href="#[b5]">&gt;&gt;</a>&nbsp;&nbsp;&nbsp;Flash_CS_High
<LI><a href="#[c7]">&gt;&gt;</a>&nbsp;&nbsp;&nbsp;SPI_TransmitReceive
<LI><a href="#[c4]">&gt;&gt;</a>&nbsp;&nbsp;&nbsp;Flash_WriteEnable
<LI><a href="#[c5]">&gt;&gt;</a>&nbsp;&nbsp;&nbsp;Flash_WaitForReady
<LI><a href="#[c6]">&gt;&gt;</a>&nbsp;&nbsp;&nbsp;Flash_CS_Low
</UL>
<BR>[Called By]<UL><LI><a href="#[ca]">&gt;&gt;</a>&nbsp;&nbsp;&nbsp;Flash_WriteBytes
</UL>

<P><STRONG><a name="[be]"></a>Flash_ReadData</STRONG> (Thumb, 64 bytes, Stack size 16 bytes, spi_flash.o(i.Flash_ReadData))
<BR><BR>[Stack]<UL><LI>Max Depth = 16<LI>Call Chain = Flash_ReadData
</UL>
<BR>[Calls]<UL><LI><a href="#[b5]">&gt;&gt;</a>&nbsp;&nbsp;&nbsp;Flash_CS_High
<LI><a href="#[c7]">&gt;&gt;</a>&nbsp;&nbsp;&nbsp;SPI_TransmitReceive
<LI><a href="#[c6]">&gt;&gt;</a>&nbsp;&nbsp;&nbsp;Flash_CS_Low
</UL>
<BR>[Called By]<UL><LI><a href="#[bc]">&gt;&gt;</a>&nbsp;&nbsp;&nbsp;Flash_LogLine_Ring5
<LI><a href="#[e6]">&gt;&gt;</a>&nbsp;&nbsp;&nbsp;load_file_from_flash_to_ram
</UL>

<P><STRONG><a name="[bb]"></a>Flash_ReadID</STRONG> (Thumb, 48 bytes, Stack size 4 bytes, spi_flash.o(i.Flash_ReadID))
<BR><BR>[Stack]<UL><LI>Max Depth = 4<LI>Call Chain = Flash_ReadID
</UL>
<BR>[Calls]<UL><LI><a href="#[b5]">&gt;&gt;</a>&nbsp;&nbsp;&nbsp;Flash_CS_High
<LI><a href="#[c7]">&gt;&gt;</a>&nbsp;&nbsp;&nbsp;SPI_TransmitReceive
<LI><a href="#[c6]">&gt;&gt;</a>&nbsp;&nbsp;&nbsp;Flash_CS_Low
</UL>
<BR>[Called By]<UL><LI><a href="#[ba]">&gt;&gt;</a>&nbsp;&nbsp;&nbsp;Flash_CheckID
<LI><a href="#[e6]">&gt;&gt;</a>&nbsp;&nbsp;&nbsp;load_file_from_flash_to_ram
</UL>

<P><STRONG><a name="[c8]"></a>Flash_ReadStatus</STRONG> (Thumb, 28 bytes, Stack size 4 bytes, spi_flash.o(i.Flash_ReadStatus))
<BR><BR>[Stack]<UL><LI>Max Depth = 4<LI>Call Chain = Flash_ReadStatus
</UL>
<BR>[Calls]<UL><LI><a href="#[b5]">&gt;&gt;</a>&nbsp;&nbsp;&nbsp;Flash_CS_High
<LI><a href="#[c7]">&gt;&gt;</a>&nbsp;&nbsp;&nbsp;SPI_TransmitReceive
<LI><a href="#[c6]">&gt;&gt;</a>&nbsp;&nbsp;&nbsp;Flash_CS_Low
</UL>
<BR>[Called By]<UL><LI><a href="#[c5]">&gt;&gt;</a>&nbsp;&nbsp;&nbsp;Flash_WaitForReady
</UL>

<P><STRONG><a name="[c9]"></a>Flash_SectorErase</STRONG> (Thumb, 54 bytes, Stack size 8 bytes, spi_flash.o(i.Flash_SectorErase))
<BR><BR>[Stack]<UL><LI>Max Depth = 20<LI>Call Chain = Flash_SectorErase &rArr; Flash_WaitForReady &rArr; Flash_ReadStatus
</UL>
<BR>[Calls]<UL><LI><a href="#[b5]">&gt;&gt;</a>&nbsp;&nbsp;&nbsp;Flash_CS_High
<LI><a href="#[c7]">&gt;&gt;</a>&nbsp;&nbsp;&nbsp;SPI_TransmitReceive
<LI><a href="#[c4]">&gt;&gt;</a>&nbsp;&nbsp;&nbsp;Flash_WriteEnable
<LI><a href="#[c5]">&gt;&gt;</a>&nbsp;&nbsp;&nbsp;Flash_WaitForReady
<LI><a href="#[c6]">&gt;&gt;</a>&nbsp;&nbsp;&nbsp;Flash_CS_Low
</UL>
<BR>[Called By]<UL><LI><a href="#[c0]">&gt;&gt;</a>&nbsp;&nbsp;&nbsp;Flash_WriteFileEntry
</UL>

<P><STRONG><a name="[c5]"></a>Flash_WaitForReady</STRONG> (Thumb, 36 bytes, Stack size 8 bytes, spi_flash.o(i.Flash_WaitForReady))
<BR><BR>[Stack]<UL><LI>Max Depth = 12<LI>Call Chain = Flash_WaitForReady &rArr; Flash_ReadStatus
</UL>
<BR>[Calls]<UL><LI><a href="#[c8]">&gt;&gt;</a>&nbsp;&nbsp;&nbsp;Flash_ReadStatus
</UL>
<BR>[Called By]<UL><LI><a href="#[c9]">&gt;&gt;</a>&nbsp;&nbsp;&nbsp;Flash_SectorErase
<LI><a href="#[c3]">&gt;&gt;</a>&nbsp;&nbsp;&nbsp;Flash_PageProgram
</UL>

<P><STRONG><a name="[c4]"></a>Flash_WriteEnable</STRONG> (Thumb, 18 bytes, Stack size 4 bytes, spi_flash.o(i.Flash_WriteEnable))
<BR><BR>[Stack]<UL><LI>Max Depth = 4<LI>Call Chain = Flash_WriteEnable
</UL>
<BR>[Calls]<UL><LI><a href="#[b5]">&gt;&gt;</a>&nbsp;&nbsp;&nbsp;Flash_CS_High
<LI><a href="#[c7]">&gt;&gt;</a>&nbsp;&nbsp;&nbsp;SPI_TransmitReceive
<LI><a href="#[c6]">&gt;&gt;</a>&nbsp;&nbsp;&nbsp;Flash_CS_Low
</UL>
<BR>[Called By]<UL><LI><a href="#[c9]">&gt;&gt;</a>&nbsp;&nbsp;&nbsp;Flash_SectorErase
<LI><a href="#[c3]">&gt;&gt;</a>&nbsp;&nbsp;&nbsp;Flash_PageProgram
</UL>

<P><STRONG><a name="[c0]"></a>Flash_WriteFileEntry</STRONG> (Thumb, 120 bytes, Stack size 312 bytes, spi_flash.o(i.Flash_WriteFileEntry))
<BR><BR>[Stack]<UL><LI>Max Depth = 368<LI>Call Chain = Flash_WriteFileEntry &rArr; Flash_WriteBytes &rArr; Flash_PageProgram &rArr; Flash_WaitForReady &rArr; Flash_ReadStatus
</UL>
<BR>[Calls]<UL><LI><a href="#[ca]">&gt;&gt;</a>&nbsp;&nbsp;&nbsp;Flash_WriteBytes
<LI><a href="#[c9]">&gt;&gt;</a>&nbsp;&nbsp;&nbsp;Flash_SectorErase
<LI><a href="#[ba]">&gt;&gt;</a>&nbsp;&nbsp;&nbsp;Flash_CheckID
<LI><a href="#[7f]">&gt;&gt;</a>&nbsp;&nbsp;&nbsp;strncpy
<LI><a href="#[bd]">&gt;&gt;</a>&nbsp;&nbsp;&nbsp;__aeabi_memclr4
<LI><a href="#[78]">&gt;&gt;</a>&nbsp;&nbsp;&nbsp;__aeabi_memcpy
</UL>
<BR>[Called By]<UL><LI><a href="#[bc]">&gt;&gt;</a>&nbsp;&nbsp;&nbsp;Flash_LogLine_Ring5
</UL>

<P><STRONG><a name="[cb]"></a>Flash_WriteTemperatureWithTimeFile_Q4</STRONG> (Thumb, 24 bytes, Stack size 24 bytes, spi_flash.o(i.Flash_WriteTemperatureWithTimeFile_Q4))
<BR><BR>[Stack]<UL><LI>Max Depth = 1192 + Unknown Stack Size
<LI>Call Chain = Flash_WriteTemperatureWithTimeFile_Q4 &rArr; Flash_LogTemperatureWithTime_Ring5_Q4 &rArr; Flash_LogLine_Ring5 &rArr; Flash_WriteFileEntry &rArr; Flash_WriteBytes &rArr; Flash_PageProgram &rArr; Flash_WaitForReady &rArr; Flash_ReadStatus
</UL>
<BR>[Calls]<UL><LI><a href="#[c1]">&gt;&gt;</a>&nbsp;&nbsp;&nbsp;Flash_LogTemperatureWithTime_Ring5_Q4
</UL>
<BR>[Called By]<UL><LI><a href="#[67]">&gt;&gt;</a>&nbsp;&nbsp;&nbsp;main
</UL>

<P><STRONG><a name="[131]"></a>LL_BSTIM_Init</STRONG> (Thumb, 278 bytes, Stack size 8 bytes, fm33lc0xx_ll_bstim.o(i.LL_BSTIM_Init))
<BR><BR>[Stack]<UL><LI>Max Depth = 8<LI>Call Chain = LL_BSTIM_Init
</UL>
<BR>[Called By]<UL><LI><a href="#[130]">&gt;&gt;</a>&nbsp;&nbsp;&nbsp;USBInit
</UL>

<P><STRONG><a name="[cf]"></a>LL_GPIO_ALLPIN_LPM_MODE</STRONG> (Thumb, 128 bytes, Stack size 24 bytes, fm33lc0xx_ll_gpio.o(i.LL_GPIO_ALLPIN_LPM_MODE))
<BR><BR>[Stack]<UL><LI>Max Depth = 44<LI>Call Chain = LL_GPIO_ALLPIN_LPM_MODE &rArr; LL_GPIO_Init
</UL>
<BR>[Calls]<UL><LI><a href="#[b4]">&gt;&gt;</a>&nbsp;&nbsp;&nbsp;LL_GPIO_Init
<LI><a href="#[d0]">&gt;&gt;</a>&nbsp;&nbsp;&nbsp;LL_GPIO_StructInit
<LI><a href="#[d1]">&gt;&gt;</a>&nbsp;&nbsp;&nbsp;LL_GPIO_SetOutputPin
<LI><a href="#[bd]">&gt;&gt;</a>&nbsp;&nbsp;&nbsp;__aeabi_memclr4
</UL>
<BR>[Called By]<UL><LI><a href="#[d8]">&gt;&gt;</a>&nbsp;&nbsp;&nbsp;MF_Clock_Init
</UL>

<P><STRONG><a name="[b4]"></a>LL_GPIO_Init</STRONG> (Thumb, 398 bytes, Stack size 20 bytes, fm33lc0xx_ll_gpio.o(i.LL_GPIO_Init))
<BR><BR>[Stack]<UL><LI>Max Depth = 20<LI>Call Chain = LL_GPIO_Init
</UL>
<BR>[Called By]<UL><LI><a href="#[d6]">&gt;&gt;</a>&nbsp;&nbsp;&nbsp;LedInit
<LI><a href="#[cc]">&gt;&gt;</a>&nbsp;&nbsp;&nbsp;FoutInit
<LI><a href="#[149]">&gt;&gt;</a>&nbsp;&nbsp;&nbsp;WKUP_init
<LI><a href="#[143]">&gt;&gt;</a>&nbsp;&nbsp;&nbsp;WKUP_USB_init
<LI><a href="#[130]">&gt;&gt;</a>&nbsp;&nbsp;&nbsp;USBInit
<LI><a href="#[e9]">&gt;&gt;</a>&nbsp;&nbsp;&nbsp;NST112_GPIO_Init
<LI><a href="#[b3]">&gt;&gt;</a>&nbsp;&nbsp;&nbsp;FlashGpio_init
<LI><a href="#[cf]">&gt;&gt;</a>&nbsp;&nbsp;&nbsp;LL_GPIO_ALLPIN_LPM_MODE
<LI><a href="#[ea]">&gt;&gt;</a>&nbsp;&nbsp;&nbsp;sda_out
<LI><a href="#[154]">&gt;&gt;</a>&nbsp;&nbsp;&nbsp;sda_in
</UL>

<P><STRONG><a name="[d0]"></a>LL_GPIO_StructInit</STRONG> (Thumb, 20 bytes, Stack size 0 bytes, fm33lc0xx_ll_gpio.o(i.LL_GPIO_StructInit))
<BR><BR>[Called By]<UL><LI><a href="#[cf]">&gt;&gt;</a>&nbsp;&nbsp;&nbsp;LL_GPIO_ALLPIN_LPM_MODE
</UL>

<P><STRONG><a name="[b7]"></a>LL_SPI_DeInit</STRONG> (Thumb, 108 bytes, Stack size 8 bytes, fm33lc0xx_ll_spi.o(i.LL_SPI_DeInit))
<BR><BR>[Stack]<UL><LI>Max Depth = 8<LI>Call Chain = LL_SPI_DeInit
</UL>
<BR>[Calls]<UL><LI><a href="#[d4]">&gt;&gt;</a>&nbsp;&nbsp;&nbsp;LL_RCC_Group3_DisableBusClock
<LI><a href="#[d2]">&gt;&gt;</a>&nbsp;&nbsp;&nbsp;LL_RCC_EnableResetAPB2Peripheral
<LI><a href="#[d3]">&gt;&gt;</a>&nbsp;&nbsp;&nbsp;LL_RCC_DisableResetAPB2Peripheral
</UL>
<BR>[Called By]<UL><LI><a href="#[b6]">&gt;&gt;</a>&nbsp;&nbsp;&nbsp;FlashSpi_init
</UL>

<P><STRONG><a name="[b9]"></a>LL_SPI_Init</STRONG> (Thumb, 474 bytes, Stack size 16 bytes, fm33lc0xx_ll_spi.o(i.LL_SPI_Init))
<BR><BR>[Stack]<UL><LI>Max Depth = 16<LI>Call Chain = LL_SPI_Init
</UL>
<BR>[Calls]<UL><LI><a href="#[d5]">&gt;&gt;</a>&nbsp;&nbsp;&nbsp;LL_RCC_Group3_EnableBusClock
</UL>
<BR>[Called By]<UL><LI><a href="#[b6]">&gt;&gt;</a>&nbsp;&nbsp;&nbsp;FlashSpi_init
</UL>

<P><STRONG><a name="[b8]"></a>LL_SPI_StructInit</STRONG> (Thumb, 28 bytes, Stack size 0 bytes, fm33lc0xx_ll_spi.o(i.LL_SPI_StructInit))
<BR><BR>[Called By]<UL><LI><a href="#[b6]">&gt;&gt;</a>&nbsp;&nbsp;&nbsp;FlashSpi_init
</UL>

<P><STRONG><a name="[d8]"></a>MF_Clock_Init</STRONG> (Thumb, 54 bytes, Stack size 8 bytes, mf_config.o(i.MF_Clock_Init))
<BR><BR>[Stack]<UL><LI>Max Depth = 52<LI>Call Chain = MF_Clock_Init &rArr; LL_GPIO_ALLPIN_LPM_MODE &rArr; LL_GPIO_Init
</UL>
<BR>[Calls]<UL><LI><a href="#[cf]">&gt;&gt;</a>&nbsp;&nbsp;&nbsp;LL_GPIO_ALLPIN_LPM_MODE
</UL>
<BR>[Called By]<UL><LI><a href="#[67]">&gt;&gt;</a>&nbsp;&nbsp;&nbsp;main
</UL>

<P><STRONG><a name="[15c]"></a>MF_Config_Init</STRONG> (Thumb, 2 bytes, Stack size 0 bytes, mf_config.o(i.MF_Config_Init))
<BR><BR>[Called By]<UL><LI><a href="#[67]">&gt;&gt;</a>&nbsp;&nbsp;&nbsp;main
</UL>

<P><STRONG><a name="[15b]"></a>MF_SystemClock_Config</STRONG> (Thumb, 2 bytes, Stack size 0 bytes, mf_config.o(i.MF_SystemClock_Config))
<BR><BR>[Called By]<UL><LI><a href="#[67]">&gt;&gt;</a>&nbsp;&nbsp;&nbsp;main
</UL>

<P><STRONG><a name="[e0]"></a>MSC_BOT_CplClrFeature</STRONG> (Thumb, 56 bytes, Stack size 16 bytes, msc_bot.o(i.MSC_BOT_CplClrFeature))
<BR><BR>[Stack]<UL><LI>Max Depth = 160<LI>Call Chain = MSC_BOT_CplClrFeature &rArr; MSC_BOT_SendCSW &rArr; DCD_EP_Tx &rArr; USB_OTG_EPStartXfer &rArr; USB_OTG_WritePacket
</UL>
<BR>[Calls]<UL><LI><a href="#[96]">&gt;&gt;</a>&nbsp;&nbsp;&nbsp;DCD_EP_Stall
<LI><a href="#[df]">&gt;&gt;</a>&nbsp;&nbsp;&nbsp;MSC_BOT_SendCSW
</UL>
<BR>[Called By]<UL><LI><a href="#[1f]">&gt;&gt;</a>&nbsp;&nbsp;&nbsp;USBD_MSC_Setup
</UL>

<P><STRONG><a name="[e1]"></a>MSC_BOT_DataIn</STRONG> (Thumb, 70 bytes, Stack size 16 bytes, msc_bot.o(i.MSC_BOT_DataIn))
<BR><BR>[Stack]<UL><LI>Max Depth = 216<LI>Call Chain = MSC_BOT_DataIn &rArr; SCSI_ProcessCmd &rArr; SCSI_Write10 &rArr; SCSI_ProcessWrite &rArr; MSC_BOT_SendCSW &rArr; DCD_EP_Tx &rArr; USB_OTG_EPStartXfer &rArr; USB_OTG_WritePacket
</UL>
<BR>[Calls]<UL><LI><a href="#[dd]">&gt;&gt;</a>&nbsp;&nbsp;&nbsp;SCSI_ProcessCmd
<LI><a href="#[df]">&gt;&gt;</a>&nbsp;&nbsp;&nbsp;MSC_BOT_SendCSW
</UL>
<BR>[Called By]<UL><LI><a href="#[20]">&gt;&gt;</a>&nbsp;&nbsp;&nbsp;USBD_MSC_DataIn
</UL>

<P><STRONG><a name="[e2]"></a>MSC_BOT_DataOut</STRONG> (Thumb, 62 bytes, Stack size 16 bytes, msc_bot.o(i.MSC_BOT_DataOut))
<BR><BR>[Stack]<UL><LI>Max Depth = 224<LI>Call Chain = MSC_BOT_DataOut &rArr; MSC_BOT_CBW_Decode &rArr; SCSI_ProcessCmd &rArr; SCSI_Write10 &rArr; SCSI_ProcessWrite &rArr; MSC_BOT_SendCSW &rArr; DCD_EP_Tx &rArr; USB_OTG_EPStartXfer &rArr; USB_OTG_WritePacket
</UL>
<BR>[Calls]<UL><LI><a href="#[dd]">&gt;&gt;</a>&nbsp;&nbsp;&nbsp;SCSI_ProcessCmd
<LI><a href="#[df]">&gt;&gt;</a>&nbsp;&nbsp;&nbsp;MSC_BOT_SendCSW
<LI><a href="#[da]">&gt;&gt;</a>&nbsp;&nbsp;&nbsp;MSC_BOT_CBW_Decode
</UL>
<BR>[Called By]<UL><LI><a href="#[21]">&gt;&gt;</a>&nbsp;&nbsp;&nbsp;USBD_MSC_DataOut
</UL>

<P><STRONG><a name="[11d]"></a>MSC_BOT_DeInit</STRONG> (Thumb, 8 bytes, Stack size 0 bytes, msc_bot.o(i.MSC_BOT_DeInit))
<BR><BR>[Called By]<UL><LI><a href="#[1e]">&gt;&gt;</a>&nbsp;&nbsp;&nbsp;USBD_MSC_DeInit
</UL>

<P><STRONG><a name="[e3]"></a>MSC_BOT_Init</STRONG> (Thumb, 54 bytes, Stack size 8 bytes, msc_bot.o(i.MSC_BOT_Init))
<BR><BR>[Stack]<UL><LI>Max Depth = 136<LI>Call Chain = MSC_BOT_Init &rArr; DCD_EP_PrepareRx &rArr; USB_OTG_EPStartXfer &rArr; USB_OTG_WritePacket
</UL>
<BR>[Calls]<UL><LI><a href="#[93]">&gt;&gt;</a>&nbsp;&nbsp;&nbsp;DCD_EP_PrepareRx
<LI><a href="#[8e]">&gt;&gt;</a>&nbsp;&nbsp;&nbsp;DCD_EP_Flush
</UL>
<BR>[Called By]<UL><LI><a href="#[1d]">&gt;&gt;</a>&nbsp;&nbsp;&nbsp;USBD_MSC_Init
</UL>

<P><STRONG><a name="[e4]"></a>MSC_BOT_Reset</STRONG> (Thumb, 30 bytes, Stack size 8 bytes, msc_bot.o(i.MSC_BOT_Reset))
<BR><BR>[Stack]<UL><LI>Max Depth = 136<LI>Call Chain = MSC_BOT_Reset &rArr; DCD_EP_PrepareRx &rArr; USB_OTG_EPStartXfer &rArr; USB_OTG_WritePacket
</UL>
<BR>[Calls]<UL><LI><a href="#[93]">&gt;&gt;</a>&nbsp;&nbsp;&nbsp;DCD_EP_PrepareRx
</UL>
<BR>[Called By]<UL><LI><a href="#[1f]">&gt;&gt;</a>&nbsp;&nbsp;&nbsp;USBD_MSC_Setup
</UL>

<P><STRONG><a name="[df]"></a>MSC_BOT_SendCSW</STRONG> (Thumb, 48 bytes, Stack size 16 bytes, msc_bot.o(i.MSC_BOT_SendCSW))
<BR><BR>[Stack]<UL><LI>Max Depth = 144<LI>Call Chain = MSC_BOT_SendCSW &rArr; DCD_EP_Tx &rArr; USB_OTG_EPStartXfer &rArr; USB_OTG_WritePacket
</UL>
<BR>[Calls]<UL><LI><a href="#[98]">&gt;&gt;</a>&nbsp;&nbsp;&nbsp;DCD_EP_Tx
<LI><a href="#[93]">&gt;&gt;</a>&nbsp;&nbsp;&nbsp;DCD_EP_PrepareRx
</UL>
<BR>[Called By]<UL><LI><a href="#[10a]">&gt;&gt;</a>&nbsp;&nbsp;&nbsp;SCSI_ProcessWrite
<LI><a href="#[e2]">&gt;&gt;</a>&nbsp;&nbsp;&nbsp;MSC_BOT_DataOut
<LI><a href="#[e1]">&gt;&gt;</a>&nbsp;&nbsp;&nbsp;MSC_BOT_DataIn
<LI><a href="#[e0]">&gt;&gt;</a>&nbsp;&nbsp;&nbsp;MSC_BOT_CplClrFeature
<LI><a href="#[da]">&gt;&gt;</a>&nbsp;&nbsp;&nbsp;MSC_BOT_CBW_Decode
</UL>

<P><STRONG><a name="[e5]"></a>MSC_PrepareImage</STRONG> (Thumb, 14 bytes, Stack size 8 bytes, msc_mem.o(i.MSC_PrepareImage))
<BR><BR>[Stack]<UL><LI>Max Depth = 448 + Unknown Stack Size
<LI>Call Chain = MSC_PrepareImage &rArr; load_file_from_flash_to_ram &rArr; __2sprintf &rArr; _printf_char_common &rArr; __printf
</UL>
<BR>[Calls]<UL><LI><a href="#[e6]">&gt;&gt;</a>&nbsp;&nbsp;&nbsp;load_file_from_flash_to_ram
</UL>
<BR>[Called By]<UL><LI><a href="#[67]">&gt;&gt;</a>&nbsp;&nbsp;&nbsp;main
</UL>

<P><STRONG><a name="[2b]"></a>NMI_Handler</STRONG> (Thumb, 44 bytes, Stack size 8 bytes, wkup.o(i.NMI_Handler))
<BR><BR>[Stack]<UL><LI>Max Depth = 8<LI>Call Chain = NMI_Handler
</UL>
<BR>[Calls]<UL><LI><a href="#[e7]">&gt;&gt;</a>&nbsp;&nbsp;&nbsp;LL_PMU_IsActiveFlag_WakeupPIN
<LI><a href="#[e8]">&gt;&gt;</a>&nbsp;&nbsp;&nbsp;LL_PMU_ClearFlag_WakeupPIN
</UL>
<BR>[Address Reference Count : 1]<UL><LI> startup_fm33lc0xx.o(RESET)
</UL>
<P><STRONG><a name="[e9]"></a>NST112_GPIO_Init</STRONG> (Thumb, 54 bytes, Stack size 24 bytes, nst112.o(i.NST112_GPIO_Init))
<BR><BR>[Stack]<UL><LI>Max Depth = 68<LI>Call Chain = NST112_GPIO_Init &rArr; sda_out &rArr; LL_GPIO_Init
</UL>
<BR>[Calls]<UL><LI><a href="#[b4]">&gt;&gt;</a>&nbsp;&nbsp;&nbsp;LL_GPIO_Init
<LI><a href="#[ea]">&gt;&gt;</a>&nbsp;&nbsp;&nbsp;sda_out
<LI><a href="#[ec]">&gt;&gt;</a>&nbsp;&nbsp;&nbsp;sda_high
<LI><a href="#[eb]">&gt;&gt;</a>&nbsp;&nbsp;&nbsp;scl_high
<LI><a href="#[bd]">&gt;&gt;</a>&nbsp;&nbsp;&nbsp;__aeabi_memclr4
</UL>
<BR>[Called By]<UL><LI><a href="#[67]">&gt;&gt;</a>&nbsp;&nbsp;&nbsp;main
</UL>

<P><STRONG><a name="[ed]"></a>NST112_ReadTempQ4</STRONG> (Thumb, 132 bytes, Stack size 32 bytes, nst112.o(i.NST112_ReadTempQ4))
<BR><BR>[Stack]<UL><LI>Max Depth = 92<LI>Call Chain = NST112_ReadTempQ4 &rArr; i2c_write_byte &rArr; sda_out &rArr; LL_GPIO_Init
</UL>
<BR>[Calls]<UL><LI><a href="#[ef]">&gt;&gt;</a>&nbsp;&nbsp;&nbsp;i2c_write_byte
<LI><a href="#[f0]">&gt;&gt;</a>&nbsp;&nbsp;&nbsp;i2c_stop
<LI><a href="#[ee]">&gt;&gt;</a>&nbsp;&nbsp;&nbsp;i2c_start
<LI><a href="#[f1]">&gt;&gt;</a>&nbsp;&nbsp;&nbsp;i2c_read_byte
</UL>
<BR>[Called By]<UL><LI><a href="#[67]">&gt;&gt;</a>&nbsp;&nbsp;&nbsp;main
</UL>

<P><STRONG><a name="[dd]"></a>SCSI_ProcessCmd</STRONG> (Thumb, 212 bytes, Stack size 16 bytes, msc_scsi.o(i.SCSI_ProcessCmd))
<BR><BR>[Stack]<UL><LI>Max Depth = 200<LI>Call Chain = SCSI_ProcessCmd &rArr; SCSI_Write10 &rArr; SCSI_ProcessWrite &rArr; MSC_BOT_SendCSW &rArr; DCD_EP_Tx &rArr; USB_OTG_EPStartXfer &rArr; USB_OTG_WritePacket
</UL>
<BR>[Calls]<UL><LI><a href="#[107]">&gt;&gt;</a>&nbsp;&nbsp;&nbsp;SCSI_Write10
<LI><a href="#[108]">&gt;&gt;</a>&nbsp;&nbsp;&nbsp;SCSI_Verify10
<LI><a href="#[fe]">&gt;&gt;</a>&nbsp;&nbsp;&nbsp;SCSI_TestUnitReady
<LI><a href="#[101]">&gt;&gt;</a>&nbsp;&nbsp;&nbsp;SCSI_StartStopUnit
<LI><a href="#[ff]">&gt;&gt;</a>&nbsp;&nbsp;&nbsp;SCSI_RequestSense
<LI><a href="#[104]">&gt;&gt;</a>&nbsp;&nbsp;&nbsp;SCSI_ReadFormatCapacity
<LI><a href="#[105]">&gt;&gt;</a>&nbsp;&nbsp;&nbsp;SCSI_ReadCapacity10
<LI><a href="#[106]">&gt;&gt;</a>&nbsp;&nbsp;&nbsp;SCSI_Read10
<LI><a href="#[102]">&gt;&gt;</a>&nbsp;&nbsp;&nbsp;SCSI_ModeSense6
<LI><a href="#[103]">&gt;&gt;</a>&nbsp;&nbsp;&nbsp;SCSI_ModeSense10
<LI><a href="#[100]">&gt;&gt;</a>&nbsp;&nbsp;&nbsp;SCSI_Inquiry
<LI><a href="#[dc]">&gt;&gt;</a>&nbsp;&nbsp;&nbsp;SCSI_SenseCode
</UL>
<BR>[Called By]<UL><LI><a href="#[e2]">&gt;&gt;</a>&nbsp;&nbsp;&nbsp;MSC_BOT_DataOut
<LI><a href="#[e1]">&gt;&gt;</a>&nbsp;&nbsp;&nbsp;MSC_BOT_DataIn
<LI><a href="#[da]">&gt;&gt;</a>&nbsp;&nbsp;&nbsp;MSC_BOT_CBW_Decode
</UL>

<P><STRONG><a name="[dc]"></a>SCSI_SenseCode</STRONG> (Thumb, 50 bytes, Stack size 12 bytes, msc_scsi.o(i.SCSI_SenseCode))
<BR><BR>[Stack]<UL><LI>Max Depth = 12<LI>Call Chain = SCSI_SenseCode
</UL>
<BR>[Called By]<UL><LI><a href="#[107]">&gt;&gt;</a>&nbsp;&nbsp;&nbsp;SCSI_Write10
<LI><a href="#[108]">&gt;&gt;</a>&nbsp;&nbsp;&nbsp;SCSI_Verify10
<LI><a href="#[fe]">&gt;&gt;</a>&nbsp;&nbsp;&nbsp;SCSI_TestUnitReady
<LI><a href="#[104]">&gt;&gt;</a>&nbsp;&nbsp;&nbsp;SCSI_ReadFormatCapacity
<LI><a href="#[105]">&gt;&gt;</a>&nbsp;&nbsp;&nbsp;SCSI_ReadCapacity10
<LI><a href="#[106]">&gt;&gt;</a>&nbsp;&nbsp;&nbsp;SCSI_Read10
<LI><a href="#[10a]">&gt;&gt;</a>&nbsp;&nbsp;&nbsp;SCSI_ProcessWrite
<LI><a href="#[109]">&gt;&gt;</a>&nbsp;&nbsp;&nbsp;SCSI_ProcessRead
<LI><a href="#[fd]">&gt;&gt;</a>&nbsp;&nbsp;&nbsp;SCSI_CheckAddressRange
<LI><a href="#[dd]">&gt;&gt;</a>&nbsp;&nbsp;&nbsp;SCSI_ProcessCmd
<LI><a href="#[da]">&gt;&gt;</a>&nbsp;&nbsp;&nbsp;MSC_BOT_CBW_Decode
</UL>

<P><STRONG><a name="[c7]"></a>SPI_TransmitReceive</STRONG> (Thumb, 64 bytes, Stack size 0 bytes, spi_flash.o(i.SPI_TransmitReceive))
<BR><BR>[Called By]<UL><LI><a href="#[c4]">&gt;&gt;</a>&nbsp;&nbsp;&nbsp;Flash_WriteEnable
<LI><a href="#[c9]">&gt;&gt;</a>&nbsp;&nbsp;&nbsp;Flash_SectorErase
<LI><a href="#[c8]">&gt;&gt;</a>&nbsp;&nbsp;&nbsp;Flash_ReadStatus
<LI><a href="#[bb]">&gt;&gt;</a>&nbsp;&nbsp;&nbsp;Flash_ReadID
<LI><a href="#[be]">&gt;&gt;</a>&nbsp;&nbsp;&nbsp;Flash_ReadData
<LI><a href="#[c3]">&gt;&gt;</a>&nbsp;&nbsp;&nbsp;Flash_PageProgram
</UL>

<P><STRONG><a name="[15f]"></a>Sleep_Deep</STRONG> (Thumb, 82 bytes, Stack size 0 bytes, wkup.o(i.Sleep_Deep))
<BR><BR>[Called By]<UL><LI><a href="#[67]">&gt;&gt;</a>&nbsp;&nbsp;&nbsp;main
</UL>

<P><STRONG><a name="[50]"></a>SystemInit</STRONG> (Thumb, 164 bytes, Stack size 0 bytes, system_fm33lc0xx.o(i.SystemInit))
<BR>[Address Reference Count : 1]<UL><LI> startup_fm33lc0xx.o(.text)
</UL>
<P><STRONG><a name="[12a]"></a>USBD_ClrCfg</STRONG> (Thumb, 30 bytes, Stack size 16 bytes, usbd_core.o(i.USBD_ClrCfg))
<BR><BR>[Stack]<UL><LI>Max Depth = 16<LI>Call Chain = USBD_ClrCfg
</UL>
<BR>[Called By]<UL><LI><a href="#[128]">&gt;&gt;</a>&nbsp;&nbsp;&nbsp;USBD_SetConfig
</UL>

<P><STRONG><a name="[10f]"></a>USBD_CtlContinueRx</STRONG> (Thumb, 26 bytes, Stack size 24 bytes, usbd_ioreq.o(i.USBD_CtlContinueRx))
<BR><BR>[Stack]<UL><LI>Max Depth = 152<LI>Call Chain = USBD_CtlContinueRx &rArr; DCD_EP_PrepareRx &rArr; USB_OTG_EPStartXfer &rArr; USB_OTG_WritePacket
</UL>
<BR>[Calls]<UL><LI><a href="#[93]">&gt;&gt;</a>&nbsp;&nbsp;&nbsp;DCD_EP_PrepareRx
</UL>
<BR>[Called By]<UL><LI><a href="#[6]">&gt;&gt;</a>&nbsp;&nbsp;&nbsp;USBD_DataOutStage
</UL>

<P><STRONG><a name="[110]"></a>USBD_CtlContinueSendData</STRONG> (Thumb, 26 bytes, Stack size 24 bytes, usbd_ioreq.o(i.USBD_CtlContinueSendData))
<BR><BR>[Stack]<UL><LI>Max Depth = 152<LI>Call Chain = USBD_CtlContinueSendData &rArr; DCD_EP_Tx &rArr; USB_OTG_EPStartXfer &rArr; USB_OTG_WritePacket
</UL>
<BR>[Calls]<UL><LI><a href="#[98]">&gt;&gt;</a>&nbsp;&nbsp;&nbsp;DCD_EP_Tx
</UL>
<BR>[Called By]<UL><LI><a href="#[7]">&gt;&gt;</a>&nbsp;&nbsp;&nbsp;USBD_DataInStage
</UL>

<P><STRONG><a name="[10e]"></a>USBD_CtlError</STRONG> (Thumb, 30 bytes, Stack size 16 bytes, usbd_req.o(i.USBD_CtlError))
<BR><BR>[Stack]<UL><LI>Max Depth = 48<LI>Call Chain = USBD_CtlError &rArr; DCD_EP_Stall &rArr; USB_OTG_EPSetStall
</UL>
<BR>[Calls]<UL><LI><a href="#[96]">&gt;&gt;</a>&nbsp;&nbsp;&nbsp;DCD_EP_Stall
<LI><a href="#[9e]">&gt;&gt;</a>&nbsp;&nbsp;&nbsp;USB_OTG_EP0_OutStart
</UL>
<BR>[Called By]<UL><LI><a href="#[12e]">&gt;&gt;</a>&nbsp;&nbsp;&nbsp;USBD_StdItfReq
<LI><a href="#[12f]">&gt;&gt;</a>&nbsp;&nbsp;&nbsp;USBD_StdEPReq
<LI><a href="#[12d]">&gt;&gt;</a>&nbsp;&nbsp;&nbsp;USBD_StdDevReq
<LI><a href="#[1f]">&gt;&gt;</a>&nbsp;&nbsp;&nbsp;USBD_MSC_Setup
<LI><a href="#[128]">&gt;&gt;</a>&nbsp;&nbsp;&nbsp;USBD_SetConfig
<LI><a href="#[126]">&gt;&gt;</a>&nbsp;&nbsp;&nbsp;USBD_SetAddress
<LI><a href="#[116]">&gt;&gt;</a>&nbsp;&nbsp;&nbsp;USBD_GetStatus
<LI><a href="#[115]">&gt;&gt;</a>&nbsp;&nbsp;&nbsp;USBD_GetDescriptor
<LI><a href="#[114]">&gt;&gt;</a>&nbsp;&nbsp;&nbsp;USBD_GetConfig
<LI><a href="#[10c]">&gt;&gt;</a>&nbsp;&nbsp;&nbsp;USBD_ClrFeature
</UL>

<P><STRONG><a name="[111]"></a>USBD_CtlReceiveStatus</STRONG> (Thumb, 34 bytes, Stack size 16 bytes, usbd_ioreq.o(i.USBD_CtlReceiveStatus))
<BR><BR>[Stack]<UL><LI>Max Depth = 144<LI>Call Chain = USBD_CtlReceiveStatus &rArr; DCD_EP_PrepareRx &rArr; USB_OTG_EPStartXfer &rArr; USB_OTG_WritePacket
</UL>
<BR>[Calls]<UL><LI><a href="#[93]">&gt;&gt;</a>&nbsp;&nbsp;&nbsp;DCD_EP_PrepareRx
<LI><a href="#[9e]">&gt;&gt;</a>&nbsp;&nbsp;&nbsp;USB_OTG_EP0_OutStart
</UL>
<BR>[Called By]<UL><LI><a href="#[7]">&gt;&gt;</a>&nbsp;&nbsp;&nbsp;USBD_DataInStage
</UL>

<P><STRONG><a name="[112]"></a>USBD_CtlSendData</STRONG> (Thumb, 40 bytes, Stack size 24 bytes, usbd_ioreq.o(i.USBD_CtlSendData))
[...]
</UL>

<P><STRONG><a name="[128]"></a>USBD_SetConfig</STRONG> (Thumb, 202 bytes, Stack size 16 bytes, usbd_req.o(i.USBD_SetConfig))
<BR><BR>[Stack]<UL><LI>Max Depth = 160<LI>Call Chain = USBD_SetConfig &rArr; USBD_CtlSendStatus &rArr; DCD_EP_Tx &rArr; USB_OTG_EPStartXfer &rArr; USB_OTG_WritePacket
</UL>
<BR>[Calls]<UL><LI><a href="#[10d]">&gt;&gt;</a>&nbsp;&nbsp;&nbsp;USBD_CtlSendStatus
<LI><a href="#[129]">&gt;&gt;</a>&nbsp;&nbsp;&nbsp;USBD_SetCfg
<LI><a href="#[12a]">&gt;&gt;</a>&nbsp;&nbsp;&nbsp;USBD_ClrCfg
<LI><a href="#[10e]">&gt;&gt;</a>&nbsp;&nbsp;&nbsp;USBD_CtlError
</UL>
<BR>[Called By]<UL><LI><a href="#[12d]">&gt;&gt;</a>&nbsp;&nbsp;&nbsp;USBD_StdDevReq
</UL>

<P><STRONG><a name="[12b]"></a>USBD_SetFeature</STRONG> (Thumb, 178 bytes, Stack size 24 bytes, usbd_req.o(i.USBD_SetFeature))
<BR><BR>[Stack]<UL><LI>Max Depth = 168<LI>Call Chain = USBD_SetFeature &rArr; USBD_CtlSendStatus &rArr; DCD_EP_Tx &rArr; USB_OTG_EPStartXfer &rArr; USB_OTG_WritePacket
</UL>
<BR>[Calls]<UL><LI><a href="#[a4]">&gt;&gt;</a>&nbsp;&nbsp;&nbsp;__ARM_common_switch8
<LI><a href="#[10d]">&gt;&gt;</a>&nbsp;&nbsp;&nbsp;USBD_CtlSendStatus
</UL>
<BR>[Called By]<UL><LI><a href="#[12d]">&gt;&gt;</a>&nbsp;&nbsp;&nbsp;USBD_StdDevReq
</UL>

<P><STRONG><a name="[134]"></a>NVIC_DisableIRQ</STRONG> (Thumb, 18 bytes, Stack size 0 bytes, usb_bsp.o(i.NVIC_DisableIRQ))
<BR><BR>[Called By]<UL><LI><a href="#[11c]">&gt;&gt;</a>&nbsp;&nbsp;&nbsp;USB_OTG_BSP_EnableInterrupt
</UL>

<P><STRONG><a name="[135]"></a>NVIC_SetPriority</STRONG> (Thumb, 110 bytes, Stack size 8 bytes, usb_bsp.o(i.NVIC_SetPriority))
<BR><BR>[Stack]<UL><LI>Max Depth = 8<LI>Call Chain = NVIC_SetPriority
</UL>
<BR>[Called By]<UL><LI><a href="#[11c]">&gt;&gt;</a>&nbsp;&nbsp;&nbsp;USB_OTG_BSP_EnableInterrupt
</UL>

<P><STRONG><a name="[133]"></a>USB_Clock_Init</STRONG> (Thumb, 110 bytes, Stack size 8 bytes, usb_bsp.o(i.USB_Clock_Init))
<BR><BR>[Stack]<UL><LI>Max Depth = 64<LI>Call Chain = USB_Clock_Init &rArr; DelayMs &rArr; DelayUs &rArr; __aeabi_uldivmod
</UL>
<BR>[Calls]<UL><LI><a href="#[af]">&gt;&gt;</a>&nbsp;&nbsp;&nbsp;DelayMs
</UL>
<BR>[Called By]<UL><LI><a href="#[11a]">&gt;&gt;</a>&nbsp;&nbsp;&nbsp;USB_OTG_BSP_Init
</UL>

<P><STRONG><a name="[138]"></a>USB_Soft_Connect</STRONG> (Thumb, 24 bytes, Stack size 8 bytes, usb_bsp.o(i.USB_Soft_Connect))
<BR><BR>[Stack]<UL><LI>Max Depth = 8<LI>Call Chain = USB_Soft_Connect
</UL>
<BR>[Called By]<UL><LI><a href="#[11c]">&gt;&gt;</a>&nbsp;&nbsp;&nbsp;USB_OTG_BSP_EnableInterrupt
</UL>

<P><STRONG><a name="[136]"></a>USB_Soft_Disconnect</STRONG> (Thumb, 26 bytes, Stack size 8 bytes, usb_bsp.o(i.USB_Soft_Disconnect))
<BR><BR>[Stack]<UL><LI>Max Depth = 8<LI>Call Chain = USB_Soft_Disconnect
</UL>
<BR>[Called By]<UL><LI><a href="#[11c]">&gt;&gt;</a>&nbsp;&nbsp;&nbsp;USB_OTG_BSP_EnableInterrupt
</UL>

<P><STRONG><a name="[cd]"></a>Get_SerialNum</STRONG> (Thumb, 60 bytes, Stack size 24 bytes, usbd_desc.o(i.Get_SerialNum))
<BR><BR>[Stack]<UL><LI>Max Depth = 36<LI>Call Chain = Get_SerialNum &rArr; IntToUnicode
</UL>
<BR>[Calls]<UL><LI><a href="#[ce]">&gt;&gt;</a>&nbsp;&nbsp;&nbsp;IntToUnicode
</UL>
<BR>[Called By]<UL><LI><a href="#[13]">&gt;&gt;</a>&nbsp;&nbsp;&nbsp;USBD_USR_SerialStrDescriptor
</UL>

<P><STRONG><a name="[ce]"></a>IntToUnicode</STRONG> (Thumb, 54 bytes, Stack size 12 bytes, usbd_desc.o(i.IntToUnicode))
<BR><BR>[Stack]<UL><LI>Max Depth = 12<LI>Call Chain = IntToUnicode
</UL>
<BR>[Called By]<UL><LI><a href="#[cd]">&gt;&gt;</a>&nbsp;&nbsp;&nbsp;Get_SerialNum
</UL>

<P><STRONG><a name="[d9]"></a>MSC_BOT_Abort</STRONG> (Thumb, 66 bytes, Stack size 8 bytes, msc_bot.o(i.MSC_BOT_Abort))
<BR><BR>[Stack]<UL><LI>Max Depth = 136<LI>Call Chain = MSC_BOT_Abort &rArr; DCD_EP_PrepareRx &rArr; USB_OTG_EPStartXfer &rArr; USB_OTG_WritePacket
</UL>
<BR>[Calls]<UL><LI><a href="#[96]">&gt;&gt;</a>&nbsp;&nbsp;&nbsp;DCD_EP_Stall
<LI><a href="#[93]">&gt;&gt;</a>&nbsp;&nbsp;&nbsp;DCD_EP_PrepareRx
</UL>
<BR>[Called By]<UL><LI><a href="#[da]">&gt;&gt;</a>&nbsp;&nbsp;&nbsp;MSC_BOT_CBW_Decode
</UL>

<P><STRONG><a name="[da]"></a>MSC_BOT_CBW_Decode</STRONG> (Thumb, 180 bytes, Stack size 8 bytes, msc_bot.o(i.MSC_BOT_CBW_Decode))
<BR><BR>[Stack]<UL><LI>Max Depth = 208<LI>Call Chain = MSC_BOT_CBW_Decode &rArr; SCSI_ProcessCmd &rArr; SCSI_Write10 &rArr; SCSI_ProcessWrite &rArr; MSC_BOT_SendCSW &rArr; DCD_EP_Tx &rArr; USB_OTG_EPStartXfer &rArr; USB_OTG_WritePacket
</UL>
<BR>[Calls]<UL><LI><a href="#[dc]">&gt;&gt;</a>&nbsp;&nbsp;&nbsp;SCSI_SenseCode
<LI><a href="#[dd]">&gt;&gt;</a>&nbsp;&nbsp;&nbsp;SCSI_ProcessCmd
<LI><a href="#[df]">&gt;&gt;</a>&nbsp;&nbsp;&nbsp;MSC_BOT_SendCSW
<LI><a href="#[de]">&gt;&gt;</a>&nbsp;&nbsp;&nbsp;MSC_BOT_SendData
<LI><a href="#[d9]">&gt;&gt;</a>&nbsp;&nbsp;&nbsp;MSC_BOT_Abort
<LI><a href="#[db]">&gt;&gt;</a>&nbsp;&nbsp;&nbsp;USBD_GetRxCount
</UL>
<BR>[Called By]<UL><LI><a href="#[e2]">&gt;&gt;</a>&nbsp;&nbsp;&nbsp;MSC_BOT_DataOut
</UL>

<P><STRONG><a name="[de]"></a>MSC_BOT_SendData</STRONG> (Thumb, 60 bytes, Stack size 16 bytes, msc_bot.o(i.MSC_BOT_SendData))
<BR><BR>[Stack]<UL><LI>Max Depth = 144<LI>Call Chain = MSC_BOT_SendData &rArr; DCD_EP_Tx &rArr; USB_OTG_EPStartXfer &rArr; USB_OTG_WritePacket
</UL>
<BR>[Calls]<UL><LI><a href="#[98]">&gt;&gt;</a>&nbsp;&nbsp;&nbsp;DCD_EP_Tx
</UL>
<BR>[Called By]<UL><LI><a href="#[da]">&gt;&gt;</a>&nbsp;&nbsp;&nbsp;MSC_BOT_CBW_Decode
</UL>

<P><STRONG><a name="[24]"></a>STORAGE_GetCapacity</STRONG> (Thumb, 30 bytes, Stack size 0 bytes, msc_mem.o(i.STORAGE_GetCapacity))
<BR>[Address Reference Count : 1]<UL><LI> msc_mem.o(.data)
</UL>
<P><STRONG><a name="[29]"></a>STORAGE_GetMaxLun</STRONG> (Thumb, 4 bytes, Stack size 0 bytes, msc_mem.o(i.STORAGE_GetMaxLun))
<BR>[Address Reference Count : 1]<UL><LI> msc_mem.o(.data)
</UL>
<P><STRONG><a name="[23]"></a>STORAGE_Init</STRONG> (Thumb, 12 bytes, Stack size 0 bytes, msc_mem.o(i.STORAGE_Init))
<BR>[Address Reference Count : 1]<UL><LI> msc_mem.o(.data)
</UL>
<P><STRONG><a name="[25]"></a>STORAGE_IsReady</STRONG> (Thumb, 20 bytes, Stack size 0 bytes, msc_mem.o(i.STORAGE_IsReady))
<BR>[Address Reference Count : 1]<UL><LI> msc_mem.o(.data)
</UL>
<P><STRONG><a name="[26]"></a>STORAGE_IsWriteProtected</STRONG> (Thumb, 6 bytes, Stack size 0 bytes, msc_mem.o(i.STORAGE_IsWriteProtected))
<BR>[Address Reference Count : 1]<UL><LI> msc_mem.o(.data)
</UL>
<P><STRONG><a name="[27]"></a>STORAGE_Read</STRONG> (Thumb, 64 bytes, Stack size 24 bytes, msc_mem.o(i.STORAGE_Read))
<BR><BR>[Stack]<UL><LI>Max Depth = 112<LI>Call Chain = STORAGE_Read &rArr; build_sector &rArr; build_root_dir_sector &rArr; make_83_name &rArr; toupper &rArr; __rt_ctype_table
</UL>
<BR>[Calls]<UL><LI><a href="#[10b]">&gt;&gt;</a>&nbsp;&nbsp;&nbsp;build_sector
</UL>
<BR>[Address Reference Count : 1]<UL><LI> msc_mem.o(.data)
</UL>
<P><STRONG><a name="[28]"></a>STORAGE_Write</STRONG> (Thumb, 10 bytes, Stack size 8 bytes, msc_mem.o(i.STORAGE_Write))
<BR><BR>[Stack]<UL><LI>Max Depth = 8<LI>Call Chain = STORAGE_Write
</UL>
<BR>[Address Reference Count : 1]<UL><LI> msc_mem.o(.data)
</UL>
<P><STRONG><a name="[14d]"></a>build_boot_sector</STRONG> (Thumb, 202 bytes, Stack size 8 bytes, msc_mem.o(i.build_boot_sector))
<BR><BR>[Stack]<UL><LI>Max Depth = 32<LI>Call Chain = build_boot_sector &rArr; __aeabi_memcpy
</UL>
<BR>[Calls]<UL><LI><a href="#[14f]">&gt;&gt;</a>&nbsp;&nbsp;&nbsp;le32
<LI><a href="#[14e]">&gt;&gt;</a>&nbsp;&nbsp;&nbsp;le16
<LI><a href="#[7d]">&gt;&gt;</a>&nbsp;&nbsp;&nbsp;__aeabi_memclr
<LI><a href="#[78]">&gt;&gt;</a>&nbsp;&nbsp;&nbsp;__aeabi_memcpy
</UL>
<BR>[Called By]<UL><LI><a href="#[10b]">&gt;&gt;</a>&nbsp;&nbsp;&nbsp;build_sector
</UL>

<P><STRONG><a name="[150]"></a>build_data_sector_cluster2</STRONG> (Thumb, 58 bytes, Stack size 16 bytes, msc_mem.o(i.build_data_sector_cluster2))
<BR><BR>[Stack]<UL><LI>Max Depth = 40<LI>Call Chain = build_data_sector_cluster2 &rArr; __aeabi_memcpy
</UL>
<BR>[Calls]<UL><LI><a href="#[7d]">&gt;&gt;</a>&nbsp;&nbsp;&nbsp;__aeabi_memclr
<LI><a href="#[78]">&gt;&gt;</a>&nbsp;&nbsp;&nbsp;__aeabi_memcpy
</UL>
<BR>[Called By]<UL><LI><a href="#[10b]">&gt;&gt;</a>&nbsp;&nbsp;&nbsp;build_sector
</UL>

<P><STRONG><a name="[151]"></a>build_fat_sector</STRONG> (Thumb, 36 bytes, Stack size 8 bytes, msc_mem.o(i.build_fat_sector))
<BR><BR>[Stack]<UL><LI>Max Depth = 8<LI>Call Chain = build_fat_sector
</UL>
<BR>[Calls]<UL><LI><a href="#[7d]">&gt;&gt;</a>&nbsp;&nbsp;&nbsp;__aeabi_memclr
</UL>
<BR>[Called By]<UL><LI><a href="#[10b]">&gt;&gt;</a>&nbsp;&nbsp;&nbsp;build_sector
</UL>

<P><STRONG><a name="[152]"></a>build_root_dir_sector</STRONG> (Thumb, 94 bytes, Stack size 24 bytes, msc_mem.o(i.build_root_dir_sector))
<BR><BR>[Stack]<UL><LI>Max Depth = 72<LI>Call Chain = build_root_dir_sector &rArr; make_83_name &rArr; toupper &rArr; __rt_ctype_table
</UL>
<BR>[Calls]<UL><LI><a href="#[153]">&gt;&gt;</a>&nbsp;&nbsp;&nbsp;make_83_name
<LI><a href="#[14f]">&gt;&gt;</a>&nbsp;&nbsp;&nbsp;le32
<LI><a href="#[14e]">&gt;&gt;</a>&nbsp;&nbsp;&nbsp;le16
<LI><a href="#[7d]">&gt;&gt;</a>&nbsp;&nbsp;&nbsp;__aeabi_memclr
<LI><a href="#[78]">&gt;&gt;</a>&nbsp;&nbsp;&nbsp;__aeabi_memcpy
</UL>
<BR>[Called By]<UL><LI><a href="#[10b]">&gt;&gt;</a>&nbsp;&nbsp;&nbsp;build_sector
</UL>

<P><STRONG><a name="[10b]"></a>build_sector</STRONG> (Thumb, 70 bytes, Stack size 16 bytes, msc_mem.o(i.build_sector))
<BR><BR>[Stack]<UL><LI>Max Depth = 88<LI>Call Chain = build_sector &rArr; build_root_dir_sector &rArr; make_83_name &rArr; toupper &rArr; __rt_ctype_table
</UL>
<BR>[Calls]<UL><LI><a href="#[152]">&gt;&gt;</a>&nbsp;&nbsp;&nbsp;build_root_dir_sector
<LI><a href="#[151]">&gt;&gt;</a>&nbsp;&nbsp;&nbsp;build_fat_sector
<LI><a href="#[150]">&gt;&gt;</a>&nbsp;&nbsp;&nbsp;build_data_sector_cluster2
<LI><a href="#[14d]">&gt;&gt;</a>&nbsp;&nbsp;&nbsp;build_boot_sector
<LI><a href="#[7d]">&gt;&gt;</a>&nbsp;&nbsp;&nbsp;__aeabi_memclr
</UL>
<BR>[Called By]<UL><LI><a href="#[27]">&gt;&gt;</a>&nbsp;&nbsp;&nbsp;STORAGE_Read
</UL>

<P><STRONG><a name="[15a]"></a>fileentry_valid</STRONG> (Thumb, 62 bytes, Stack size 0 bytes, msc_mem.o(i.fileentry_valid))
<BR><BR>[Called By]<UL><LI><a href="#[e6]">&gt;&gt;</a>&nbsp;&nbsp;&nbsp;load_file_from_flash_to_ram
</UL>

<P><STRONG><a name="[14e]"></a>le16</STRONG> (Thumb, 10 bytes, Stack size 0 bytes, msc_mem.o(i.le16))
<BR><BR>[Called By]<UL><LI><a href="#[152]">&gt;&gt;</a>&nbsp;&nbsp;&nbsp;build_root_dir_sector
<LI><a href="#[14d]">&gt;&gt;</a>&nbsp;&nbsp;&nbsp;build_boot_sector
</UL>

<P><STRONG><a name="[14f]"></a>le32</STRONG> (Thumb, 20 bytes, Stack size 0 bytes, msc_mem.o(i.le32))
<BR><BR>[Called By]<UL><LI><a href="#[152]">&gt;&gt;</a>&nbsp;&nbsp;&nbsp;build_root_dir_sector
<LI><a href="#[14d]">&gt;&gt;</a>&nbsp;&nbsp;&nbsp;build_boot_sector
</UL>

<P><STRONG><a name="[e6]"></a>load_file_from_flash_to_ram</STRONG> (Thumb, 238 bytes, Stack size 312 bytes, msc_mem.o(i.load_file_from_flash_to_ram))
<BR><BR>[Stack]<UL><LI>Max Depth = 440 + Unknown Stack Size
<LI>Call Chain = load_file_from_flash_to_ram &rArr; __2sprintf &rArr; _printf_char_common &rArr; __printf
</UL>
<BR>[Calls]<UL><LI><a href="#[bb]">&gt;&gt;</a>&nbsp;&nbsp;&nbsp;Flash_ReadID
<LI><a href="#[be]">&gt;&gt;</a>&nbsp;&nbsp;&nbsp;Flash_ReadData
<LI><a href="#[ba]">&gt;&gt;</a>&nbsp;&nbsp;&nbsp;Flash_CheckID
<LI><a href="#[159]">&gt;&gt;</a>&nbsp;&nbsp;&nbsp;set_default_file_to_ram
<LI><a href="#[15a]">&gt;&gt;</a>&nbsp;&nbsp;&nbsp;fileentry_valid
<LI><a href="#[7f]">&gt;&gt;</a>&nbsp;&nbsp;&nbsp;strncpy
<LI><a href="#[7d]">&gt;&gt;</a>&nbsp;&nbsp;&nbsp;__aeabi_memclr
<LI><a href="#[78]">&gt;&gt;</a>&nbsp;&nbsp;&nbsp;__aeabi_memcpy
<LI><a href="#[6f]">&gt;&gt;</a>&nbsp;&nbsp;&nbsp;__2sprintf
</UL>
<BR>[Called By]<UL><LI><a href="#[e5]">&gt;&gt;</a>&nbsp;&nbsp;&nbsp;MSC_PrepareImage
</UL>

<P><STRONG><a name="[153]"></a>make_83_name</STRONG> (Thumb, 152 bytes, Stack size 32 bytes, msc_mem.o(i.make_83_name))
<BR><BR>[Stack]<UL><LI>Max Depth = 48<LI>Call Chain = make_83_name &rArr; toupper &rArr; __rt_ctype_table
</UL>
<BR>[Calls]<UL><LI><a href="#[c2]">&gt;&gt;</a>&nbsp;&nbsp;&nbsp;strlen
<LI><a href="#[6d]">&gt;&gt;</a>&nbsp;&nbsp;&nbsp;toupper
</UL>
<BR>[Called By]<UL><LI><a href="#[152]">&gt;&gt;</a>&nbsp;&nbsp;&nbsp;build_root_dir_sector
</UL>

<P><STRONG><a name="[159]"></a>set_default_file_to_ram</STRONG> (Thumb, 48 bytes, Stack size 8 bytes, msc_mem.o(i.set_default_file_to_ram))
<BR><BR>[Stack]<UL><LI>Max Depth = 32<LI>Call Chain = set_default_file_to_ram &rArr; strncpy
</UL>
<BR>[Calls]<UL><LI><a href="#[7f]">&gt;&gt;</a>&nbsp;&nbsp;&nbsp;strncpy
<LI><a href="#[7d]">&gt;&gt;</a>&nbsp;&nbsp;&nbsp;__aeabi_memclr
<LI><a href="#[78]">&gt;&gt;</a>&nbsp;&nbsp;&nbsp;__aeabi_memcpy
</UL>
<BR>[Called By]<UL><LI><a href="#[e6]">&gt;&gt;</a>&nbsp;&nbsp;&nbsp;load_file_from_flash_to_ram
</UL>

<P><STRONG><a name="[fd]"></a>SCSI_CheckAddressRange</STRONG> (Thumb, 38 bytes, Stack size 16 bytes, msc_scsi.o(i.SCSI_CheckAddressRange))
<BR><BR>[Stack]<UL><LI>Max Depth = 28<LI>Call Chain = SCSI_CheckAddressRange &rArr; SCSI_SenseCode
</UL>
<BR>[Calls]<UL><LI><a href="#[dc]">&gt;&gt;</a>&nbsp;&nbsp;&nbsp;SCSI_SenseCode
</UL>
<BR>[Called By]<UL><LI><a href="#[107]">&gt;&gt;</a>&nbsp;&nbsp;&nbsp;SCSI_Write10
<LI><a href="#[108]">&gt;&gt;</a>&nbsp;&nbsp;&nbsp;SCSI_Verify10
<LI><a href="#[106]">&gt;&gt;</a>&nbsp;&nbsp;&nbsp;SCSI_Read10
</UL>

<P><STRONG><a name="[100]"></a>SCSI_Inquiry</STRONG> (Thumb, 70 bytes, Stack size 12 bytes, msc_scsi.o(i.SCSI_Inquiry))
<BR><BR>[Stack]<UL><LI>Max Depth = 12<LI>Call Chain = SCSI_Inquiry
</UL>
<BR>[Called By]<UL><LI><a href="#[dd]">&gt;&gt;</a>&nbsp;&nbsp;&nbsp;SCSI_ProcessCmd
</UL>

<P><STRONG><a name="[103]"></a>SCSI_ModeSense10</STRONG> (Thumb, 34 bytes, Stack size 8 bytes, msc_scsi.o(i.SCSI_ModeSense10))
<BR><BR>[Stack]<UL><LI>Max Depth = 8<LI>Call Chain = SCSI_ModeSense10
</UL>
<BR>[Called By]<UL><LI><a href="#[dd]">&gt;&gt;</a>&nbsp;&nbsp;&nbsp;SCSI_ProcessCmd
</UL>

<P><STRONG><a name="[102]"></a>SCSI_ModeSense6</STRONG> (Thumb, 34 bytes, Stack size 8 bytes, msc_scsi.o(i.SCSI_ModeSense6))
<BR><BR>[Stack]<UL><LI>Max Depth = 8<LI>Call Chain = SCSI_ModeSense6
</UL>
<BR>[Called By]<UL><LI><a href="#[dd]">&gt;&gt;</a>&nbsp;&nbsp;&nbsp;SCSI_ProcessCmd
</UL>

<P><STRONG><a name="[109]"></a>SCSI_ProcessRead</STRONG> (Thumb, 152 bytes, Stack size 24 bytes, msc_scsi.o(i.SCSI_ProcessRead))
<BR><BR>[Stack]<UL><LI>Max Depth = 152<LI>Call Chain = SCSI_ProcessRead &rArr; DCD_EP_Tx &rArr; USB_OTG_EPStartXfer &rArr; USB_OTG_WritePacket
</UL>
<BR>[Calls]<UL><LI><a href="#[98]">&gt;&gt;</a>&nbsp;&nbsp;&nbsp;DCD_EP_Tx
<LI><a href="#[dc]">&gt;&gt;</a>&nbsp;&nbsp;&nbsp;SCSI_SenseCode
<LI><a href="#[fc]">&gt;&gt;</a>&nbsp;&nbsp;&nbsp;__aeabi_uidivmod
</UL>
<BR>[Called By]<UL><LI><a href="#[106]">&gt;&gt;</a>&nbsp;&nbsp;&nbsp;SCSI_Read10
</UL>

<P><STRONG><a name="[10a]"></a>SCSI_ProcessWrite</STRONG> (Thumb, 180 bytes, Stack size 24 bytes, msc_scsi.o(i.SCSI_ProcessWrite))
<BR><BR>[Stack]<UL><LI>Max Depth = 168<LI>Call Chain = SCSI_ProcessWrite &rArr; MSC_BOT_SendCSW &rArr; DCD_EP_Tx &rArr; USB_OTG_EPStartXfer &rArr; USB_OTG_WritePacket
</UL>
<BR>[Calls]<UL><LI><a href="#[93]">&gt;&gt;</a>&nbsp;&nbsp;&nbsp;DCD_EP_PrepareRx
<LI><a href="#[dc]">&gt;&gt;</a>&nbsp;&nbsp;&nbsp;SCSI_SenseCode
<LI><a href="#[df]">&gt;&gt;</a>&nbsp;&nbsp;&nbsp;MSC_BOT_SendCSW
<LI><a href="#[fc]">&gt;&gt;</a>&nbsp;&nbsp;&nbsp;__aeabi_uidivmod
</UL>
<BR>[Called By]<UL><LI><a href="#[107]">&gt;&gt;</a>&nbsp;&nbsp;&nbsp;SCSI_Write10
</UL>

<P><STRONG><a name="[106]"></a>SCSI_Read10</STRONG> (Thumb, 214 bytes, Stack size 16 bytes, msc_scsi.o(i.SCSI_Read10))
<BR><BR>[Stack]<UL><LI>Max Depth = 168<LI>Call Chain = SCSI_Read10 &rArr; SCSI_ProcessRead &rArr; DCD_EP_Tx &rArr; USB_OTG_EPStartXfer &rArr; USB_OTG_WritePacket
</UL>
<BR>[Calls]<UL><LI><a href="#[109]">&gt;&gt;</a>&nbsp;&nbsp;&nbsp;SCSI_ProcessRead
<LI><a href="#[fd]">&gt;&gt;</a>&nbsp;&nbsp;&nbsp;SCSI_CheckAddressRange
<LI><a href="#[dc]">&gt;&gt;</a>&nbsp;&nbsp;&nbsp;SCSI_SenseCode
</UL>
<BR>[Called By]<UL><LI><a href="#[dd]">&gt;&gt;</a>&nbsp;&nbsp;&nbsp;SCSI_ProcessCmd
</UL>

<P><STRONG><a name="[105]"></a>SCSI_ReadCapacity10</STRONG> (Thumb, 128 bytes, Stack size 16 bytes, msc_scsi.o(i.SCSI_ReadCapacity10))
<BR><BR>[Stack]<UL><LI>Max Depth = 28<LI>Call Chain = SCSI_ReadCapacity10 &rArr; SCSI_SenseCode
</UL>
<BR>[Calls]<UL><LI><a href="#[dc]">&gt;&gt;</a>&nbsp;&nbsp;&nbsp;SCSI_SenseCode
</UL>
<BR>[Called By]<UL><LI><a href="#[dd]">&gt;&gt;</a>&nbsp;&nbsp;&nbsp;SCSI_ProcessCmd
</UL>

<P><STRONG><a name="[104]"></a>SCSI_ReadFormatCapacity</STRONG> (Thumb, 132 bytes, Stack size 24 bytes, msc_scsi.o(i.SCSI_ReadFormatCapacity))
<BR><BR>[Stack]<UL><LI>Max Depth = 36<LI>Call Chain = SCSI_ReadFormatCapacity &rArr; SCSI_SenseCode
</UL>
<BR>[Calls]<UL><LI><a href="#[dc]">&gt;&gt;</a>&nbsp;&nbsp;&nbsp;SCSI_SenseCode
</UL>
<BR>[Called By]<UL><LI><a href="#[dd]">&gt;&gt;</a>&nbsp;&nbsp;&nbsp;SCSI_ProcessCmd
</UL>

<P><STRONG><a name="[ff]"></a>SCSI_RequestSense</STRONG> (Thumb, 132 bytes, Stack size 8 bytes, msc_scsi.o(i.SCSI_RequestSense))
<BR><BR>[Stack]<UL><LI>Max Depth = 8<LI>Call Chain = SCSI_RequestSense
</UL>
<BR>[Called By]<UL><LI><a href="#[dd]">&gt;&gt;</a>&nbsp;&nbsp;&nbsp;SCSI_ProcessCmd
</UL>

<P><STRONG><a name="[101]"></a>SCSI_StartStopUnit</STRONG> (Thumb, 10 bytes, Stack size 0 bytes, msc_scsi.o(i.SCSI_StartStopUnit))
<BR><BR>[Called By]<UL><LI><a href="#[dd]">&gt;&gt;</a>&nbsp;&nbsp;&nbsp;SCSI_ProcessCmd
</UL>

<P><STRONG><a name="[fe]"></a>SCSI_TestUnitReady</STRONG> (Thumb, 72 bytes, Stack size 16 bytes, msc_scsi.o(i.SCSI_TestUnitReady))
<BR><BR>[Stack]<UL><LI>Max Depth = 28<LI>Call Chain = SCSI_TestUnitReady &rArr; SCSI_SenseCode
</UL>
<BR>[Calls]<UL><LI><a href="#[dc]">&gt;&gt;</a>&nbsp;&nbsp;&nbsp;SCSI_SenseCode
</UL>
<BR>[Called By]<UL><LI><a href="#[dd]">&gt;&gt;</a>&nbsp;&nbsp;&nbsp;SCSI_ProcessCmd
</UL>

<P><STRONG><a name="[108]"></a>SCSI_Verify10</STRONG> (Thumb, 104 bytes, Stack size 16 bytes, msc_scsi.o(i.SCSI_Verify10))
<BR><BR>[Stack]<UL><LI>Max Depth = 44<LI>Call Chain = SCSI_Verify10 &rArr; SCSI_CheckAddressRange &rArr; SCSI_SenseCode
</UL>
<BR>[Calls]<UL><LI><a href="#[fd]">&gt;&gt;</a>&nbsp;&nbsp;&nbsp;SCSI_CheckAddressRange
<LI><a href="#[dc]">&gt;&gt;</a>&nbsp;&nbsp;&nbsp;SCSI_SenseCode
</UL>
<BR>[Called By]<UL><LI><a href="#[dd]">&gt;&gt;</a>&nbsp;&nbsp;&nbsp;SCSI_ProcessCmd
</UL>

<P><STRONG><a name="[107]"></a>SCSI_Write10</STRONG> (Thumb, 280 bytes, Stack size 16 bytes, msc_scsi.o(i.SCSI_Write10))
<BR><BR>[Stack]<UL><LI>Max Depth = 184<LI>Call Chain = SCSI_Write10 &rArr; SCSI_ProcessWrite &rArr; MSC_BOT_SendCSW &rArr; DCD_EP_Tx &rArr; USB_OTG_EPStartXfer &rArr; USB_OTG_WritePacket
</UL>
<BR>[Calls]<UL><LI><a href="#[93]">&gt;&gt;</a>&nbsp;&nbsp;&nbsp;DCD_EP_PrepareRx
<LI><a href="#[10a]">&gt;&gt;</a>&nbsp;&nbsp;&nbsp;SCSI_ProcessWrite
<LI><a href="#[fd]">&gt;&gt;</a>&nbsp;&nbsp;&nbsp;SCSI_CheckAddressRange
<LI><a href="#[dc]">&gt;&gt;</a>&nbsp;&nbsp;&nbsp;SCSI_SenseCode
</UL>
<BR>[Called By]<UL><LI><a href="#[dd]">&gt;&gt;</a>&nbsp;&nbsp;&nbsp;SCSI_ProcessCmd
</UL>

<P><STRONG><a name="[54]"></a>_printf_input_char</STRONG> (Thumb, 10 bytes, Stack size 0 bytes, _printf_char_common.o(.text))
<BR>[Address Reference Count : 1]<UL><LI> _printf_char_common.o(.text)
</UL><P>
<H3>
Undefined Global Symbols
</H3>
<P><STRONG><a name="[85]"></a>_call_atexit_fns</STRONG> (ARM, 0 bytes, Stack size 0 bytes, UNDEFINED)
<BR><BR>[Called By]<UL><LI><a href="#[68]">&gt;&gt;</a>&nbsp;&nbsp;&nbsp;exit
</UL>

<P><STRONG><a name="[71]"></a>_printf_truncate_signed</STRONG> (ARM, 0 bytes, Stack size 0 bytes, UNDEFINED)
<BR><BR>[Called By]<UL><LI><a href="#[5b]">&gt;&gt;</a>&nbsp;&nbsp;&nbsp;_printf_int_dec
</UL>

<P><STRONG><a name="[72]"></a>_printf_truncate_unsigned</STRONG> (ARM, 0 bytes, Stack size 0 bytes, UNDEFINED)
<BR><BR>[Called By]<UL><LI><a href="#[5e]">&gt;&gt;</a>&nbsp;&nbsp;&nbsp;_printf_int_hex
<LI><a href="#[5b]">&gt;&gt;</a>&nbsp;&nbsp;&nbsp;_printf_int_dec
</UL>
<HR></body></html>
