<html>
<body>
<pre>
<h1>µVision Build Log</h1>
<h2>Tool Versions:</h2>
IDE-Version: µVision V5.36.0.0
Copyright (C) 2021 ARM Ltd and ARM Germany GmbH. All rights reserved.
License Information: vlad udmurt, abcdefg, LIC=----
 
Tool Versions:
Toolchain:       MDK-Lite  Version: 5.36.0.0
Toolchain Path:  C:\Keil_v5\ARM\ARMCC\Bin
C Compiler:      Armcc.exe V5.06 update 7 (build 960)
Assembler:       Armasm.exe V5.06 update 7 (build 960)
Linker/Locator:  ArmLink.exe V5.06 update 7 (build 960)
Library Manager: ArmAr.exe V5.06 update 7 (build 960)
Hex Converter:   FromElf.exe V5.06 update 7 (build 960)
CPU DLL:         SARMCM3.DLL V5.36.0.0
Dialog DLL:      DARMCM1.DLL V1.19.4.0
Target DLL:      STLink\ST-LINKIII-KEIL_SWO.dll V3.0.9.0
Dialog DLL:      TARMCM1.DLL V1.14.4.0
 
<h2>Project:</h2>
C:\MicP\USB MSC\MDK-ARM\FM33LC0XX_Tester.uvprojx
Project File Date:  12/18/2025

<h2>Output:</h2>
*** Using Compiler 'V5.06 update 7 (build 960)', folder: 'C:\Keil_v5\ARM\ARMCC\Bin'
Rebuild target 'Example'
assembling startup_fm33lc0xx.s...
compiling mf_config.c...
compiling nst112.c...
compiling system_fm33lc0xx.c...
compiling user_init.c...
..\Src\user_init.c(65): warning:  #177-D: variable "count"  was declared but never referenced
      uint8_t count = 5;
..\Src\user_init.c: 1 warning, 0 errors
compiling main.c...
compiling fm33lc0xx_ll_adc.c...
compiling usb.c...
compiling wkup.c...
compiling spi_flash.c...
compiling fm33lc0xx_ll_aes.c...
compiling fm33lc0xx_ll_comp.c...
compiling fm33lc0xx_ll_bstim.c...
compiling fm33lc0xx_ll_crc.c...
compiling fm33lc0xx_ll_dma.c...
compiling fm33lc0xx_ll_atim.c...
compiling fm33lc0xx_ll_flash.c...
compiling fm33lc0xx_ll_gpio.c...
compiling fm33lc0xx_ll_hdiv.c...
compiling fm33lc0xx_ll_iwdt.c...
compiling fm33lc0xx_ll_i2c.c...
compiling fm33lc0xx_ll_lcd.c...
compiling fm33lc0xx_ll_gptim.c...
compiling fm33lc0xx_ll_lptim.c...
compiling fm33lc0xx_ll_lpuart.c...
compiling fm33lc0xx_ll_opa.c...
compiling fm33lc0xx_ll_pmu.c...
compiling fm33lc0xx_ll_rng.c...
compiling fm33lc0xx_ll_rtc.c...
compiling fm33lc0xx_ll_rcc.c...
compiling fm33lc0xx_ll_spi.c...
compiling fm33lc0xx_ll_svd.c...
compiling fm33lc0xx_ll_wwdt.c...
compiling fm33lc0xx_ll_u7816.c...
compiling usb_dcd.c...
compiling fm33lc0xx_ll_uart.c...
compiling usb_dcd_int.c...
compiling usb_core.c...
compiling usbd_ioreq.c...
compiling usbd_core.c...
compiling usbd_usr.c...
compiling usbd_desc.c...
compiling usbd_req.c...
compiling msc_bot.c...
compiling msc_data.c...
compiling msc_core.c...
compiling msc_scsi.c...
compiling usb_bsp.c...
compiling msc_mem.c...
..\Middleware\USB\App\src\msc_mem.c(42): warning:  #550-D: variable "g_prepared"  was set but never used
  static uint8_t g_prepared = 0u;
..\Middleware\USB\App\src\msc_mem.c: 1 warning, 0 errors
linking...
Program Size: Code=24892 RO-data=588 RW-data=404 ZI-data=6596  
FromELF: creating hex file...
".\Objects\FM33LC0xx_Tester.axf" - 0 Error(s), 2 Warning(s).

<h2>Software Packages used:</h2>

Package Vendor: FMSH
                http://www.fmdevelopers.com.cn/FMSH.FM33LC0XX_DFP.3.0.2.pack
                FMSH.FM33LC0XX_DFP.3.0.2
                FMSH ARM Cortex-M0 Device Family Pack

<h2>Collection of Component include folders:</h2>
  C:\Users\user\AppData\Local\Arm\Packs\FMSH\FM33LC0XX_DFP\3.0.2\Device\Include

<h2>Collection of Component Files used:</h2>
Build Time Elapsed:  00:00:07
</pre>
</body>
</html>
